TASK_START|gpu=3|source=AT1|target=FR2|seed=3|run=AT1_to_FR2_seed3
DATE_START|2026-07-27T10:40:24+08:00
GIT_HEAD|fc59a2e8f2510dfcbc38396b330ad7d7ebdda17a
Namespace(data_root='/data/user/dataset/timematch_data', num_blocks=100, source='austria/33UVP/2017', target='france/30TXT/2017', num_folds=1, val_ratio=0.1, test_ratio=0.2, sample_pixels_val=True, output_dir='outputs/structure_da_full_3seeds_v1/AT1_to_FR2_seed3', experiment_name='AT1_to_FR2_seed3', num_workers=8, seed=3, device='cuda', log_step=10, eval=False, overall=False, combine_spring_and_winter=False, closed_set=True, progress_bar='auto', epochs=100, batch_size=128, lr=0.001, weight_decay=0.0001, num_pixels=64, input_dim=10, with_extra=False, tensorboard_log_dir='runs/structure_da_full_3seeds_v1/AT1_to_FR2_seed3', steps_per_epoch=None, quality_warmup_steps=None, grl_warmup_steps=None, grl_gamma=10.0, lambda_qdom=1.0, lambda_qcls=1.0, lambda_div=1.0, lambda_sda=1.0, time_scale=365.0, tau_fast_init=0.05, tau_slow_init=0.2, tau_min=0.0001, delta_tau_min=0.0001, quality_hidden_cap=128, quality_eta=0.1, sda_hidden_dim=128, model='structure_da')
CLOSED_SET_PROTOCOL|source=austria/33UVP/2017|target=france/30TXT/2017|num_classes=10|classes=corn,horsebeans,meadow,spring_barley,spring_oat,winter_barley,winter_rapeseed,winter_rye,winter_triticale,winter_wheat
Starting fold 0...
CLOSED_SET_COUNTS|source_total=43809|target_total=104138|source_train=30668|source_val=4380|source_test=8761|target_train=72898|target_val=10413|target_test=20827
evaluation dataset: austria/33UVP/2017
val target data: 4380 (35 batches)
test taget data: 8761 (691 batches)
evaluation dataset: france/30TXT/2017
val target data: 10413 (82 batches)
test taget data: 20827 (1364 batches)
StructureDAModel(
  (spatial_encoder): PixelSetEncoder(
    (mlp1): Sequential(
      (0): LinearLayer(
        (linear): Linear(in_features=10, out_features=32, bias=False)
        (norm): BatchNorm1d(32, eps=1e-05, momentum=0.1, affine=True, track_running_stats=True)
        (activation): ReLU()
      )
      (1): LinearLayer(
        (linear): Linear(in_features=32, out_features=64, bias=False)
        (norm): BatchNorm1d(64, eps=1e-05, momentum=0.1, affine=True, track_running_stats=True)
        (activation): ReLU()
      )
    )
    (mlp2): Sequential(
      (0): LinearLayer(
        (linear): Linear(in_features=128, out_features=128, bias=False)
        (norm): BatchNorm1d(128, eps=1e-05, momentum=0.1, affine=True, track_running_stats=True)
        (activation): ReLU()
      )
    )
  )
  (component_classifier): ComponentStructureClassifier(
    (decomposition): SymmetricTimeKernelDecomposition()
    (temporal_operator): TemporalRelationOperator()
    (channel_operator): ChannelRelationOperator()
    (trend_temporal_quality): StructuralQualityPerception(
      (transferability): TransferabilityScorer(
        (normalization): LayerNorm((512,), eps=1e-05, elementwise_affine=True)
        (hidden): Linear(in_features=512, out_features=128, bias=True)
        (activation): ReLU()
        (domain_head): Linear(in_features=128, out_features=2, bias=True)
      )
      (discriminability): DiscriminabilityScorer(
        (normalization): LayerNorm((512,), eps=1e-05, elementwise_affine=True)
        (class_head): Linear(in_features=512, out_features=10, bias=True)
      )
    )
    (dynamics_temporal_quality): StructuralQualityPerception(
      (transferability): TransferabilityScorer(
        (normalization): LayerNorm((512,), eps=1e-05, elementwise_affine=True)
        (hidden): Linear(in_features=512, out_features=128, bias=True)
        (activation): ReLU()
        (domain_head): Linear(in_features=128, out_features=2, bias=True)
      )
      (discriminability): DiscriminabilityScorer(
        (normalization): LayerNorm((512,), eps=1e-05, elementwise_affine=True)
        (class_head): Linear(in_features=512, out_features=10, bias=True)
      )
    )
    (dynamics_channel_quality): StructuralQualityPerception(
      (transferability): TransferabilityScorer(
        (normalization): LayerNorm((8128,), eps=1e-05, elementwise_affine=True)
        (hidden): Linear(in_features=8128, out_features=128, bias=True)
        (activation): ReLU()
        (domain_head): Linear(in_features=128, out_features=2, bias=True)
      )
      (discriminability): DiscriminabilityScorer(
        (normalization): LayerNorm((8128,), eps=1e-05, elementwise_affine=True)
        (class_head): Linear(in_features=8128, out_features=10, bias=True)
      )
    )
    (content_norm): LayerNorm((128,), eps=1e-05, elementwise_affine=False)
    (temporal_norm): LayerNorm((256,), eps=1e-05, elementwise_affine=False)
    (channel_norm): LayerNorm((128,), eps=1e-05, elementwise_affine=False)
    (shared_ltae): LTAE(
      (inconv): LinearLayer(
        (linear): Linear(in_features=512, out_features=256, bias=False)
        (norm): BatchNorm1d(256, eps=1e-05, momentum=0.1, affine=True, track_running_stats=True)
        (activation): ReLU()
      )
      (positional_enc): Embedding(565, 256)
      (attention_heads): MultiHeadAttention(
        (key): Linear(in_features=256, out_features=128, bias=True)
        (dropout): Dropout(p=0.1, inplace=False)
        (softmax): Softmax(dim=-1)
      )
      (mlp): Sequential(
        (0): LinearLayer(
          (linear): Linear(in_features=256, out_features=128, bias=False)
          (norm): BatchNorm1d(128, eps=1e-05, momentum=0.1, affine=True, track_running_stats=True)
          (activation): ReLU()
        )
      )
      (dropout): Dropout(p=0.2, inplace=False)
    )
    (trend_component_quality): ComponentQualityPerception(
      (transferability): TransferabilityScorer(
        (normalization): LayerNorm((128,), eps=1e-05, elementwise_affine=True)
        (hidden): Linear(in_features=128, out_features=128, bias=True)
        (activation): ReLU()
        (domain_head): Linear(in_features=128, out_features=2, bias=True)
      )
      (discriminability): DiscriminabilityScorer(
        (normalization): LayerNorm((128,), eps=1e-05, elementwise_affine=True)
        (class_head): Linear(in_features=128, out_features=10, bias=True)
      )
      (diversity): DiversityScorer(
        (normalization): LayerNorm((128,), eps=1e-05, elementwise_affine=True)
        (diversity_head): Linear(in_features=128, out_features=1, bias=True)
        (activation): Sigmoid()
      )
    )
    (dynamics_component_quality): ComponentQualityPerception(
      (transferability): TransferabilityScorer(
        (normalization): LayerNorm((128,), eps=1e-05, elementwise_affine=True)
        (hidden): Linear(in_features=128, out_features=128, bias=True)
        (activation): ReLU()
        (domain_head): Linear(in_features=128, out_features=2, bias=True)
      )
      (discriminability): DiscriminabilityScorer(
        (normalization): LayerNorm((128,), eps=1e-05, elementwise_affine=True)
        (class_head): Linear(in_features=128, out_features=10, bias=True)
      )
      (diversity): DiversityScorer(
        (normalization): LayerNorm((128,), eps=1e-05, elementwise_affine=True)
        (diversity_head): Linear(in_features=128, out_features=1, bias=True)
        (activation): Sigmoid()
      )
    )
    (residual_component_quality): ComponentQualityPerception(
      (transferability): TransferabilityScorer(
        (normalization): LayerNorm((128,), eps=1e-05, elementwise_affine=True)
        (hidden): Linear(in_features=128, out_features=128, bias=True)
        (activation): ReLU()
        (domain_head): Linear(in_features=128, out_features=2, bias=True)
      )
      (discriminability): DiscriminabilityScorer(
        (normalization): LayerNorm((128,), eps=1e-05, elementwise_affine=True)
        (class_head): Linear(in_features=128, out_features=10, bias=True)
      )
      (diversity): DiversityScorer(
        (normalization): LayerNorm((128,), eps=1e-05, elementwise_affine=True)
        (diversity_head): Linear(in_features=128, out_features=1, bias=True)
        (activation): Sigmoid()
      )
    )
    (component_embedding_norm): LayerNorm((128,), eps=1e-05, elementwise_affine=False)
    (classifier): Sequential(
      (0): LinearLayer(
        (linear): Linear(in_features=384, out_features=64, bias=False)
        (norm): BatchNorm1d(64, eps=1e-05, momentum=0.1, affine=True, track_running_stats=True)
        (activation): ReLU()
      )
      (1): LinearLayer(
        (linear): Linear(in_features=64, out_features=32, bias=False)
        (norm): BatchNorm1d(32, eps=1e-05, momentum=0.1, affine=True, track_running_stats=True)
        (activation): ReLU()
      )
      (2): Linear(in_features=32, out_features=10, bias=True)
    )
  )
  (joint_builder): JointStructuralSpaceBuilder(
    (trend_temporal_norm): LayerNorm((512,), eps=1e-05, elementwise_affine=False)
    (dynamics_temporal_norm): LayerNorm((512,), eps=1e-05, elementwise_affine=False)
    (dynamics_channel_norm): LayerNorm((8128,), eps=1e-05, elementwise_affine=False)
  )
  (adversarial_adapter): StructuralAdversarialAdapter(
    (discriminator): SDADiscriminator(
      (hidden): Linear(in_features=9152, out_features=128, bias=True)
      (activation): ReLU()
      (output): Linear(in_features=128, out_features=1, bias=True)
    )
  )
)
Number of trainable parameters: 2773336
TRAIN_EPOCH|epoch=1/100|steps=569|total=4.2175|cls=0.3488|qdom=4.5136|qcls=4.9779|div=-6.4065|sda=0.7837|rho=0.998|grl=1.000|lr=1.00e-03
Validation result: loss=0.1944, acc=0.93, f1=0.6590
Validation F1 improved from -inf to 0.6590!
Saving best model to outputs/structure_da_full_3seeds_v1/AT1_to_FR2_seed3/fold_0/model.pt
TRAIN_EPOCH|epoch=2/100|steps=569|total=2.0262|cls=0.1842|qdom=4.4822|qcls=4.4512|div=-8.2804|sda=1.1889|rho=1.000|grl=1.000|lr=9.99e-04
Validation result: loss=0.1833, acc=0.94, f1=0.6812
Validation F1 improved from 0.6590 to 0.6812!
Saving best model to outputs/structure_da_full_3seeds_v1/AT1_to_FR2_seed3/fold_0/model.pt
TRAIN_EPOCH|epoch=3/100|steps=569|total=1.6972|cls=0.1649|qdom=4.3021|qcls=4.3205|div=-8.3279|sda=1.2377|rho=1.000|grl=1.000|lr=9.98e-04
Validation result: loss=0.2250, acc=0.93, f1=0.6942
Validation F1 improved from 0.6812 to 0.6942!
Saving best model to outputs/structure_da_full_3seeds_v1/AT1_to_FR2_seed3/fold_0/model.pt
TRAIN_EPOCH|epoch=4/100|steps=569|total=1.7375|cls=0.1604|qdom=4.3577|qcls=4.3661|div=-8.3923|sda=1.2455|rho=1.000|grl=1.000|lr=9.96e-04
Validation result: loss=0.1622, acc=0.95, f1=0.7330
Validation F1 improved from 0.6942 to 0.7330!
Saving best model to outputs/structure_da_full_3seeds_v1/AT1_to_FR2_seed3/fold_0/model.pt
TRAIN_EPOCH|epoch=5/100|steps=569|total=0.8032|cls=0.1397|qdom=3.8817|qcls=3.9069|div=-8.3603|sda=1.2352|rho=1.000|grl=1.000|lr=9.94e-04
Validation result: loss=0.1525, acc=0.95, f1=0.7606
Validation F1 improved from 0.7330 to 0.7606!
Saving best model to outputs/structure_da_full_3seeds_v1/AT1_to_FR2_seed3/fold_0/model.pt
TRAIN_EPOCH|epoch=6/100|steps=569|total=1.2491|cls=0.1387|qdom=4.1830|qcls=4.0601|div=-8.3800|sda=1.2473|rho=1.000|grl=1.000|lr=9.91e-04
Validation result: loss=0.2127, acc=0.94, f1=0.7163
Validation F1 did not improve from 0.7606.
TRAIN_EPOCH|epoch=7/100|steps=569|total=0.9297|cls=0.1369|qdom=3.9233|qcls=3.9908|div=-8.3901|sda=1.2689|rho=1.000|grl=1.000|lr=9.88e-04
Validation result: loss=0.1770, acc=0.95, f1=0.7614
Validation F1 improved from 0.7606 to 0.7614!
Saving best model to outputs/structure_da_full_3seeds_v1/AT1_to_FR2_seed3/fold_0/model.pt
TRAIN_EPOCH|epoch=8/100|steps=569|total=1.4346|cls=0.1398|qdom=4.1120|qcls=4.3093|div=-8.3856|sda=1.2590|rho=1.000|grl=1.000|lr=9.84e-04
Validation result: loss=0.1356, acc=0.96, f1=0.7928
Validation F1 improved from 0.7614 to 0.7928!
Saving best model to outputs/structure_da_full_3seeds_v1/AT1_to_FR2_seed3/fold_0/model.pt
TRAIN_EPOCH|epoch=9/100|steps=569|total=0.2587|cls=0.1149|qdom=3.3095|qcls=3.9026|div=-8.3866|sda=1.3184|rho=1.000|grl=1.000|lr=9.80e-04
Validation result: loss=0.1315, acc=0.96, f1=0.8053
Validation F1 improved from 0.7928 to 0.8053!
Saving best model to outputs/structure_da_full_3seeds_v1/AT1_to_FR2_seed3/fold_0/model.pt
TRAIN_EPOCH|epoch=10/100|steps=569|total=-0.0984|cls=0.1039|qdom=3.2771|qcls=3.5964|div=-8.3942|sda=1.3184|rho=1.000|grl=1.000|lr=9.76e-04
Validation result: loss=0.1662, acc=0.95, f1=0.7864
Validation F1 did not improve from 0.8053.
TRAIN_EPOCH|epoch=11/100|steps=569|total=0.2131|cls=0.1054|qdom=3.4395|qcls=3.7649|div=-8.3975|sda=1.3008|rho=1.000|grl=1.000|lr=9.70e-04
Validation result: loss=0.1575, acc=0.96, f1=0.8127
Validation F1 improved from 0.8053 to 0.8127!
Saving best model to outputs/structure_da_full_3seeds_v1/AT1_to_FR2_seed3/fold_0/model.pt
TRAIN_EPOCH|epoch=12/100|steps=569|total=0.4651|cls=0.1169|qdom=3.5032|qcls=3.9208|div=-8.4165|sda=1.3407|rho=1.000|grl=1.000|lr=9.65e-04
Validation result: loss=0.1644, acc=0.95, f1=0.8118
Validation F1 did not improve from 0.8127.
TRAIN_EPOCH|epoch=13/100|steps=569|total=-0.5212|cls=0.0963|qdom=2.9423|qcls=3.6014|div=-8.4237|sda=1.2625|rho=1.000|grl=1.000|lr=9.59e-04
Validation result: loss=0.1839, acc=0.94, f1=0.7924
Validation F1 did not improve from 0.8127.
TRAIN_EPOCH|epoch=14/100|steps=569|total=-0.1303|cls=0.0969|qdom=3.2710|qcls=3.5792|div=-8.3943|sda=1.3169|rho=1.000|grl=1.000|lr=9.52e-04
Validation result: loss=0.1149, acc=0.96, f1=0.8462
Validation F1 improved from 0.8127 to 0.8462!
Saving best model to outputs/structure_da_full_3seeds_v1/AT1_to_FR2_seed3/fold_0/model.pt
TRAIN_EPOCH|epoch=15/100|steps=569|total=-0.0518|cls=0.1033|qdom=3.5202|qcls=3.4561|div=-8.4375|sda=1.3060|rho=1.000|grl=1.000|lr=9.46e-04
Validation result: loss=0.1240, acc=0.96, f1=0.8598
Validation F1 improved from 0.8462 to 0.8598!
Saving best model to outputs/structure_da_full_3seeds_v1/AT1_to_FR2_seed3/fold_0/model.pt
TRAIN_EPOCH|epoch=16/100|steps=569|total=-0.5760|cls=0.0883|qdom=2.9231|qcls=3.5332|div=-8.4350|sda=1.3145|rho=1.000|grl=1.000|lr=9.38e-04
Validation result: loss=0.1072, acc=0.97, f1=0.8584
Validation F1 did not improve from 0.8598.
TRAIN_EPOCH|epoch=17/100|steps=569|total=-0.9903|cls=0.0780|qdom=2.7054|qcls=3.3447|div=-8.4115|sda=1.2930|rho=1.000|grl=1.000|lr=9.30e-04
Validation result: loss=0.1174, acc=0.97, f1=0.8678
Validation F1 improved from 0.8598 to 0.8678!
Saving best model to outputs/structure_da_full_3seeds_v1/AT1_to_FR2_seed3/fold_0/model.pt
TRAIN_EPOCH|epoch=18/100|steps=569|total=-0.2912|cls=0.0865|qdom=3.2843|qcls=3.4638|div=-8.4176|sda=1.2918|rho=1.000|grl=1.000|lr=9.22e-04
Validation result: loss=0.1192, acc=0.96, f1=0.8427
Validation F1 did not improve from 0.8678.
TRAIN_EPOCH|epoch=19/100|steps=569|total=-0.3185|cls=0.0909|qdom=3.3499|qcls=3.3294|div=-8.3983|sda=1.3095|rho=1.000|grl=1.000|lr=9.14e-04
Validation result: loss=0.1189, acc=0.96, f1=0.8188
Validation F1 did not improve from 0.8678.
TRAIN_EPOCH|epoch=20/100|steps=569|total=-0.3445|cls=0.0889|qdom=3.2089|qcls=3.4414|div=-8.4013|sda=1.3176|rho=1.000|grl=1.000|lr=9.05e-04
Validation result: loss=0.1151, acc=0.97, f1=0.8554
Validation F1 did not improve from 0.8678.
TRAIN_EPOCH|epoch=21/100|steps=569|total=-0.2712|cls=0.0894|qdom=3.4127|qcls=3.3571|div=-8.4209|sda=1.2905|rho=1.000|grl=1.000|lr=8.95e-04
Validation result: loss=0.1258, acc=0.96, f1=0.8628
Validation F1 did not improve from 0.8678.
TRAIN_EPOCH|epoch=22/100|steps=569|total=-0.3127|cls=0.0874|qdom=3.4837|qcls=3.2318|div=-8.4293|sda=1.3136|rho=1.000|grl=1.000|lr=8.85e-04
Validation result: loss=0.1419, acc=0.96, f1=0.8452
Validation F1 did not improve from 0.8678.
TRAIN_EPOCH|epoch=23/100|steps=569|total=0.4056|cls=0.0879|qdom=3.7608|qcls=3.6277|div=-8.4040|sda=1.3332|rho=1.000|grl=1.000|lr=8.75e-04
Validation result: loss=0.1687, acc=0.95, f1=0.8299
Validation F1 did not improve from 0.8678.
TRAIN_EPOCH|epoch=24/100|steps=569|total=0.2911|cls=0.0825|qdom=3.5855|qcls=3.7375|div=-8.4192|sda=1.3049|rho=1.000|grl=1.000|lr=8.64e-04
Validation result: loss=0.1184, acc=0.97, f1=0.8602
Validation F1 did not improve from 0.8678.
TRAIN_EPOCH|epoch=25/100|steps=569|total=0.0240|cls=0.0772|qdom=3.5265|qcls=3.4705|div=-8.3732|sda=1.3230|rho=1.000|grl=1.000|lr=8.54e-04
Validation result: loss=0.1287, acc=0.96, f1=0.8269
Validation F1 did not improve from 0.8678.
TRAIN_EPOCH|epoch=26/100|steps=569|total=-0.1349|cls=0.0754|qdom=3.5435|qcls=3.3586|div=-8.4315|sda=1.3191|rho=1.000|grl=1.000|lr=8.42e-04
Validation result: loss=0.1150, acc=0.97, f1=0.8696
Validation F1 improved from 0.8678 to 0.8696!
Saving best model to outputs/structure_da_full_3seeds_v1/AT1_to_FR2_seed3/fold_0/model.pt
TRAIN_EPOCH|epoch=27/100|steps=569|total=-0.0779|cls=0.0705|qdom=3.4967|qcls=3.4452|div=-8.3957|sda=1.3053|rho=1.000|grl=1.000|lr=8.31e-04
Validation result: loss=0.1178, acc=0.97, f1=0.8594
Validation F1 did not improve from 0.8696.
TRAIN_EPOCH|epoch=28/100|steps=569|total=-0.2422|cls=0.0662|qdom=3.4216|qcls=3.3782|div=-8.4263|sda=1.3180|rho=1.000|grl=1.000|lr=8.19e-04
Validation result: loss=0.1170, acc=0.97, f1=0.8811
Validation F1 improved from 0.8696 to 0.8811!
Saving best model to outputs/structure_da_full_3seeds_v1/AT1_to_FR2_seed3/fold_0/model.pt
TRAIN_EPOCH|epoch=29/100|steps=569|total=-0.5784|cls=0.0583|qdom=3.3788|qcls=3.0722|div=-8.4134|sda=1.3257|rho=1.000|grl=1.000|lr=8.06e-04
Validation result: loss=0.1168, acc=0.97, f1=0.8788
Validation F1 did not improve from 0.8811.
TRAIN_EPOCH|epoch=30/100|steps=569|total=-0.8768|cls=0.0558|qdom=3.1561|qcls=2.9975|div=-8.4161|sda=1.3300|rho=1.000|grl=1.000|lr=7.94e-04
Validation result: loss=0.1274, acc=0.97, f1=0.8705
Validation F1 did not improve from 0.8811.
TRAIN_EPOCH|epoch=31/100|steps=569|total=-0.8407|cls=0.0542|qdom=3.2456|qcls=2.9405|div=-8.4154|sda=1.3344|rho=1.000|grl=1.000|lr=7.81e-04
Validation result: loss=0.1136, acc=0.97, f1=0.8839
Validation F1 improved from 0.8811 to 0.8839!
Saving best model to outputs/structure_da_full_3seeds_v1/AT1_to_FR2_seed3/fold_0/model.pt
TRAIN_EPOCH|epoch=32/100|steps=569|total=-0.9262|cls=0.0546|qdom=3.2357|qcls=2.8792|div=-8.4295|sda=1.3338|rho=1.000|grl=1.000|lr=7.68e-04
Validation result: loss=0.1147, acc=0.97, f1=0.8867
Validation F1 improved from 0.8839 to 0.8867!
Saving best model to outputs/structure_da_full_3seeds_v1/AT1_to_FR2_seed3/fold_0/model.pt
TRAIN_EPOCH|epoch=33/100|steps=569|total=-1.0503|cls=0.0460|qdom=3.1237|qcls=2.8829|div=-8.4341|sda=1.3312|rho=1.000|grl=1.000|lr=7.55e-04
Validation result: loss=0.1160, acc=0.97, f1=0.8890
Validation F1 improved from 0.8867 to 0.8890!
Saving best model to outputs/structure_da_full_3seeds_v1/AT1_to_FR2_seed3/fold_0/model.pt
TRAIN_EPOCH|epoch=34/100|steps=569|total=-1.0593|cls=0.0462|qdom=3.1476|qcls=2.8453|div=-8.4244|sda=1.3260|rho=1.000|grl=1.000|lr=7.41e-04
Validation result: loss=0.1202, acc=0.97, f1=0.8690
Validation F1 did not improve from 0.8890.
TRAIN_EPOCH|epoch=35/100|steps=569|total=-0.8989|cls=0.0461|qdom=3.0979|qcls=3.0347|div=-8.4043|sda=1.3265|rho=1.000|grl=1.000|lr=7.27e-04
Validation result: loss=0.1239, acc=0.97, f1=0.8839
Validation F1 did not improve from 0.8890.
TRAIN_EPOCH|epoch=36/100|steps=569|total=-0.7561|cls=0.0437|qdom=3.1980|qcls=3.0719|div=-8.3980|sda=1.3283|rho=1.000|grl=1.000|lr=7.13e-04
Validation result: loss=0.1235, acc=0.97, f1=0.8860
Validation F1 did not improve from 0.8890.
TRAIN_EPOCH|epoch=37/100|steps=569|total=-1.0727|cls=0.0431|qdom=3.1997|qcls=2.7903|div=-8.4193|sda=1.3135|rho=1.000|grl=1.000|lr=6.99e-04
Validation result: loss=0.1174, acc=0.97, f1=0.8774
Validation F1 did not improve from 0.8890.
TRAIN_EPOCH|epoch=38/100|steps=569|total=-1.3298|cls=0.0395|qdom=3.0219|qcls=2.6685|div=-8.3910|sda=1.3313|rho=1.000|grl=1.000|lr=6.84e-04
Validation result: loss=0.1244, acc=0.97, f1=0.8892
Validation F1 improved from 0.8890 to 0.8892!
Saving best model to outputs/structure_da_full_3seeds_v1/AT1_to_FR2_seed3/fold_0/model.pt
TRAIN_EPOCH|epoch=39/100|steps=569|total=-1.4284|cls=0.0378|qdom=2.9472|qcls=2.6497|div=-8.3887|sda=1.3256|rho=1.000|grl=1.000|lr=6.69e-04
Validation result: loss=0.1350, acc=0.97, f1=0.8698
Validation F1 did not improve from 0.8892.
TRAIN_EPOCH|epoch=40/100|steps=569|total=-1.5618|cls=0.0365|qdom=2.8109|qcls=2.6719|div=-8.4030|sda=1.3218|rho=1.000|grl=1.000|lr=6.55e-04
Validation result: loss=0.1578, acc=0.96, f1=0.8473
Validation F1 did not improve from 0.8892.
TRAIN_EPOCH|epoch=41/100|steps=569|total=-1.7694|cls=0.0328|qdom=2.7413|qcls=2.5939|div=-8.4403|sda=1.3029|rho=1.000|grl=1.000|lr=6.39e-04
Validation result: loss=0.1268, acc=0.97, f1=0.8860
Validation F1 did not improve from 0.8892.
TRAIN_EPOCH|epoch=42/100|steps=569|total=-1.4724|cls=0.0339|qdom=2.7897|qcls=2.8027|div=-8.4304|sda=1.3316|rho=1.000|grl=1.000|lr=6.24e-04
Validation result: loss=0.1152, acc=0.98, f1=0.9118
Validation F1 improved from 0.8892 to 0.9118!
Saving best model to outputs/structure_da_full_3seeds_v1/AT1_to_FR2_seed3/fold_0/model.pt
TRAIN_EPOCH|epoch=43/100|steps=569|total=-1.6047|cls=0.0303|qdom=2.7431|qcls=2.7412|div=-8.4339|sda=1.3146|rho=1.000|grl=1.000|lr=6.09e-04
Validation result: loss=0.1312, acc=0.97, f1=0.8891
Validation F1 did not improve from 0.9118.
TRAIN_EPOCH|epoch=44/100|steps=569|total=-1.8737|cls=0.0310|qdom=2.7216|qcls=2.4868|div=-8.4058|sda=1.2928|rho=1.000|grl=1.000|lr=5.94e-04
Validation result: loss=0.1348, acc=0.97, f1=0.8786
Validation F1 did not improve from 0.9118.
TRAIN_EPOCH|epoch=45/100|steps=569|total=-2.2611|cls=0.0296|qdom=2.5126|qcls=2.3542|div=-8.4268|sda=1.2694|rho=1.000|grl=1.000|lr=5.78e-04
Validation result: loss=0.1499, acc=0.97, f1=0.8815
Validation F1 did not improve from 0.9118.
TRAIN_EPOCH|epoch=46/100|steps=569|total=-1.7476|cls=0.0331|qdom=2.7911|qcls=2.5706|div=-8.4142|sda=1.2719|rho=1.000|grl=1.000|lr=5.63e-04
Validation result: loss=0.1321, acc=0.97, f1=0.8868
Validation F1 did not improve from 0.9118.
