TASK_START|gpu=3|source=AT1|target=FR2|seed=2|run=AT1_to_FR2_seed2
DATE_START|2026-07-27T06:25:33+08:00
GIT_HEAD|fc59a2e8f2510dfcbc38396b330ad7d7ebdda17a
Namespace(data_root='/data/user/dataset/timematch_data', num_blocks=100, source='austria/33UVP/2017', target='france/30TXT/2017', num_folds=1, val_ratio=0.1, test_ratio=0.2, sample_pixels_val=True, output_dir='outputs/structure_da_full_3seeds_v1/AT1_to_FR2_seed2', experiment_name='AT1_to_FR2_seed2', num_workers=8, seed=2, device='cuda', log_step=10, eval=False, overall=False, combine_spring_and_winter=False, closed_set=True, progress_bar='auto', epochs=100, batch_size=128, lr=0.001, weight_decay=0.0001, num_pixels=64, input_dim=10, with_extra=False, tensorboard_log_dir='runs/structure_da_full_3seeds_v1/AT1_to_FR2_seed2', steps_per_epoch=None, quality_warmup_steps=None, grl_warmup_steps=None, grl_gamma=10.0, lambda_qdom=1.0, lambda_qcls=1.0, lambda_div=1.0, lambda_sda=1.0, time_scale=365.0, tau_fast_init=0.05, tau_slow_init=0.2, tau_min=0.0001, delta_tau_min=0.0001, quality_hidden_cap=128, quality_eta=0.1, sda_hidden_dim=128, model='structure_da')
CLOSED_SET_PROTOCOL|source=austria/33UVP/2017|target=france/30TXT/2017|num_classes=10|classes=corn,horsebeans,meadow,spring_barley,spring_oat,winter_barley,winter_rapeseed,winter_rye,winter_triticale,winter_wheat
Starting fold 0...
CLOSED_SET_COUNTS|source_total=43809|target_total=104138|source_train=30668|source_val=4380|source_test=8761|target_train=72898|target_val=10413|target_test=20827
evaluation dataset: austria/33UVP/2017
val target data: 4380 (35 batches)
test taget data: 8761 (728 batches)
evaluation dataset: france/30TXT/2017
val target data: 10413 (82 batches)
test taget data: 20827 (1377 batches)
StructureDAModel(
  (spatial_encoder): PixelSetEncoder(
    (mlp1): Sequential(
      (0): LinearLayer(
        (linear): Linear(in_features=10, out_features=32, bias=False)
        (norm): BatchNorm1d(32, eps=1e-05, momentum=0.1, affine=True, track_running_stats=True)
        (activation): ReLU()
      )
      (1): LinearLayer(
        (linear): Linear(in_features=32, out_features=64, bias=False)
        (norm): BatchNorm1d(64, eps=1e-05, momentum=0.1, affine=True, track_running_stats=True)
        (activation): ReLU()
      )
    )
    (mlp2): Sequential(
      (0): LinearLayer(
        (linear): Linear(in_features=128, out_features=128, bias=False)
        (norm): BatchNorm1d(128, eps=1e-05, momentum=0.1, affine=True, track_running_stats=True)
        (activation): ReLU()
      )
    )
  )
  (component_classifier): ComponentStructureClassifier(
    (decomposition): SymmetricTimeKernelDecomposition()
    (temporal_operator): TemporalRelationOperator()
    (channel_operator): ChannelRelationOperator()
    (trend_temporal_quality): StructuralQualityPerception(
      (transferability): TransferabilityScorer(
        (normalization): LayerNorm((512,), eps=1e-05, elementwise_affine=True)
        (hidden): Linear(in_features=512, out_features=128, bias=True)
        (activation): ReLU()
        (domain_head): Linear(in_features=128, out_features=2, bias=True)
      )
      (discriminability): DiscriminabilityScorer(
        (normalization): LayerNorm((512,), eps=1e-05, elementwise_affine=True)
        (class_head): Linear(in_features=512, out_features=10, bias=True)
      )
    )
    (dynamics_temporal_quality): StructuralQualityPerception(
      (transferability): TransferabilityScorer(
        (normalization): LayerNorm((512,), eps=1e-05, elementwise_affine=True)
        (hidden): Linear(in_features=512, out_features=128, bias=True)
        (activation): ReLU()
        (domain_head): Linear(in_features=128, out_features=2, bias=True)
      )
      (discriminability): DiscriminabilityScorer(
        (normalization): LayerNorm((512,), eps=1e-05, elementwise_affine=True)
        (class_head): Linear(in_features=512, out_features=10, bias=True)
      )
    )
    (dynamics_channel_quality): StructuralQualityPerception(
      (transferability): TransferabilityScorer(
        (normalization): LayerNorm((8128,), eps=1e-05, elementwise_affine=True)
        (hidden): Linear(in_features=8128, out_features=128, bias=True)
        (activation): ReLU()
        (domain_head): Linear(in_features=128, out_features=2, bias=True)
      )
      (discriminability): DiscriminabilityScorer(
        (normalization): LayerNorm((8128,), eps=1e-05, elementwise_affine=True)
        (class_head): Linear(in_features=8128, out_features=10, bias=True)
      )
    )
    (content_norm): LayerNorm((128,), eps=1e-05, elementwise_affine=False)
    (temporal_norm): LayerNorm((256,), eps=1e-05, elementwise_affine=False)
    (channel_norm): LayerNorm((128,), eps=1e-05, elementwise_affine=False)
    (shared_ltae): LTAE(
      (inconv): LinearLayer(
        (linear): Linear(in_features=512, out_features=256, bias=False)
        (norm): BatchNorm1d(256, eps=1e-05, momentum=0.1, affine=True, track_running_stats=True)
        (activation): ReLU()
      )
      (positional_enc): Embedding(565, 256)
      (attention_heads): MultiHeadAttention(
        (key): Linear(in_features=256, out_features=128, bias=True)
        (dropout): Dropout(p=0.1, inplace=False)
        (softmax): Softmax(dim=-1)
      )
      (mlp): Sequential(
        (0): LinearLayer(
          (linear): Linear(in_features=256, out_features=128, bias=False)
          (norm): BatchNorm1d(128, eps=1e-05, momentum=0.1, affine=True, track_running_stats=True)
          (activation): ReLU()
        )
      )
      (dropout): Dropout(p=0.2, inplace=False)
    )
    (trend_component_quality): ComponentQualityPerception(
      (transferability): TransferabilityScorer(
        (normalization): LayerNorm((128,), eps=1e-05, elementwise_affine=True)
        (hidden): Linear(in_features=128, out_features=128, bias=True)
        (activation): ReLU()
        (domain_head): Linear(in_features=128, out_features=2, bias=True)
      )
      (discriminability): DiscriminabilityScorer(
        (normalization): LayerNorm((128,), eps=1e-05, elementwise_affine=True)
        (class_head): Linear(in_features=128, out_features=10, bias=True)
      )
      (diversity): DiversityScorer(
        (normalization): LayerNorm((128,), eps=1e-05, elementwise_affine=True)
        (diversity_head): Linear(in_features=128, out_features=1, bias=True)
        (activation): Sigmoid()
      )
    )
    (dynamics_component_quality): ComponentQualityPerception(
      (transferability): TransferabilityScorer(
        (normalization): LayerNorm((128,), eps=1e-05, elementwise_affine=True)
        (hidden): Linear(in_features=128, out_features=128, bias=True)
        (activation): ReLU()
        (domain_head): Linear(in_features=128, out_features=2, bias=True)
      )
      (discriminability): DiscriminabilityScorer(
        (normalization): LayerNorm((128,), eps=1e-05, elementwise_affine=True)
        (class_head): Linear(in_features=128, out_features=10, bias=True)
      )
      (diversity): DiversityScorer(
        (normalization): LayerNorm((128,), eps=1e-05, elementwise_affine=True)
        (diversity_head): Linear(in_features=128, out_features=1, bias=True)
        (activation): Sigmoid()
      )
    )
    (residual_component_quality): ComponentQualityPerception(
      (transferability): TransferabilityScorer(
        (normalization): LayerNorm((128,), eps=1e-05, elementwise_affine=True)
        (hidden): Linear(in_features=128, out_features=128, bias=True)
        (activation): ReLU()
        (domain_head): Linear(in_features=128, out_features=2, bias=True)
      )
      (discriminability): DiscriminabilityScorer(
        (normalization): LayerNorm((128,), eps=1e-05, elementwise_affine=True)
        (class_head): Linear(in_features=128, out_features=10, bias=True)
      )
      (diversity): DiversityScorer(
        (normalization): LayerNorm((128,), eps=1e-05, elementwise_affine=True)
        (diversity_head): Linear(in_features=128, out_features=1, bias=True)
        (activation): Sigmoid()
      )
    )
    (component_embedding_norm): LayerNorm((128,), eps=1e-05, elementwise_affine=False)
    (classifier): Sequential(
      (0): LinearLayer(
        (linear): Linear(in_features=384, out_features=64, bias=False)
        (norm): BatchNorm1d(64, eps=1e-05, momentum=0.1, affine=True, track_running_stats=True)
        (activation): ReLU()
      )
      (1): LinearLayer(
        (linear): Linear(in_features=64, out_features=32, bias=False)
        (norm): BatchNorm1d(32, eps=1e-05, momentum=0.1, affine=True, track_running_stats=True)
        (activation): ReLU()
      )
      (2): Linear(in_features=32, out_features=10, bias=True)
    )
  )
  (joint_builder): JointStructuralSpaceBuilder(
    (trend_temporal_norm): LayerNorm((512,), eps=1e-05, elementwise_affine=False)
    (dynamics_temporal_norm): LayerNorm((512,), eps=1e-05, elementwise_affine=False)
    (dynamics_channel_norm): LayerNorm((8128,), eps=1e-05, elementwise_affine=False)
  )
  (adversarial_adapter): StructuralAdversarialAdapter(
    (discriminator): SDADiscriminator(
      (hidden): Linear(in_features=9152, out_features=128, bias=True)
      (activation): ReLU()
      (output): Linear(in_features=128, out_features=1, bias=True)
    )
  )
)
Number of trainable parameters: 2773336
TRAIN_EPOCH|epoch=1/100|steps=569|total=4.3103|cls=0.3552|qdom=4.4990|qcls=4.6204|div=-6.1638|sda=0.9994|rho=0.998|grl=1.000|lr=1.00e-03
Validation result: loss=0.3280, acc=0.92, f1=0.6000
Validation F1 improved from -inf to 0.6000!
Saving best model to outputs/structure_da_full_3seeds_v1/AT1_to_FR2_seed2/fold_0/model.pt
TRAIN_EPOCH|epoch=2/100|steps=569|total=1.3672|cls=0.1772|qdom=4.2684|qcls=3.9210|div=-8.1328|sda=1.1335|rho=1.000|grl=1.000|lr=9.99e-04
Validation result: loss=0.3055, acc=0.92, f1=0.6186
Validation F1 improved from 0.6000 to 0.6186!
Saving best model to outputs/structure_da_full_3seeds_v1/AT1_to_FR2_seed2/fold_0/model.pt
TRAIN_EPOCH|epoch=3/100|steps=569|total=0.6885|cls=0.1601|qdom=3.8228|qcls=3.9666|div=-8.2517|sda=0.9908|rho=1.000|grl=1.000|lr=9.98e-04
Validation result: loss=0.1616, acc=0.95, f1=0.7711
Validation F1 improved from 0.6186 to 0.7711!
Saving best model to outputs/structure_da_full_3seeds_v1/AT1_to_FR2_seed2/fold_0/model.pt
TRAIN_EPOCH|epoch=4/100|steps=569|total=0.4959|cls=0.1438|qdom=3.8504|qcls=3.6654|div=-8.2620|sda=1.0983|rho=1.000|grl=1.000|lr=9.96e-04
Validation result: loss=0.2122, acc=0.94, f1=0.7172
Validation F1 did not improve from 0.7711.
TRAIN_EPOCH|epoch=5/100|steps=569|total=0.4226|cls=0.1312|qdom=3.7996|qcls=3.7097|div=-8.3634|sda=1.1455|rho=1.000|grl=1.000|lr=9.94e-04
Validation result: loss=0.2404, acc=0.94, f1=0.6907
Validation F1 did not improve from 0.7711.
TRAIN_EPOCH|epoch=6/100|steps=569|total=0.9901|cls=0.1353|qdom=3.9741|qcls=4.0396|div=-8.3188|sda=1.1598|rho=1.000|grl=1.000|lr=9.91e-04
Validation result: loss=0.1777, acc=0.95, f1=0.7814
Validation F1 improved from 0.7711 to 0.7814!
Saving best model to outputs/structure_da_full_3seeds_v1/AT1_to_FR2_seed2/fold_0/model.pt
TRAIN_EPOCH|epoch=7/100|steps=569|total=1.4726|cls=0.1385|qdom=4.1625|qcls=4.2779|div=-8.2751|sda=1.1687|rho=1.000|grl=1.000|lr=9.88e-04
Validation result: loss=0.2138, acc=0.94, f1=0.7533
Validation F1 did not improve from 0.7814.
TRAIN_EPOCH|epoch=8/100|steps=569|total=0.8958|cls=0.1248|qdom=3.9031|qcls=4.0101|div=-8.3268|sda=1.1846|rho=1.000|grl=1.000|lr=9.84e-04
Validation result: loss=0.1394, acc=0.96, f1=0.8150
Validation F1 improved from 0.7814 to 0.8150!
Saving best model to outputs/structure_da_full_3seeds_v1/AT1_to_FR2_seed2/fold_0/model.pt
TRAIN_EPOCH|epoch=9/100|steps=569|total=0.7518|cls=0.1218|qdom=3.9296|qcls=3.8810|div=-8.3439|sda=1.1632|rho=1.000|grl=1.000|lr=9.80e-04
Validation result: loss=0.1664, acc=0.95, f1=0.7816
Validation F1 did not improve from 0.8150.
TRAIN_EPOCH|epoch=10/100|steps=569|total=0.7660|cls=0.1114|qdom=3.9167|qcls=3.8613|div=-8.3629|sda=1.2394|rho=1.000|grl=1.000|lr=9.76e-04
Validation result: loss=0.1649, acc=0.94, f1=0.7307
Validation F1 did not improve from 0.8150.
TRAIN_EPOCH|epoch=11/100|steps=569|total=1.0890|cls=0.1073|qdom=4.0325|qcls=4.0666|div=-8.3742|sda=1.2569|rho=1.000|grl=1.000|lr=9.70e-04
Validation result: loss=0.1614, acc=0.94, f1=0.7780
Validation F1 did not improve from 0.8150.
TRAIN_EPOCH|epoch=12/100|steps=569|total=0.5516|cls=0.0901|qdom=3.7854|qcls=3.7597|div=-8.3616|sda=1.2780|rho=1.000|grl=1.000|lr=9.65e-04
Validation result: loss=0.1122, acc=0.96, f1=0.8518
Validation F1 improved from 0.8150 to 0.8518!
Saving best model to outputs/structure_da_full_3seeds_v1/AT1_to_FR2_seed2/fold_0/model.pt
TRAIN_EPOCH|epoch=13/100|steps=569|total=0.7779|cls=0.0896|qdom=4.0089|qcls=3.7699|div=-8.3770|sda=1.2865|rho=1.000|grl=1.000|lr=9.59e-04
Validation result: loss=0.1009, acc=0.97, f1=0.8622
Validation F1 improved from 0.8518 to 0.8622!
Saving best model to outputs/structure_da_full_3seeds_v1/AT1_to_FR2_seed2/fold_0/model.pt
TRAIN_EPOCH|epoch=14/100|steps=569|total=0.8414|cls=0.0875|qdom=4.0428|qcls=3.7741|div=-8.3755|sda=1.3125|rho=1.000|grl=1.000|lr=9.52e-04
Validation result: loss=0.1267, acc=0.96, f1=0.8271
Validation F1 did not improve from 0.8622.
TRAIN_EPOCH|epoch=15/100|steps=569|total=0.6560|cls=0.0829|qdom=3.8998|qcls=3.7791|div=-8.4178|sda=1.3120|rho=1.000|grl=1.000|lr=9.46e-04
Validation result: loss=0.0965, acc=0.97, f1=0.8527
Validation F1 did not improve from 0.8622.
TRAIN_EPOCH|epoch=16/100|steps=569|total=0.8210|cls=0.0763|qdom=3.9355|qcls=3.8749|div=-8.3808|sda=1.3151|rho=1.000|grl=1.000|lr=9.38e-04
Validation result: loss=0.1429, acc=0.96, f1=0.8302
Validation F1 did not improve from 0.8622.
TRAIN_EPOCH|epoch=17/100|steps=569|total=0.6077|cls=0.0804|qdom=4.0054|qcls=3.6049|div=-8.3844|sda=1.3015|rho=1.000|grl=1.000|lr=9.30e-04
Validation result: loss=0.0968, acc=0.97, f1=0.8823
Validation F1 improved from 0.8622 to 0.8823!
Saving best model to outputs/structure_da_full_3seeds_v1/AT1_to_FR2_seed2/fold_0/model.pt
TRAIN_EPOCH|epoch=18/100|steps=569|total=0.3677|cls=0.0744|qdom=3.7204|qcls=3.6811|div=-8.4205|sda=1.3123|rho=1.000|grl=1.000|lr=9.22e-04
Validation result: loss=0.0882, acc=0.97, f1=0.8623
Validation F1 did not improve from 0.8823.
TRAIN_EPOCH|epoch=19/100|steps=569|total=-0.1640|cls=0.0685|qdom=3.3673|qcls=3.5200|div=-8.4088|sda=1.2891|rho=1.000|grl=1.000|lr=9.14e-04
Validation result: loss=0.1092, acc=0.96, f1=0.8537
Validation F1 did not improve from 0.8823.
TRAIN_EPOCH|epoch=20/100|steps=569|total=0.0513|cls=0.0745|qdom=3.6325|qcls=3.4221|div=-8.3821|sda=1.3042|rho=1.000|grl=1.000|lr=9.05e-04
Validation result: loss=0.0967, acc=0.97, f1=0.8703
Validation F1 did not improve from 0.8823.
TRAIN_EPOCH|epoch=21/100|steps=569|total=0.0628|cls=0.0790|qdom=3.5675|qcls=3.5275|div=-8.3993|sda=1.2881|rho=1.000|grl=1.000|lr=8.95e-04
Validation result: loss=0.1379, acc=0.96, f1=0.8739
Validation F1 did not improve from 0.8823.
TRAIN_EPOCH|epoch=22/100|steps=569|total=0.6396|cls=0.0769|qdom=3.7270|qcls=3.8906|div=-8.3935|sda=1.3387|rho=1.000|grl=1.000|lr=8.85e-04
Validation result: loss=0.1021, acc=0.97, f1=0.8766
Validation F1 did not improve from 0.8823.
TRAIN_EPOCH|epoch=23/100|steps=569|total=-0.1235|cls=0.0677|qdom=3.5010|qcls=3.4033|div=-8.4195|sda=1.3241|rho=1.000|grl=1.000|lr=8.75e-04
Validation result: loss=0.0972, acc=0.97, f1=0.8641
Validation F1 did not improve from 0.8823.
TRAIN_EPOCH|epoch=24/100|steps=569|total=-0.5354|cls=0.0573|qdom=3.4183|qcls=3.0607|div=-8.3839|sda=1.3121|rho=1.000|grl=1.000|lr=8.64e-04
Validation result: loss=0.1063, acc=0.97, f1=0.8672
Validation F1 did not improve from 0.8823.
TRAIN_EPOCH|epoch=25/100|steps=569|total=-0.0266|cls=0.0663|qdom=3.6969|qcls=3.3180|div=-8.3990|sda=1.2910|rho=1.000|grl=1.000|lr=8.54e-04
Validation result: loss=0.1426, acc=0.96, f1=0.8201
Validation F1 did not improve from 0.8823.
TRAIN_EPOCH|epoch=26/100|steps=569|total=-0.3451|cls=0.0679|qdom=3.3965|qcls=3.2919|div=-8.3930|sda=1.2915|rho=1.000|grl=1.000|lr=8.42e-04
Validation result: loss=0.0898, acc=0.97, f1=0.8723
Validation F1 did not improve from 0.8823.
TRAIN_EPOCH|epoch=27/100|steps=569|total=-0.6197|cls=0.0586|qdom=3.2318|qcls=3.2047|div=-8.4198|sda=1.3050|rho=1.000|grl=1.000|lr=8.31e-04
Validation result: loss=0.1033, acc=0.97, f1=0.8901
Validation F1 improved from 0.8823 to 0.8901!
Saving best model to outputs/structure_da_full_3seeds_v1/AT1_to_FR2_seed2/fold_0/model.pt
TRAIN_EPOCH|epoch=28/100|steps=569|total=-0.6363|cls=0.0552|qdom=3.2284|qcls=3.2090|div=-8.4136|sda=1.2846|rho=1.000|grl=1.000|lr=8.19e-04
Validation result: loss=0.0910, acc=0.98, f1=0.8983
Validation F1 improved from 0.8901 to 0.8983!
Saving best model to outputs/structure_da_full_3seeds_v1/AT1_to_FR2_seed2/fold_0/model.pt
TRAIN_EPOCH|epoch=29/100|steps=569|total=-0.5242|cls=0.0528|qdom=3.1678|qcls=3.4017|div=-8.4096|sda=1.2631|rho=1.000|grl=1.000|lr=8.06e-04
Validation result: loss=0.1027, acc=0.97, f1=0.8804
Validation F1 did not improve from 0.8983.
TRAIN_EPOCH|epoch=30/100|steps=569|total=-0.6085|cls=0.0530|qdom=3.1583|qcls=3.3291|div=-8.4393|sda=1.2903|rho=1.000|grl=1.000|lr=7.94e-04
Validation result: loss=0.0918, acc=0.97, f1=0.9001
Validation F1 improved from 0.8983 to 0.9001!
Saving best model to outputs/structure_da_full_3seeds_v1/AT1_to_FR2_seed2/fold_0/model.pt
TRAIN_EPOCH|epoch=31/100|steps=569|total=-0.8779|cls=0.0513|qdom=3.1894|qcls=3.0134|div=-8.3968|sda=1.2648|rho=1.000|grl=1.000|lr=7.81e-04
Validation result: loss=0.1011, acc=0.97, f1=0.8802
Validation F1 did not improve from 0.9001.
TRAIN_EPOCH|epoch=32/100|steps=569|total=-0.4823|cls=0.0563|qdom=3.2964|qcls=3.3164|div=-8.4255|sda=1.2741|rho=1.000|grl=1.000|lr=7.68e-04
Validation result: loss=0.1079, acc=0.97, f1=0.8727
Validation F1 did not improve from 0.9001.
TRAIN_EPOCH|epoch=33/100|steps=569|total=-0.4867|cls=0.0540|qdom=3.2451|qcls=3.3500|div=-8.4089|sda=1.2732|rho=1.000|grl=1.000|lr=7.55e-04
Validation result: loss=0.1223, acc=0.97, f1=0.8474
Validation F1 did not improve from 0.9001.
TRAIN_EPOCH|epoch=34/100|steps=569|total=-0.6561|cls=0.0445|qdom=3.1564|qcls=3.2777|div=-8.4120|sda=1.2773|rho=1.000|grl=1.000|lr=7.41e-04
Validation result: loss=0.1045, acc=0.97, f1=0.8792
Validation F1 did not improve from 0.9001.
TRAIN_EPOCH|epoch=35/100|steps=569|total=-0.4368|cls=0.0471|qdom=3.2254|qcls=3.3872|div=-8.3878|sda=1.2913|rho=1.000|grl=1.000|lr=7.27e-04
Validation result: loss=0.1077, acc=0.97, f1=0.8689
Validation F1 did not improve from 0.9001.
TRAIN_EPOCH|epoch=36/100|steps=569|total=-0.4458|cls=0.0454|qdom=3.1934|qcls=3.4143|div=-8.3800|sda=1.2811|rho=1.000|grl=1.000|lr=7.13e-04
Validation result: loss=0.1110, acc=0.97, f1=0.8704
Validation F1 did not improve from 0.9001.
TRAIN_EPOCH|epoch=37/100|steps=569|total=-0.5686|cls=0.0422|qdom=3.0606|qcls=3.4053|div=-8.3760|sda=1.2992|rho=1.000|grl=1.000|lr=6.99e-04
Validation result: loss=0.1081, acc=0.97, f1=0.8802
Validation F1 did not improve from 0.9001.
TRAIN_EPOCH|epoch=38/100|steps=569|total=-0.7125|cls=0.0384|qdom=2.9949|qcls=3.3708|div=-8.4164|sda=1.2998|rho=1.000|grl=1.000|lr=6.84e-04
Validation result: loss=0.1080, acc=0.97, f1=0.8762
Validation F1 did not improve from 0.9001.
TRAIN_EPOCH|epoch=39/100|steps=569|total=-0.4889|cls=0.0433|qdom=3.1678|qcls=3.4045|div=-8.3973|sda=1.2928|rho=1.000|grl=1.000|lr=6.69e-04
Validation result: loss=0.0944, acc=0.97, f1=0.8816
Validation F1 did not improve from 0.9001.
TRAIN_EPOCH|epoch=40/100|steps=569|total=-0.5521|cls=0.0469|qdom=3.2171|qcls=3.3149|div=-8.4233|sda=1.2923|rho=1.000|grl=1.000|lr=6.55e-04
Validation result: loss=0.0867, acc=0.98, f1=0.9059
Validation F1 improved from 0.9001 to 0.9059!
Saving best model to outputs/structure_da_full_3seeds_v1/AT1_to_FR2_seed2/fold_0/model.pt
TRAIN_EPOCH|epoch=41/100|steps=569|total=-0.9335|cls=0.0370|qdom=3.0752|qcls=3.0798|div=-8.3961|sda=1.2706|rho=1.000|grl=1.000|lr=6.39e-04
Validation result: loss=0.1064, acc=0.97, f1=0.8927
Validation F1 did not improve from 0.9059.
TRAIN_EPOCH|epoch=42/100|steps=569|total=-0.8192|cls=0.0338|qdom=3.0840|qcls=3.2055|div=-8.3955|sda=1.2530|rho=1.000|grl=1.000|lr=6.24e-04
Validation result: loss=0.1015, acc=0.98, f1=0.8982
Validation F1 did not improve from 0.9059.
TRAIN_EPOCH|epoch=43/100|steps=569|total=-0.7803|cls=0.0374|qdom=3.0890|qcls=3.1787|div=-8.3759|sda=1.2904|rho=1.000|grl=1.000|lr=6.09e-04
Validation result: loss=0.1090, acc=0.97, f1=0.8863
Validation F1 did not improve from 0.9059.
TRAIN_EPOCH|epoch=44/100|steps=569|total=-1.3192|cls=0.0329|qdom=2.9472|qcls=2.8861|div=-8.3949|sda=1.2096|rho=1.000|grl=1.000|lr=5.94e-04
Validation result: loss=0.1137, acc=0.97, f1=0.8711
Validation F1 did not improve from 0.9059.
TRAIN_EPOCH|epoch=45/100|steps=569|total=-0.9947|cls=0.0352|qdom=2.9080|qcls=3.1942|div=-8.3811|sda=1.2490|rho=1.000|grl=1.000|lr=5.78e-04
Validation result: loss=0.1229, acc=0.97, f1=0.8717
Validation F1 did not improve from 0.9059.
TRAIN_EPOCH|epoch=46/100|steps=569|total=-0.9928|cls=0.0390|qdom=2.9281|qcls=3.2086|div=-8.3893|sda=1.2207|rho=1.000|grl=1.000|lr=5.63e-04
Validation result: loss=0.1017, acc=0.97, f1=0.8996
Validation F1 did not improve from 0.9059.
TRAIN_EPOCH|epoch=47/100|steps=569|total=-1.2131|cls=0.0396|qdom=2.9759|qcls=2.9436|div=-8.4060|sda=1.2338|rho=1.000|grl=1.000|lr=5.47e-04
Validation result: loss=0.0984, acc=0.97, f1=0.8890
Validation F1 did not improve from 0.9059.
TRAIN_EPOCH|epoch=48/100|steps=569|total=-1.5593|cls=0.0335|qdom=2.8779|qcls=2.7359|div=-8.4196|sda=1.2132|rho=1.000|grl=1.000|lr=5.31e-04
Validation result: loss=0.0888, acc=0.98, f1=0.8958
Validation F1 did not improve from 0.9059.
TRAIN_EPOCH|epoch=49/100|steps=569|total=-1.0300|cls=0.0325|qdom=3.1095|qcls=2.9828|div=-8.3968|sda=1.2419|rho=1.000|grl=1.000|lr=5.16e-04
Validation result: loss=0.1057, acc=0.97, f1=0.8716
Validation F1 did not improve from 0.9059.
TRAIN_EPOCH|epoch=50/100|steps=569|total=-0.4035|cls=0.0335|qdom=3.2539|qcls=3.4351|div=-8.4144|sda=1.2885|rho=1.000|grl=1.000|lr=5.00e-04
Validation result: loss=0.1212, acc=0.97, f1=0.8707
Validation F1 did not improve from 0.9059.
TRAIN_EPOCH|epoch=51/100|steps=569|total=-0.9111|cls=0.0312|qdom=3.1055|qcls=3.0552|div=-8.3845|sda=1.2816|rho=1.000|grl=1.000|lr=4.84e-04
Validation result: loss=0.0931, acc=0.98, f1=0.8899
Validation F1 did not improve from 0.9059.
TRAIN_EPOCH|epoch=52/100|steps=569|total=-1.2307|cls=0.0309|qdom=3.0282|qcls=2.8393|div=-8.3929|sda=1.2638|rho=1.000|grl=1.000|lr=4.69e-04
Validation result: loss=0.1109, acc=0.97, f1=0.8887
Validation F1 did not improve from 0.9059.
TRAIN_EPOCH|epoch=53/100|steps=569|total=-0.6210|cls=0.0291|qdom=3.1398|qcls=3.2869|div=-8.3852|sda=1.3085|rho=1.000|grl=1.000|lr=4.53e-04
Validation result: loss=0.1013, acc=0.98, f1=0.9016
Validation F1 did not improve from 0.9059.
TRAIN_EPOCH|epoch=54/100|steps=569|total=-0.4008|cls=0.0283|qdom=3.1739|qcls=3.5145|div=-8.3957|sda=1.2783|rho=1.000|grl=1.000|lr=4.37e-04
Validation result: loss=0.1115, acc=0.97, f1=0.8839
Validation F1 did not improve from 0.9059.
TRAIN_EPOCH|epoch=55/100|steps=569|total=-0.6018|cls=0.0262|qdom=3.2271|qcls=3.2819|div=-8.4219|sda=1.2849|rho=1.000|grl=1.000|lr=4.22e-04
Validation result: loss=0.1092, acc=0.97, f1=0.8883
Validation F1 did not improve from 0.9059.
TRAIN_EPOCH|epoch=56/100|steps=569|total=-0.8338|cls=0.0238|qdom=3.1040|qcls=3.1919|div=-8.4196|sda=1.2661|rho=1.000|grl=1.000|lr=4.06e-04
Validation result: loss=0.1056, acc=0.98, f1=0.9027
Validation F1 did not improve from 0.9059.
TRAIN_EPOCH|epoch=57/100|steps=569|total=-0.2416|cls=0.0267|qdom=3.5236|qcls=3.3464|div=-8.4219|sda=1.2837|rho=1.000|grl=1.000|lr=3.91e-04
Validation result: loss=0.1049, acc=0.97, f1=0.9052
Validation F1 did not improve from 0.9059.
TRAIN_EPOCH|epoch=58/100|steps=569|total=-0.6166|cls=0.0230|qdom=3.2513|qcls=3.2625|div=-8.3914|sda=1.2380|rho=1.000|grl=1.000|lr=3.76e-04
Validation result: loss=0.1003, acc=0.98, f1=0.9040
Validation F1 did not improve from 0.9059.
TRAIN_EPOCH|epoch=59/100|steps=569|total=-0.9691|cls=0.0228|qdom=3.0799|qcls=3.1310|div=-8.4060|sda=1.2032|rho=1.000|grl=1.000|lr=3.61e-04
Validation result: loss=0.0960, acc=0.97, f1=0.8950
Validation F1 did not improve from 0.9059.
TRAIN_EPOCH|epoch=60/100|steps=569|total=-0.7468|cls=0.0262|qdom=3.2270|qcls=3.1174|div=-8.3932|sda=1.2759|rho=1.000|grl=1.000|lr=3.45e-04
Validation result: loss=0.1035, acc=0.97, f1=0.8957
Validation F1 did not improve from 0.9059.
TRAIN_EPOCH|epoch=61/100|steps=569|total=-0.6896|cls=0.0216|qdom=3.1659|qcls=3.2487|div=-8.4002|sda=1.2744|rho=1.000|grl=1.000|lr=3.31e-04
Validation result: loss=0.1042, acc=0.97, f1=0.8961
Validation F1 did not improve from 0.9059.
TRAIN_EPOCH|epoch=62/100|steps=569|total=-0.8527|cls=0.0205|qdom=3.1452|qcls=3.1241|div=-8.3851|sda=1.2425|rho=1.000|grl=1.000|lr=3.16e-04
Validation result: loss=0.1153, acc=0.97, f1=0.8802
Validation F1 did not improve from 0.9059.
TRAIN_EPOCH|epoch=63/100|steps=569|total=-0.1762|cls=0.0212|qdom=3.4180|qcls=3.5116|div=-8.4147|sda=1.2878|rho=1.000|grl=1.000|lr=3.01e-04
Validation result: loss=0.1036, acc=0.98, f1=0.8951
Validation F1 did not improve from 0.9059.
TRAIN_EPOCH|epoch=64/100|steps=569|total=-0.2969|cls=0.0200|qdom=3.3232|qcls=3.4532|div=-8.4123|sda=1.3189|rho=1.000|grl=1.000|lr=2.87e-04
Validation result: loss=0.1085, acc=0.98, f1=0.9063
Validation F1 improved from 0.9059 to 0.9063!
Saving best model to outputs/structure_da_full_3seeds_v1/AT1_to_FR2_seed2/fold_0/model.pt
TRAIN_EPOCH|epoch=65/100|steps=569|total=-0.3780|cls=0.0216|qdom=3.2081|qcls=3.5078|div=-8.4062|sda=1.2906|rho=1.000|grl=1.000|lr=2.73e-04
Validation result: loss=0.1187, acc=0.97, f1=0.9007
Validation F1 did not improve from 0.9063.
TRAIN_EPOCH|epoch=66/100|steps=569|total=0.0687|cls=0.0214|qdom=3.3193|qcls=3.8592|div=-8.4244|sda=1.2932|rho=1.000|grl=1.000|lr=2.59e-04
Validation result: loss=0.1358, acc=0.97, f1=0.8840
Validation F1 did not improve from 0.9063.
TRAIN_EPOCH|epoch=67/100|steps=569|total=0.2509|cls=0.0200|qdom=3.3039|qcls=3.9949|div=-8.4007|sda=1.3328|rho=1.000|grl=1.000|lr=2.45e-04
Validation result: loss=0.1213, acc=0.97, f1=0.8924
Validation F1 did not improve from 0.9063.
TRAIN_EPOCH|epoch=68/100|steps=569|total=-0.4441|cls=0.0172|qdom=3.1992|qcls=3.4726|div=-8.4293|sda=1.2962|rho=1.000|grl=1.000|lr=2.32e-04
Validation result: loss=0.1346, acc=0.97, f1=0.8933
Validation F1 did not improve from 0.9063.
TRAIN_EPOCH|epoch=69/100|steps=569|total=-0.2513|cls=0.0159|qdom=3.2320|qcls=3.6043|div=-8.4238|sda=1.3203|rho=1.000|grl=1.000|lr=2.19e-04
Validation result: loss=0.1315, acc=0.97, f1=0.8918
Validation F1 did not improve from 0.9063.
TRAIN_EPOCH|epoch=70/100|steps=569|total=-0.1378|cls=0.0139|qdom=3.3109|qcls=3.6437|div=-8.4178|sda=1.3115|rho=1.000|grl=1.000|lr=2.06e-04
Validation result: loss=0.1121, acc=0.98, f1=0.9124
Validation F1 improved from 0.9063 to 0.9124!
Saving best model to outputs/structure_da_full_3seeds_v1/AT1_to_FR2_seed2/fold_0/model.pt
TRAIN_EPOCH|epoch=71/100|steps=569|total=-0.2566|cls=0.0128|qdom=3.2908|qcls=3.5306|div=-8.4178|sda=1.3270|rho=1.000|grl=1.000|lr=1.94e-04
Validation result: loss=0.1250, acc=0.97, f1=0.9032
Validation F1 did not improve from 0.9124.
TRAIN_EPOCH|epoch=72/100|steps=569|total=-0.1369|cls=0.0114|qdom=3.3334|qcls=3.6072|div=-8.4018|sda=1.3129|rho=1.000|grl=1.000|lr=1.81e-04
Validation result: loss=0.1143, acc=0.98, f1=0.9137
Validation F1 improved from 0.9124 to 0.9137!
Saving best model to outputs/structure_da_full_3seeds_v1/AT1_to_FR2_seed2/fold_0/model.pt
TRAIN_EPOCH|epoch=73/100|steps=569|total=-0.0933|cls=0.0140|qdom=3.3428|qcls=3.6541|div=-8.4259|sda=1.3218|rho=1.000|grl=1.000|lr=1.69e-04
Validation result: loss=0.1229, acc=0.97, f1=0.9048
Validation F1 did not improve from 0.9137.
TRAIN_EPOCH|epoch=74/100|steps=569|total=-0.4754|cls=0.0120|qdom=3.2949|qcls=3.3104|div=-8.4055|sda=1.3128|rho=1.000|grl=1.000|lr=1.58e-04
Validation result: loss=0.1220, acc=0.97, f1=0.9031
Validation F1 did not improve from 0.9137.
TRAIN_EPOCH|epoch=75/100|steps=569|total=0.0671|cls=0.0144|qdom=3.4997|qcls=3.5842|div=-8.3654|sda=1.3342|rho=1.000|grl=1.000|lr=1.46e-04
Validation result: loss=0.1224, acc=0.98, f1=0.8930
Validation F1 did not improve from 0.9137.
TRAIN_EPOCH|epoch=76/100|steps=569|total=0.2801|cls=0.0147|qdom=3.6738|qcls=3.6710|div=-8.4031|sda=1.3238|rho=1.000|grl=1.000|lr=1.36e-04
Validation result: loss=0.1201, acc=0.97, f1=0.9031
Validation F1 did not improve from 0.9137.
TRAIN_EPOCH|epoch=77/100|steps=569|total=0.1931|cls=0.0134|qdom=3.6153|qcls=3.6706|div=-8.4146|sda=1.3085|rho=1.000|grl=1.000|lr=1.25e-04
Validation result: loss=0.1304, acc=0.98, f1=0.9076
Validation F1 did not improve from 0.9137.
TRAIN_EPOCH|epoch=78/100|steps=569|total=0.0569|cls=0.0121|qdom=3.5709|qcls=3.6162|div=-8.4352|sda=1.2928|rho=1.000|grl=1.000|lr=1.15e-04
Validation result: loss=0.1232, acc=0.98, f1=0.9056
Validation F1 did not improve from 0.9137.
TRAIN_EPOCH|epoch=79/100|steps=569|total=0.3390|cls=0.0123|qdom=3.6717|qcls=3.7444|div=-8.4037|sda=1.3142|rho=1.000|grl=1.000|lr=1.05e-04
Validation result: loss=0.1218, acc=0.98, f1=0.9113
Validation F1 did not improve from 0.9137.
TRAIN_EPOCH|epoch=80/100|steps=569|total=0.5331|cls=0.0112|qdom=3.7249|qcls=3.8670|div=-8.3897|sda=1.3197|rho=1.000|grl=1.000|lr=9.55e-05
Validation result: loss=0.1300, acc=0.98, f1=0.9017
Validation F1 did not improve from 0.9137.
TRAIN_EPOCH|epoch=81/100|steps=569|total=0.6697|cls=0.0114|qdom=3.7511|qcls=3.9754|div=-8.3928|sda=1.3246|rho=1.000|grl=1.000|lr=8.65e-05
Validation result: loss=0.1311, acc=0.98, f1=0.9096
Validation F1 did not improve from 0.9137.
TRAIN_EPOCH|epoch=82/100|steps=569|total=0.3312|cls=0.0114|qdom=3.6188|qcls=3.7986|div=-8.3924|sda=1.2949|rho=1.000|grl=1.000|lr=7.78e-05
Validation result: loss=0.1334, acc=0.98, f1=0.9022
Validation F1 did not improve from 0.9137.
TRAIN_EPOCH|epoch=83/100|steps=569|total=0.1065|cls=0.0104|qdom=3.5278|qcls=3.6941|div=-8.4085|sda=1.2827|rho=1.000|grl=1.000|lr=6.96e-05
Validation result: loss=0.1221, acc=0.98, f1=0.9127
Validation F1 did not improve from 0.9137.
TRAIN_EPOCH|epoch=84/100|steps=569|total=0.0796|cls=0.0093|qdom=3.5387|qcls=3.6669|div=-8.4113|sda=1.2760|rho=1.000|grl=1.000|lr=6.18e-05
Validation result: loss=0.1266, acc=0.98, f1=0.9160
Validation F1 improved from 0.9137 to 0.9160!
Saving best model to outputs/structure_da_full_3seeds_v1/AT1_to_FR2_seed2/fold_0/model.pt
TRAIN_EPOCH|epoch=85/100|steps=569|total=0.2273|cls=0.0095|qdom=3.6086|qcls=3.7301|div=-8.4089|sda=1.2880|rho=1.000|grl=1.000|lr=5.45e-05
Validation result: loss=0.1293, acc=0.98, f1=0.9077
Validation F1 did not improve from 0.9160.
TRAIN_EPOCH|epoch=86/100|steps=569|total=0.3365|cls=0.0104|qdom=3.6415|qcls=3.7934|div=-8.4083|sda=1.2996|rho=1.000|grl=1.000|lr=4.76e-05
Validation result: loss=0.1286, acc=0.98, f1=0.9013
Validation F1 did not improve from 0.9160.
TRAIN_EPOCH|epoch=87/100|steps=569|total=0.4194|cls=0.0117|qdom=3.6521|qcls=3.8473|div=-8.4044|sda=1.3128|rho=1.000|grl=1.000|lr=4.11e-05
Validation result: loss=0.1286, acc=0.98, f1=0.9072
Validation F1 did not improve from 0.9160.
TRAIN_EPOCH|epoch=88/100|steps=569|total=0.4376|cls=0.0109|qdom=3.6911|qcls=3.8351|div=-8.4195|sda=1.3201|rho=1.000|grl=1.000|lr=3.51e-05
Validation result: loss=0.1227, acc=0.98, f1=0.9144
Validation F1 did not improve from 0.9160.
TRAIN_EPOCH|epoch=89/100|steps=569|total=0.3381|cls=0.0107|qdom=3.6600|qcls=3.7769|div=-8.4253|sda=1.3159|rho=1.000|grl=1.000|lr=2.96e-05
Validation result: loss=0.1257, acc=0.98, f1=0.9176
Validation F1 improved from 0.9160 to 0.9176!
Saving best model to outputs/structure_da_full_3seeds_v1/AT1_to_FR2_seed2/fold_0/model.pt
TRAIN_EPOCH|epoch=90/100|steps=569|total=0.1933|cls=0.0106|qdom=3.5943|qcls=3.6957|div=-8.4056|sda=1.2984|rho=1.000|grl=1.000|lr=2.45e-05
Validation result: loss=0.1242, acc=0.98, f1=0.9176
Validation F1 improved from 0.9176 to 0.9176!
Saving best model to outputs/structure_da_full_3seeds_v1/AT1_to_FR2_seed2/fold_0/model.pt
TRAIN_EPOCH|epoch=91/100|steps=569|total=0.1034|cls=0.0094|qdom=3.5484|qcls=3.6469|div=-8.3880|sda=1.2866|rho=1.000|grl=1.000|lr=1.99e-05
Validation result: loss=0.1263, acc=0.98, f1=0.9037
Validation F1 did not improve from 0.9176.
TRAIN_EPOCH|epoch=92/100|steps=569|total=0.0480|cls=0.0090|qdom=3.5498|qcls=3.6002|div=-8.3897|sda=1.2787|rho=1.000|grl=1.000|lr=1.57e-05
Validation result: loss=0.1252, acc=0.98, f1=0.9149
Validation F1 did not improve from 0.9176.
TRAIN_EPOCH|epoch=93/100|steps=569|total=0.0612|cls=0.0085|qdom=3.5874|qcls=3.6164|div=-8.4265|sda=1.2755|rho=1.000|grl=1.000|lr=1.20e-05
Validation result: loss=0.1202, acc=0.98, f1=0.9061
Validation F1 did not improve from 0.9176.
TRAIN_EPOCH|epoch=94/100|steps=569|total=0.1447|cls=0.0092|qdom=3.6337|qcls=3.6529|div=-8.4285|sda=1.2772|rho=1.000|grl=1.000|lr=8.86e-06
Validation result: loss=0.1278, acc=0.98, f1=0.9004
Validation F1 did not improve from 0.9176.
TRAIN_EPOCH|epoch=95/100|steps=569|total=0.2385|cls=0.0105|qdom=3.6798|qcls=3.6760|div=-8.4067|sda=1.2789|rho=1.000|grl=1.000|lr=6.16e-06
Validation result: loss=0.1239, acc=0.98, f1=0.8991
Validation F1 did not improve from 0.9176.
TRAIN_EPOCH|epoch=96/100|steps=569|total=0.2295|cls=0.0100|qdom=3.6756|qcls=3.6921|div=-8.4269|sda=1.2786|rho=1.000|grl=1.000|lr=3.94e-06
Validation result: loss=0.1268, acc=0.98, f1=0.8984
Validation F1 did not improve from 0.9176.
TRAIN_EPOCH|epoch=97/100|steps=569|total=0.2929|cls=0.0104|qdom=3.6869|qcls=3.7019|div=-8.3836|sda=1.2773|rho=1.000|grl=1.000|lr=2.22e-06
Validation result: loss=0.1243, acc=0.98, f1=0.9024
Validation F1 did not improve from 0.9176.
TRAIN_EPOCH|epoch=98/100|steps=569|total=0.2913|cls=0.0115|qdom=3.6871|qcls=3.7170|div=-8.4013|sda=1.2769|rho=1.000|grl=1.000|lr=9.87e-07
Validation result: loss=0.1252, acc=0.98, f1=0.8987
Validation F1 did not improve from 0.9176.
TRAIN_EPOCH|epoch=99/100|steps=569|total=0.2939|cls=0.0111|qdom=3.6824|qcls=3.7327|div=-8.4086|sda=1.2762|rho=1.000|grl=1.000|lr=2.47e-07
Validation result: loss=0.1244, acc=0.98, f1=0.8985
Validation F1 did not improve from 0.9176.
TRAIN_EPOCH|epoch=100/100|steps=569|total=0.3073|cls=0.0108|qdom=3.6833|qcls=3.7361|div=-8.4000|sda=1.2770|rho=1.000|grl=1.000|lr=0.00e+00
Validation result: loss=0.1254, acc=0.98, f1=0.8943
Validation F1 did not improve from 0.9176.
Restoring best model weights for testing...
Test result for AT1_to_FR2_seed2: accuracy=0.6709, f1=0.3136
                  precision    recall  f1-score   support

            corn       0.97      0.84      0.90      3823
      horsebeans       0.01      0.01      0.01        99
          meadow       0.94      0.87      0.91     10411
   spring_barley       0.05      0.07      0.06        88
      spring_oat       0.00      0.00      0.00        12
   winter_barley       0.16      0.92      0.28       813
 winter_rapeseed       0.93      0.56      0.70       736
      winter_rye       0.01      0.50      0.02         8
winter_triticale       0.08      0.16      0.11       546
    winter_wheat       0.46      0.09      0.15      4291

        accuracy                           0.67     20827
       macro avg       0.36      0.40      0.31     20827
    weighted avg       0.79      0.67      0.69     20827

corn [3219   53  346   17   25   15    0   40    9   99]
horsebeans [ 2  1 37  1  7  7  0  8 11 25]
meadow [  48   13 9102   71  243  390   27   90  120  307]
spring_barley [ 2  0  3  6  4 56  0  5  5  7]
spring_oat [3 1 2 0 0 1 0 1 3 1]
winter_barley [  6   0  29   6   1 749   1   6   9   6]
winter_rapeseed [  7   0  12   0   0 261 412   7  37   0]
winter_rye [0 0 0 0 1 2 1 4 0 0]
winter_triticale [  4   0  17   4   0 380   0  39  87  15]
winter_wheat [  11    0   87   10    6 2682    2  280  820  393]
Overall result across 1 folds:
|                  | precision   | recall   | f1-score   | support     |
|:-----------------|:------------|:---------|:-----------|:------------|
| corn             | 97.5±0.0    | 84.2±0.0 | 90.4±0.0   | 3823.0±0.0  |
| horsebeans       | 1.5±0.0     | 1.0±0.0  | 1.2±0.0    | 99.0±0.0    |
| meadow           | 94.5±0.0    | 87.4±0.0 | 90.8±0.0   | 10411.0±0.0 |
| spring_barley    | 5.2±0.0     | 6.8±0.0  | 5.9±0.0    | 88.0±0.0    |
| spring_oat       | 0.0±0.0     | 0.0±0.0  | 0.0±0.0    | 12.0±0.0    |
| winter_barley    | 16.5±0.0    | 92.1±0.0 | 28.0±0.0   | 813.0±0.0   |
| winter_rapeseed  | 93.0±0.0    | 56.0±0.0 | 69.9±0.0   | 736.0±0.0   |
| winter_rye       | 0.8±0.0     | 50.0±0.0 | 1.6±0.0    | 8.0±0.0     |
| winter_triticale | 7.9±0.0     | 15.9±0.0 | 10.6±0.0   | 546.0±0.0   |
| winter_wheat     | 46.1±0.0    | 9.2±0.0  | 15.3±0.0   | 4291.0±0.0  |
|                  |             |          |            |             |
| accuracy         |             |          |            | 67.1±0.0    |
| macro avg        | 36.3±0.0    | 40.3±0.0 | 31.4±0.0   | 20827.0±0.0 |
accuracy: 67.1±0.0
loss: 0.0±0.0
macro_f1: 31.4±0.0
weighted_f1: 69.0±0.0
kappa: 54.3±0.0
TASK_DONE|gpu=3|source=AT1|target=FR2|seed=2
DATE_END|2026-07-27T08:32:59+08:00
