TASK_START|gpu=3|source=AT1|target=DK1|seed=3|run=AT1_to_DK1_seed3
DATE_START|2026-07-27T09:36:03+08:00
GIT_HEAD|fc59a2e8f2510dfcbc38396b330ad7d7ebdda17a
Namespace(data_root='/data/user/dataset/timematch_data', num_blocks=100, source='austria/33UVP/2017', target='denmark/32VNH/2017', num_folds=1, val_ratio=0.1, test_ratio=0.2, sample_pixels_val=True, output_dir='outputs/structure_da_full_3seeds_v1/AT1_to_DK1_seed3', experiment_name='AT1_to_DK1_seed3', num_workers=8, seed=3, device='cuda', log_step=10, eval=False, overall=False, combine_spring_and_winter=False, closed_set=True, progress_bar='auto', epochs=100, batch_size=128, lr=0.001, weight_decay=0.0001, num_pixels=64, input_dim=10, with_extra=False, tensorboard_log_dir='runs/structure_da_full_3seeds_v1/AT1_to_DK1_seed3', steps_per_epoch=None, quality_warmup_steps=None, grl_warmup_steps=None, grl_gamma=10.0, lambda_qdom=1.0, lambda_qcls=1.0, lambda_div=1.0, lambda_sda=1.0, time_scale=365.0, tau_fast_init=0.05, tau_slow_init=0.2, tau_min=0.0001, delta_tau_min=0.0001, quality_hidden_cap=128, quality_eta=0.1, sda_hidden_dim=128, model='structure_da')
CLOSED_SET_PROTOCOL|source=austria/33UVP/2017|target=denmark/32VNH/2017|num_classes=10|classes=corn,horsebeans,meadow,spring_barley,spring_oat,winter_barley,winter_rapeseed,winter_rye,winter_triticale,winter_wheat
Starting fold 0...
CLOSED_SET_COUNTS|source_total=43809|target_total=53173|source_train=30668|source_val=4380|source_test=8761|target_train=37222|target_val=5317|target_test=10634
evaluation dataset: austria/33UVP/2017
val target data: 4380 (35 batches)
test taget data: 8761 (691 batches)
evaluation dataset: denmark/32VNH/2017
val target data: 5317 (42 batches)
test taget data: 10634 (1660 batches)
StructureDAModel(
  (spatial_encoder): PixelSetEncoder(
    (mlp1): Sequential(
      (0): LinearLayer(
        (linear): Linear(in_features=10, out_features=32, bias=False)
        (norm): BatchNorm1d(32, eps=1e-05, momentum=0.1, affine=True, track_running_stats=True)
        (activation): ReLU()
      )
      (1): LinearLayer(
        (linear): Linear(in_features=32, out_features=64, bias=False)
        (norm): BatchNorm1d(64, eps=1e-05, momentum=0.1, affine=True, track_running_stats=True)
        (activation): ReLU()
      )
    )
    (mlp2): Sequential(
      (0): LinearLayer(
        (linear): Linear(in_features=128, out_features=128, bias=False)
        (norm): BatchNorm1d(128, eps=1e-05, momentum=0.1, affine=True, track_running_stats=True)
        (activation): ReLU()
      )
    )
  )
  (component_classifier): ComponentStructureClassifier(
    (decomposition): SymmetricTimeKernelDecomposition()
    (temporal_operator): TemporalRelationOperator()
    (channel_operator): ChannelRelationOperator()
    (trend_temporal_quality): StructuralQualityPerception(
      (transferability): TransferabilityScorer(
        (normalization): LayerNorm((512,), eps=1e-05, elementwise_affine=True)
        (hidden): Linear(in_features=512, out_features=128, bias=True)
        (activation): ReLU()
        (domain_head): Linear(in_features=128, out_features=2, bias=True)
      )
      (discriminability): DiscriminabilityScorer(
        (normalization): LayerNorm((512,), eps=1e-05, elementwise_affine=True)
        (class_head): Linear(in_features=512, out_features=10, bias=True)
      )
    )
    (dynamics_temporal_quality): StructuralQualityPerception(
      (transferability): TransferabilityScorer(
        (normalization): LayerNorm((512,), eps=1e-05, elementwise_affine=True)
        (hidden): Linear(in_features=512, out_features=128, bias=True)
        (activation): ReLU()
        (domain_head): Linear(in_features=128, out_features=2, bias=True)
      )
      (discriminability): DiscriminabilityScorer(
        (normalization): LayerNorm((512,), eps=1e-05, elementwise_affine=True)
        (class_head): Linear(in_features=512, out_features=10, bias=True)
      )
    )
    (dynamics_channel_quality): StructuralQualityPerception(
      (transferability): TransferabilityScorer(
        (normalization): LayerNorm((8128,), eps=1e-05, elementwise_affine=True)
        (hidden): Linear(in_features=8128, out_features=128, bias=True)
        (activation): ReLU()
        (domain_head): Linear(in_features=128, out_features=2, bias=True)
      )
      (discriminability): DiscriminabilityScorer(
        (normalization): LayerNorm((8128,), eps=1e-05, elementwise_affine=True)
        (class_head): Linear(in_features=8128, out_features=10, bias=True)
      )
    )
    (content_norm): LayerNorm((128,), eps=1e-05, elementwise_affine=False)
    (temporal_norm): LayerNorm((256,), eps=1e-05, elementwise_affine=False)
    (channel_norm): LayerNorm((128,), eps=1e-05, elementwise_affine=False)
    (shared_ltae): LTAE(
      (inconv): LinearLayer(
        (linear): Linear(in_features=512, out_features=256, bias=False)
        (norm): BatchNorm1d(256, eps=1e-05, momentum=0.1, affine=True, track_running_stats=True)
        (activation): ReLU()
      )
      (positional_enc): Embedding(565, 256)
      (attention_heads): MultiHeadAttention(
        (key): Linear(in_features=256, out_features=128, bias=True)
        (dropout): Dropout(p=0.1, inplace=False)
        (softmax): Softmax(dim=-1)
      )
      (mlp): Sequential(
        (0): LinearLayer(
          (linear): Linear(in_features=256, out_features=128, bias=False)
          (norm): BatchNorm1d(128, eps=1e-05, momentum=0.1, affine=True, track_running_stats=True)
          (activation): ReLU()
        )
      )
      (dropout): Dropout(p=0.2, inplace=False)
    )
    (trend_component_quality): ComponentQualityPerception(
      (transferability): TransferabilityScorer(
        (normalization): LayerNorm((128,), eps=1e-05, elementwise_affine=True)
        (hidden): Linear(in_features=128, out_features=128, bias=True)
        (activation): ReLU()
        (domain_head): Linear(in_features=128, out_features=2, bias=True)
      )
      (discriminability): DiscriminabilityScorer(
        (normalization): LayerNorm((128,), eps=1e-05, elementwise_affine=True)
        (class_head): Linear(in_features=128, out_features=10, bias=True)
      )
      (diversity): DiversityScorer(
        (normalization): LayerNorm((128,), eps=1e-05, elementwise_affine=True)
        (diversity_head): Linear(in_features=128, out_features=1, bias=True)
        (activation): Sigmoid()
      )
    )
    (dynamics_component_quality): ComponentQualityPerception(
      (transferability): TransferabilityScorer(
        (normalization): LayerNorm((128,), eps=1e-05, elementwise_affine=True)
        (hidden): Linear(in_features=128, out_features=128, bias=True)
        (activation): ReLU()
        (domain_head): Linear(in_features=128, out_features=2, bias=True)
      )
      (discriminability): DiscriminabilityScorer(
        (normalization): LayerNorm((128,), eps=1e-05, elementwise_affine=True)
        (class_head): Linear(in_features=128, out_features=10, bias=True)
      )
      (diversity): DiversityScorer(
        (normalization): LayerNorm((128,), eps=1e-05, elementwise_affine=True)
        (diversity_head): Linear(in_features=128, out_features=1, bias=True)
        (activation): Sigmoid()
      )
    )
    (residual_component_quality): ComponentQualityPerception(
      (transferability): TransferabilityScorer(
        (normalization): LayerNorm((128,), eps=1e-05, elementwise_affine=True)
        (hidden): Linear(in_features=128, out_features=128, bias=True)
        (activation): ReLU()
        (domain_head): Linear(in_features=128, out_features=2, bias=True)
      )
      (discriminability): DiscriminabilityScorer(
        (normalization): LayerNorm((128,), eps=1e-05, elementwise_affine=True)
        (class_head): Linear(in_features=128, out_features=10, bias=True)
      )
      (diversity): DiversityScorer(
        (normalization): LayerNorm((128,), eps=1e-05, elementwise_affine=True)
        (diversity_head): Linear(in_features=128, out_features=1, bias=True)
        (activation): Sigmoid()
      )
    )
    (component_embedding_norm): LayerNorm((128,), eps=1e-05, elementwise_affine=False)
    (classifier): Sequential(
      (0): LinearLayer(
        (linear): Linear(in_features=384, out_features=64, bias=False)
        (norm): BatchNorm1d(64, eps=1e-05, momentum=0.1, affine=True, track_running_stats=True)
        (activation): ReLU()
      )
      (1): LinearLayer(
        (linear): Linear(in_features=64, out_features=32, bias=False)
        (norm): BatchNorm1d(32, eps=1e-05, momentum=0.1, affine=True, track_running_stats=True)
        (activation): ReLU()
      )
      (2): Linear(in_features=32, out_features=10, bias=True)
    )
  )
  (joint_builder): JointStructuralSpaceBuilder(
    (trend_temporal_norm): LayerNorm((512,), eps=1e-05, elementwise_affine=False)
    (dynamics_temporal_norm): LayerNorm((512,), eps=1e-05, elementwise_affine=False)
    (dynamics_channel_norm): LayerNorm((8128,), eps=1e-05, elementwise_affine=False)
  )
  (adversarial_adapter): StructuralAdversarialAdapter(
    (discriminator): SDADiscriminator(
      (hidden): Linear(in_features=9152, out_features=128, bias=True)
      (activation): ReLU()
      (output): Linear(in_features=128, out_features=1, bias=True)
    )
  )
)
Number of trainable parameters: 2773336
TRAIN_EPOCH|epoch=1/100|steps=290|total=6.0157|cls=0.4708|qdom=4.7005|qcls=5.1556|div=-5.2372|sda=0.9260|rho=0.997|grl=1.000|lr=1.00e-03
Validation result: loss=0.3040, acc=0.91, f1=0.5556
Validation F1 improved from -inf to 0.5556!
Saving best model to outputs/structure_da_full_3seeds_v1/AT1_to_DK1_seed3/fold_0/model.pt
TRAIN_EPOCH|epoch=2/100|steps=290|total=1.6516|cls=0.2216|qdom=4.1415|qcls=4.1889|div=-8.0428|sda=1.1423|rho=1.000|grl=1.000|lr=9.99e-04
Validation result: loss=0.2011, acc=0.94, f1=0.6425
Validation F1 improved from 0.5556 to 0.6425!
Saving best model to outputs/structure_da_full_3seeds_v1/AT1_to_DK1_seed3/fold_0/model.pt
TRAIN_EPOCH|epoch=3/100|steps=290|total=0.2506|cls=0.1827|qdom=3.6445|qcls=3.5163|div=-8.2741|sda=1.1812|rho=1.000|grl=1.000|lr=9.98e-04
Validation result: loss=0.2401, acc=0.93, f1=0.6374
Validation F1 did not improve from 0.6425.
TRAIN_EPOCH|epoch=4/100|steps=290|total=0.7169|cls=0.1755|qdom=4.0696|qcls=3.6401|div=-8.2970|sda=1.1287|rho=1.000|grl=1.000|lr=9.96e-04
Validation result: loss=0.2468, acc=0.93, f1=0.6391
Validation F1 did not improve from 0.6425.
TRAIN_EPOCH|epoch=5/100|steps=290|total=0.3983|cls=0.1733|qdom=3.7568|qcls=3.7073|div=-8.3047|sda=1.0656|rho=1.000|grl=1.000|lr=9.94e-04
Validation result: loss=0.2362, acc=0.92, f1=0.6763
Validation F1 improved from 0.6425 to 0.6763!
Saving best model to outputs/structure_da_full_3seeds_v1/AT1_to_DK1_seed3/fold_0/model.pt
TRAIN_EPOCH|epoch=6/100|steps=290|total=-0.1089|cls=0.1569|qdom=3.6153|qcls=3.3381|div=-8.3298|sda=1.1105|rho=1.000|grl=1.000|lr=9.91e-04
Validation result: loss=0.3090, acc=0.91, f1=0.5992
Validation F1 did not improve from 0.6763.
TRAIN_EPOCH|epoch=7/100|steps=290|total=2.7277|cls=0.2083|qdom=4.5496|qcls=5.0549|div=-8.3215|sda=1.2364|rho=1.000|grl=1.000|lr=9.88e-04
Validation result: loss=0.2612, acc=0.92, f1=0.6710
Validation F1 did not improve from 0.6763.
TRAIN_EPOCH|epoch=8/100|steps=290|total=1.3271|cls=0.1813|qdom=3.8545|qcls=4.5219|div=-8.3695|sda=1.1390|rho=1.000|grl=1.000|lr=9.84e-04
Validation result: loss=0.2291, acc=0.93, f1=0.7317
Validation F1 improved from 0.6763 to 0.7317!
Saving best model to outputs/structure_da_full_3seeds_v1/AT1_to_DK1_seed3/fold_0/model.pt
TRAIN_EPOCH|epoch=9/100|steps=290|total=1.2002|cls=0.1690|qdom=3.7032|qcls=4.4815|div=-8.3744|sda=1.2209|rho=1.000|grl=1.000|lr=9.80e-04
Validation result: loss=0.1990, acc=0.94, f1=0.7315
Validation F1 did not improve from 0.7317.
TRAIN_EPOCH|epoch=10/100|steps=290|total=0.5044|cls=0.1561|qdom=3.4280|qcls=4.1740|div=-8.3700|sda=1.1163|rho=1.000|grl=1.000|lr=9.76e-04
Validation result: loss=0.1816, acc=0.94, f1=0.7252
Validation F1 did not improve from 0.7317.
TRAIN_EPOCH|epoch=11/100|steps=290|total=1.0915|cls=0.1445|qdom=3.8054|qcls=4.3060|div=-8.3801|sda=1.2157|rho=1.000|grl=1.000|lr=9.70e-04
Validation result: loss=0.2047, acc=0.94, f1=0.7354
Validation F1 improved from 0.7317 to 0.7354!
Saving best model to outputs/structure_da_full_3seeds_v1/AT1_to_DK1_seed3/fold_0/model.pt
TRAIN_EPOCH|epoch=12/100|steps=290|total=0.7239|cls=0.1353|qdom=3.5405|qcls=4.2085|div=-8.3609|sda=1.2005|rho=1.000|grl=1.000|lr=9.65e-04
Validation result: loss=0.2792, acc=0.91, f1=0.7316
Validation F1 did not improve from 0.7354.
TRAIN_EPOCH|epoch=13/100|steps=290|total=1.0220|cls=0.1372|qdom=3.7858|qcls=4.2471|div=-8.3826|sda=1.2345|rho=1.000|grl=1.000|lr=9.59e-04
Validation result: loss=0.1761, acc=0.95, f1=0.7738
Validation F1 improved from 0.7354 to 0.7738!
Saving best model to outputs/structure_da_full_3seeds_v1/AT1_to_DK1_seed3/fold_0/model.pt
TRAIN_EPOCH|epoch=14/100|steps=290|total=1.0352|cls=0.1244|qdom=3.9445|qcls=4.0799|div=-8.3523|sda=1.2387|rho=1.000|grl=1.000|lr=9.52e-04
Validation result: loss=0.3657, acc=0.89, f1=0.7233
Validation F1 did not improve from 0.7738.
TRAIN_EPOCH|epoch=15/100|steps=290|total=1.4945|cls=0.1421|qdom=4.2613|qcls=4.2182|div=-8.4054|sda=1.2784|rho=1.000|grl=1.000|lr=9.46e-04
Validation result: loss=0.1968, acc=0.94, f1=0.7354
Validation F1 did not improve from 0.7738.
TRAIN_EPOCH|epoch=16/100|steps=290|total=0.9997|cls=0.1303|qdom=3.8131|qcls=4.1659|div=-8.4358|sda=1.3262|rho=1.000|grl=1.000|lr=9.38e-04
Validation result: loss=0.2050, acc=0.94, f1=0.7789
Validation F1 improved from 0.7738 to 0.7789!
Saving best model to outputs/structure_da_full_3seeds_v1/AT1_to_DK1_seed3/fold_0/model.pt
TRAIN_EPOCH|epoch=17/100|steps=290|total=-0.4092|cls=0.1079|qdom=3.0491|qcls=3.6705|div=-8.4251|sda=1.1884|rho=1.000|grl=1.000|lr=9.30e-04
Validation result: loss=0.1591, acc=0.95, f1=0.7815
Validation F1 improved from 0.7789 to 0.7815!
Saving best model to outputs/structure_da_full_3seeds_v1/AT1_to_DK1_seed3/fold_0/model.pt
TRAIN_EPOCH|epoch=18/100|steps=290|total=1.2150|cls=0.1189|qdom=4.0691|qcls=4.1371|div=-8.4276|sda=1.3175|rho=1.000|grl=1.000|lr=9.22e-04
Validation result: loss=0.1764, acc=0.95, f1=0.7537
Validation F1 did not improve from 0.7815.
TRAIN_EPOCH|epoch=19/100|steps=290|total=0.4067|cls=0.1112|qdom=3.6701|qcls=3.7847|div=-8.4378|sda=1.2784|rho=1.000|grl=1.000|lr=9.14e-04
Validation result: loss=0.1409, acc=0.96, f1=0.8098
Validation F1 improved from 0.7815 to 0.8098!
Saving best model to outputs/structure_da_full_3seeds_v1/AT1_to_DK1_seed3/fold_0/model.pt
TRAIN_EPOCH|epoch=20/100|steps=290|total=0.1895|cls=0.1073|qdom=3.5002|qcls=3.6819|div=-8.4160|sda=1.3161|rho=1.000|grl=1.000|lr=9.05e-04
Validation result: loss=0.1465, acc=0.96, f1=0.8160
Validation F1 improved from 0.8098 to 0.8160!
Saving best model to outputs/structure_da_full_3seeds_v1/AT1_to_DK1_seed3/fold_0/model.pt
TRAIN_EPOCH|epoch=21/100|steps=290|total=-0.0080|cls=0.0984|qdom=3.3829|qcls=3.6323|div=-8.4069|sda=1.2853|rho=1.000|grl=1.000|lr=8.95e-04
Validation result: loss=0.1297, acc=0.96, f1=0.8192
Validation F1 improved from 0.8160 to 0.8192!
Saving best model to outputs/structure_da_full_3seeds_v1/AT1_to_DK1_seed3/fold_0/model.pt
TRAIN_EPOCH|epoch=22/100|steps=290|total=-0.0728|cls=0.0917|qdom=3.3717|qcls=3.5545|div=-8.4090|sda=1.3182|rho=1.000|grl=1.000|lr=8.85e-04
Validation result: loss=0.1353, acc=0.96, f1=0.8270
Validation F1 improved from 0.8192 to 0.8270!
Saving best model to outputs/structure_da_full_3seeds_v1/AT1_to_DK1_seed3/fold_0/model.pt
TRAIN_EPOCH|epoch=23/100|steps=290|total=-0.3952|cls=0.0859|qdom=3.1594|qcls=3.4598|div=-8.4003|sda=1.3000|rho=1.000|grl=1.000|lr=8.75e-04
Validation result: loss=0.1339, acc=0.96, f1=0.8287
Validation F1 improved from 0.8270 to 0.8287!
Saving best model to outputs/structure_da_full_3seeds_v1/AT1_to_DK1_seed3/fold_0/model.pt
TRAIN_EPOCH|epoch=24/100|steps=290|total=0.6339|cls=0.0948|qdom=3.4899|qcls=4.1197|div=-8.3590|sda=1.2884|rho=1.000|grl=1.000|lr=8.64e-04
Validation result: loss=0.1488, acc=0.95, f1=0.8449
Validation F1 improved from 0.8287 to 0.8449!
Saving best model to outputs/structure_da_full_3seeds_v1/AT1_to_DK1_seed3/fold_0/model.pt
TRAIN_EPOCH|epoch=25/100|steps=290|total=0.3199|cls=0.0902|qdom=3.5572|qcls=3.7474|div=-8.4147|sda=1.3398|rho=1.000|grl=1.000|lr=8.54e-04
Validation result: loss=0.1239, acc=0.96, f1=0.8387
Validation F1 did not improve from 0.8449.
TRAIN_EPOCH|epoch=26/100|steps=290|total=-0.6031|cls=0.0829|qdom=2.9635|qcls=3.3983|div=-8.3637|sda=1.3160|rho=1.000|grl=1.000|lr=8.42e-04
Validation result: loss=0.1157, acc=0.97, f1=0.8600
Validation F1 improved from 0.8449 to 0.8600!
Saving best model to outputs/structure_da_full_3seeds_v1/AT1_to_DK1_seed3/fold_0/model.pt
TRAIN_EPOCH|epoch=27/100|steps=290|total=-0.0825|cls=0.0833|qdom=3.2608|qcls=3.7023|div=-8.4182|sda=1.2895|rho=1.000|grl=1.000|lr=8.31e-04
Validation result: loss=0.1108, acc=0.97, f1=0.8511
Validation F1 did not improve from 0.8600.
TRAIN_EPOCH|epoch=28/100|steps=290|total=-0.7024|cls=0.0748|qdom=2.9859|qcls=3.3701|div=-8.4171|sda=1.2840|rho=1.000|grl=1.000|lr=8.19e-04
Validation result: loss=0.1310, acc=0.96, f1=0.8639
Validation F1 improved from 0.8600 to 0.8639!
Saving best model to outputs/structure_da_full_3seeds_v1/AT1_to_DK1_seed3/fold_0/model.pt
TRAIN_EPOCH|epoch=29/100|steps=290|total=-0.1530|cls=0.0765|qdom=3.3108|qcls=3.5860|div=-8.4454|sda=1.3191|rho=1.000|grl=1.000|lr=8.06e-04
Validation result: loss=0.1254, acc=0.97, f1=0.8407
Validation F1 did not improve from 0.8639.
TRAIN_EPOCH|epoch=30/100|steps=290|total=-0.5808|cls=0.0707|qdom=3.1925|qcls=3.2762|div=-8.4173|sda=1.2970|rho=1.000|grl=1.000|lr=7.94e-04
Validation result: loss=0.1310, acc=0.97, f1=0.8315
Validation F1 did not improve from 0.8639.
TRAIN_EPOCH|epoch=31/100|steps=290|total=-1.1250|cls=0.0665|qdom=2.8306|qcls=3.1707|div=-8.4170|sda=1.2242|rho=1.000|grl=1.000|lr=7.81e-04
Validation result: loss=0.1387, acc=0.96, f1=0.8359
Validation F1 did not improve from 0.8639.
TRAIN_EPOCH|epoch=32/100|steps=290|total=-0.7686|cls=0.0646|qdom=3.0265|qcls=3.2550|div=-8.3820|sda=1.2674|rho=1.000|grl=1.000|lr=7.68e-04
Validation result: loss=0.1106, acc=0.97, f1=0.8833
Validation F1 improved from 0.8639 to 0.8833!
Saving best model to outputs/structure_da_full_3seeds_v1/AT1_to_DK1_seed3/fold_0/model.pt
TRAIN_EPOCH|epoch=33/100|steps=290|total=-0.7287|cls=0.0607|qdom=2.9580|qcls=3.3872|div=-8.4366|sda=1.3020|rho=1.000|grl=1.000|lr=7.55e-04
Validation result: loss=0.1355, acc=0.97, f1=0.8262
Validation F1 did not improve from 0.8833.
TRAIN_EPOCH|epoch=34/100|steps=290|total=-0.6686|cls=0.0572|qdom=2.9839|qcls=3.4248|div=-8.3862|sda=1.2517|rho=1.000|grl=1.000|lr=7.41e-04
Validation result: loss=0.1332, acc=0.97, f1=0.8069
Validation F1 did not improve from 0.8833.
TRAIN_EPOCH|epoch=35/100|steps=290|total=-0.7134|cls=0.0586|qdom=2.9550|qcls=3.3743|div=-8.3921|sda=1.2908|rho=1.000|grl=1.000|lr=7.27e-04
Validation result: loss=0.1156, acc=0.97, f1=0.8702
Validation F1 did not improve from 0.8833.
TRAIN_EPOCH|epoch=36/100|steps=290|total=-0.3135|cls=0.0614|qdom=3.2545|qcls=3.4933|div=-8.4240|sda=1.3013|rho=1.000|grl=1.000|lr=7.13e-04
Validation result: loss=0.1500, acc=0.96, f1=0.8437
Validation F1 did not improve from 0.8833.
TRAIN_EPOCH|epoch=37/100|steps=290|total=0.2112|cls=0.0703|qdom=3.5870|qcls=3.6281|div=-8.4050|sda=1.3308|rho=1.000|grl=1.000|lr=6.99e-04
Validation result: loss=0.1179, acc=0.97, f1=0.8675
Validation F1 did not improve from 0.8833.
TRAIN_EPOCH|epoch=38/100|steps=290|total=-0.1070|cls=0.0593|qdom=3.3577|qcls=3.5936|div=-8.4147|sda=1.2970|rho=1.000|grl=1.000|lr=6.84e-04
Validation result: loss=0.1180, acc=0.97, f1=0.8596
Validation F1 did not improve from 0.8833.
TRAIN_EPOCH|epoch=39/100|steps=290|total=-0.2532|cls=0.0608|qdom=3.0751|qcls=3.6291|div=-8.3535|sda=1.3352|rho=1.000|grl=1.000|lr=6.69e-04
Validation result: loss=0.1277, acc=0.97, f1=0.8714
Validation F1 did not improve from 0.8833.
TRAIN_EPOCH|epoch=40/100|steps=290|total=-0.5977|cls=0.0552|qdom=3.2399|qcls=3.2763|div=-8.4352|sda=1.2661|rho=1.000|grl=1.000|lr=6.55e-04
Validation result: loss=0.1225, acc=0.97, f1=0.8474
Validation F1 did not improve from 0.8833.
TRAIN_EPOCH|epoch=41/100|steps=290|total=-0.5567|cls=0.0549|qdom=3.2760|qcls=3.2783|div=-8.4181|sda=1.2522|rho=1.000|grl=1.000|lr=6.39e-04
Validation result: loss=0.1365, acc=0.97, f1=0.8598
Validation F1 did not improve from 0.8833.
TRAIN_EPOCH|epoch=42/100|steps=290|total=-0.7200|cls=0.0539|qdom=3.1614|qcls=3.2188|div=-8.4025|sda=1.2484|rho=1.000|grl=1.000|lr=6.24e-04
Validation result: loss=0.1469, acc=0.96, f1=0.8417
Validation F1 did not improve from 0.8833.
TRAIN_EPOCH|epoch=43/100|steps=290|total=-0.3118|cls=0.0555|qdom=3.4395|qcls=3.3698|div=-8.4292|sda=1.2526|rho=1.000|grl=1.000|lr=6.09e-04
Validation result: loss=0.1169, acc=0.97, f1=0.8641
Validation F1 did not improve from 0.8833.
TRAIN_EPOCH|epoch=44/100|steps=290|total=0.7663|cls=0.0661|qdom=3.7967|qcls=3.9730|div=-8.4270|sda=1.3575|rho=1.000|grl=1.000|lr=5.94e-04
Validation result: loss=0.1189, acc=0.97, f1=0.8753
Validation F1 did not improve from 0.8833.
TRAIN_EPOCH|epoch=45/100|steps=290|total=1.1771|cls=0.0630|qdom=4.0100|qcls=4.1854|div=-8.4148|sda=1.3334|rho=1.000|grl=1.000|lr=5.78e-04
Validation result: loss=0.1435, acc=0.96, f1=0.8440
Validation F1 did not improve from 0.8833.
TRAIN_EPOCH|epoch=46/100|steps=290|total=0.5757|cls=0.0675|qdom=3.6363|qcls=3.9257|div=-8.3848|sda=1.3310|rho=1.000|grl=1.000|lr=5.63e-04
Validation result: loss=0.1735, acc=0.95, f1=0.7926
Validation F1 did not improve from 0.8833.
TRAIN_EPOCH|epoch=47/100|steps=290|total=0.6515|cls=0.0619|qdom=3.8183|qcls=3.8757|div=-8.3929|sda=1.2885|rho=1.000|grl=1.000|lr=5.47e-04
Validation result: loss=0.1423, acc=0.96, f1=0.8300
Validation F1 did not improve from 0.8833.
TRAIN_EPOCH|epoch=48/100|steps=290|total=0.9566|cls=0.0654|qdom=4.0819|qcls=3.8921|div=-8.4108|sda=1.3280|rho=1.000|grl=1.000|lr=5.31e-04
Validation result: loss=0.1566, acc=0.96, f1=0.8107
Validation F1 did not improve from 0.8833.
TRAIN_EPOCH|epoch=49/100|steps=290|total=0.7884|cls=0.0630|qdom=3.9059|qcls=3.8944|div=-8.4189|sda=1.3440|rho=1.000|grl=1.000|lr=5.16e-04
Validation result: loss=0.1992, acc=0.95, f1=0.8043
Validation F1 did not improve from 0.8833.
TRAIN_EPOCH|epoch=50/100|steps=290|total=0.5507|cls=0.0719|qdom=3.8941|qcls=3.7520|div=-8.4194|sda=1.2521|rho=1.000|grl=1.000|lr=5.00e-04
Validation result: loss=0.1707, acc=0.96, f1=0.7871
Validation F1 did not improve from 0.8833.
TRAIN_EPOCH|epoch=51/100|steps=290|total=1.0277|cls=0.0738|qdom=3.9521|qcls=4.0765|div=-8.4374|sda=1.3626|rho=1.000|grl=1.000|lr=4.84e-04
Validation result: loss=0.1933, acc=0.95, f1=0.7857
Validation F1 did not improve from 0.8833.
TRAIN_EPOCH|epoch=52/100|steps=290|total=1.1086|cls=0.0710|qdom=4.0884|qcls=4.0355|div=-8.4263|sda=1.3400|rho=1.000|grl=1.000|lr=4.69e-04
Validation result: loss=0.1438, acc=0.96, f1=0.8413
Validation F1 did not improve from 0.8833.
TRAIN_EPOCH|epoch=53/100|steps=290|total=0.6802|cls=0.0719|qdom=4.0348|qcls=3.6510|div=-8.4066|sda=1.3290|rho=1.000|grl=1.000|lr=4.53e-04
Validation result: loss=0.1670, acc=0.95, f1=0.8086
Validation F1 did not improve from 0.8833.
TRAIN_EPOCH|epoch=54/100|steps=290|total=0.2418|cls=0.0700|qdom=3.7636|qcls=3.4842|div=-8.3982|sda=1.3220|rho=1.000|grl=1.000|lr=4.37e-04
Validation result: loss=0.1416, acc=0.96, f1=0.8403
Validation F1 did not improve from 0.8833.
TRAIN_EPOCH|epoch=55/100|steps=290|total=-0.3224|cls=0.0643|qdom=3.6874|qcls=3.0961|div=-8.4038|sda=1.2335|rho=1.000|grl=1.000|lr=4.22e-04
Validation result: loss=0.1473, acc=0.96, f1=0.8397
Validation F1 did not improve from 0.8833.
TRAIN_EPOCH|epoch=56/100|steps=290|total=0.6522|cls=0.0621|qdom=3.9981|qcls=3.6479|div=-8.3554|sda=1.2995|rho=1.000|grl=1.000|lr=4.06e-04
Validation result: loss=0.1560, acc=0.96, f1=0.8161
Validation F1 did not improve from 0.8833.
TRAIN_EPOCH|epoch=57/100|steps=290|total=0.1188|cls=0.0573|qdom=3.7191|qcls=3.4956|div=-8.4286|sda=1.2754|rho=1.000|grl=1.000|lr=3.91e-04
Validation result: loss=0.1407, acc=0.97, f1=0.8581
Validation F1 did not improve from 0.8833.
TRAIN_EPOCH|epoch=58/100|steps=290|total=0.4678|cls=0.0600|qdom=3.8599|qcls=3.6619|div=-8.4255|sda=1.3115|rho=1.000|grl=1.000|lr=3.76e-04
Validation result: loss=0.1694, acc=0.96, f1=0.8111
Validation F1 did not improve from 0.8833.
TRAIN_EPOCH|epoch=59/100|steps=290|total=0.4611|cls=0.0591|qdom=3.8493|qcls=3.6120|div=-8.3877|sda=1.3283|rho=1.000|grl=1.000|lr=3.61e-04
Validation result: loss=0.1387, acc=0.96, f1=0.8459
Validation F1 did not improve from 0.8833.
TRAIN_EPOCH|epoch=60/100|steps=290|total=-0.5131|cls=0.0463|qdom=3.5974|qcls=3.0086|div=-8.4171|sda=1.2517|rho=1.000|grl=1.000|lr=3.45e-04
Validation result: loss=0.1423, acc=0.96, f1=0.8496
Validation F1 did not improve from 0.8833.
TRAIN_EPOCH|epoch=61/100|steps=290|total=-0.7101|cls=0.0472|qdom=3.4651|qcls=3.0008|div=-8.4311|sda=1.2079|rho=1.000|grl=1.000|lr=3.31e-04
Validation result: loss=0.1230, acc=0.97, f1=0.8639
Validation F1 did not improve from 0.8833.
TRAIN_EPOCH|epoch=62/100|steps=290|total=-0.3543|cls=0.0475|qdom=3.6944|qcls=3.1188|div=-8.4246|sda=1.2095|rho=1.000|grl=1.000|lr=3.16e-04
Validation result: loss=0.1484, acc=0.96, f1=0.8512
Validation F1 did not improve from 0.8833.
TRAIN_EPOCH|epoch=63/100|steps=290|total=-0.3710|cls=0.0436|qdom=3.6572|qcls=3.1222|div=-8.4393|sda=1.2453|rho=1.000|grl=1.000|lr=3.01e-04
Validation result: loss=0.1349, acc=0.97, f1=0.8479
Validation F1 did not improve from 0.8833.
TRAIN_EPOCH|epoch=64/100|steps=290|total=-0.3022|cls=0.0437|qdom=3.7234|qcls=3.1082|div=-8.4051|sda=1.2277|rho=1.000|grl=1.000|lr=2.87e-04
Validation result: loss=0.1464, acc=0.96, f1=0.8327
Validation F1 did not improve from 0.8833.
TRAIN_EPOCH|epoch=65/100|steps=290|total=-0.3595|cls=0.0448|qdom=3.5968|qcls=3.1636|div=-8.3995|sda=1.2347|rho=1.000|grl=1.000|lr=2.73e-04
Validation result: loss=0.1467, acc=0.96, f1=0.8346
Validation F1 did not improve from 0.8833.
TRAIN_EPOCH|epoch=66/100|steps=290|total=-0.0737|cls=0.0414|qdom=3.6746|qcls=3.3608|div=-8.4513|sda=1.3008|rho=1.000|grl=1.000|lr=2.59e-04
Validation result: loss=0.1481, acc=0.96, f1=0.8396
Validation F1 did not improve from 0.8833.
TRAIN_EPOCH|epoch=67/100|steps=290|total=0.0636|cls=0.0431|qdom=3.5567|qcls=3.5404|div=-8.3668|sda=1.2901|rho=1.000|grl=1.000|lr=2.45e-04
Validation result: loss=0.1499, acc=0.96, f1=0.8444
Validation F1 did not improve from 0.8833.
TRAIN_EPOCH|epoch=68/100|steps=290|total=0.4980|cls=0.0405|qdom=3.8436|qcls=3.7130|div=-8.3932|sda=1.2941|rho=1.000|grl=1.000|lr=2.32e-04
Validation result: loss=0.1915, acc=0.95, f1=0.8101
Validation F1 did not improve from 0.8833.
TRAIN_EPOCH|epoch=69/100|steps=290|total=1.2187|cls=0.0577|qdom=4.0032|qcls=4.2517|div=-8.4214|sda=1.3274|rho=1.000|grl=1.000|lr=2.19e-04
Validation result: loss=0.1632, acc=0.96, f1=0.8368
Validation F1 did not improve from 0.8833.
TRAIN_EPOCH|epoch=70/100|steps=290|total=0.1894|cls=0.0415|qdom=3.7701|qcls=3.5454|div=-8.4184|sda=1.2508|rho=1.000|grl=1.000|lr=2.06e-04
Validation result: loss=0.1602, acc=0.96, f1=0.8553
Validation F1 did not improve from 0.8833.
TRAIN_EPOCH|epoch=71/100|steps=290|total=0.6355|cls=0.0449|qdom=4.0241|qcls=3.6902|div=-8.4200|sda=1.2963|rho=1.000|grl=1.000|lr=1.94e-04
Validation result: loss=0.1750, acc=0.96, f1=0.8329
Validation F1 did not improve from 0.8833.
TRAIN_EPOCH|epoch=72/100|steps=290|total=0.1699|cls=0.0439|qdom=3.7795|qcls=3.5038|div=-8.4356|sda=1.2782|rho=1.000|grl=1.000|lr=1.81e-04
Validation result: loss=0.1577, acc=0.96, f1=0.8656
Validation F1 did not improve from 0.8833.
TRAIN_EPOCH|epoch=73/100|steps=290|total=0.1089|cls=0.0402|qdom=3.6792|qcls=3.5178|div=-8.4111|sda=1.2828|rho=1.000|grl=1.000|lr=1.69e-04
Validation result: loss=0.1523, acc=0.97, f1=0.8613
Validation F1 did not improve from 0.8833.
TRAIN_EPOCH|epoch=74/100|steps=290|total=0.1327|cls=0.0364|qdom=3.7485|qcls=3.4922|div=-8.4356|sda=1.2912|rho=1.000|grl=1.000|lr=1.58e-04
Validation result: loss=0.1660, acc=0.96, f1=0.8459
Validation F1 did not improve from 0.8833.
TRAIN_EPOCH|epoch=75/100|steps=290|total=-0.1297|cls=0.0350|qdom=3.7357|qcls=3.2809|div=-8.4438|sda=1.2625|rho=1.000|grl=1.000|lr=1.46e-04
Validation result: loss=0.1950, acc=0.95, f1=0.8267
Validation F1 did not improve from 0.8833.
TRAIN_EPOCH|epoch=76/100|steps=290|total=0.2848|cls=0.0348|qdom=3.7954|qcls=3.6626|div=-8.4772|sda=1.2693|rho=1.000|grl=1.000|lr=1.36e-04
Validation result: loss=0.1683, acc=0.96, f1=0.8528
Validation F1 did not improve from 0.8833.
TRAIN_EPOCH|epoch=77/100|steps=290|total=-0.0432|cls=0.0330|qdom=3.7192|qcls=3.3637|div=-8.4202|sda=1.2611|rho=1.000|grl=1.000|lr=1.25e-04
Validation result: loss=0.1696, acc=0.96, f1=0.8599
Validation F1 did not improve from 0.8833.
TRAIN_EPOCH|epoch=78/100|steps=290|total=-0.1671|cls=0.0340|qdom=3.5004|qcls=3.4641|div=-8.4300|sda=1.2643|rho=1.000|grl=1.000|lr=1.15e-04
Validation result: loss=0.1812, acc=0.96, f1=0.8449
Validation F1 did not improve from 0.8833.
TRAIN_EPOCH|epoch=79/100|steps=290|total=0.2050|cls=0.0308|qdom=3.7903|qcls=3.5110|div=-8.4036|sda=1.2765|rho=1.000|grl=1.000|lr=1.05e-04
Validation result: loss=0.1669, acc=0.96, f1=0.8548
Validation F1 did not improve from 0.8833.
TRAIN_EPOCH|epoch=80/100|steps=290|total=0.4466|cls=0.0328|qdom=3.7533|qcls=3.7403|div=-8.3986|sda=1.3188|rho=1.000|grl=1.000|lr=9.55e-05
Validation result: loss=0.1650, acc=0.96, f1=0.8513
Validation F1 did not improve from 0.8833.
TRAIN_EPOCH|epoch=81/100|steps=290|total=0.5907|cls=0.0317|qdom=3.8997|qcls=3.7803|div=-8.4164|sda=1.2952|rho=1.000|grl=1.000|lr=8.65e-05
Validation result: loss=0.1695, acc=0.96, f1=0.8502
Validation F1 did not improve from 0.8833.
TRAIN_EPOCH|epoch=82/100|steps=290|total=0.5170|cls=0.0304|qdom=3.8758|qcls=3.7575|div=-8.4191|sda=1.2723|rho=1.000|grl=1.000|lr=7.78e-05
Validation result: loss=0.1693, acc=0.96, f1=0.8590
Validation F1 did not improve from 0.8833.
TRAIN_EPOCH|epoch=83/100|steps=290|total=0.3155|cls=0.0307|qdom=3.7804|qcls=3.6398|div=-8.4054|sda=1.2701|rho=1.000|grl=1.000|lr=6.96e-05
Validation result: loss=0.1768, acc=0.96, f1=0.8594
Validation F1 did not improve from 0.8833.
TRAIN_EPOCH|epoch=84/100|steps=290|total=-0.0340|cls=0.0298|qdom=3.6837|qcls=3.4653|div=-8.4464|sda=1.2337|rho=1.000|grl=1.000|lr=6.18e-05
Validation result: loss=0.1664, acc=0.96, f1=0.8591
Validation F1 did not improve from 0.8833.
TRAIN_EPOCH|epoch=85/100|steps=290|total=-0.1908|cls=0.0279|qdom=3.5997|qcls=3.4182|div=-8.4483|sda=1.2118|rho=1.000|grl=1.000|lr=5.45e-05
Validation result: loss=0.1696, acc=0.97, f1=0.8725
Validation F1 did not improve from 0.8833.
TRAIN_EPOCH|epoch=86/100|steps=290|total=0.0147|cls=0.0261|qdom=3.6923|qcls=3.4586|div=-8.3927|sda=1.2305|rho=1.000|grl=1.000|lr=4.76e-05
Validation result: loss=0.1679, acc=0.97, f1=0.8714
Validation F1 did not improve from 0.8833.
TRAIN_EPOCH|epoch=87/100|steps=290|total=0.2453|cls=0.0262|qdom=3.8480|qcls=3.5304|div=-8.4121|sda=1.2527|rho=1.000|grl=1.000|lr=4.11e-05
Validation result: loss=0.1723, acc=0.97, f1=0.8509
Validation F1 did not improve from 0.8833.
TRAIN_EPOCH|epoch=88/100|steps=290|total=0.2874|cls=0.0264|qdom=3.8937|qcls=3.5464|div=-8.4287|sda=1.2496|rho=1.000|grl=1.000|lr=3.51e-05
Validation result: loss=0.1745, acc=0.96, f1=0.8520
Validation F1 did not improve from 0.8833.
TRAIN_EPOCH|epoch=89/100|steps=290|total=0.2596|cls=0.0256|qdom=3.9061|qcls=3.5023|div=-8.4227|sda=1.2482|rho=1.000|grl=1.000|lr=2.96e-05
Validation result: loss=0.1845, acc=0.96, f1=0.8422
Validation F1 did not improve from 0.8833.
TRAIN_EPOCH|epoch=90/100|steps=290|total=0.3268|cls=0.0264|qdom=3.8917|qcls=3.5406|div=-8.3753|sda=1.2434|rho=1.000|grl=1.000|lr=2.45e-05
Validation result: loss=0.1869, acc=0.96, f1=0.8465
Validation F1 did not improve from 0.8833.
TRAIN_EPOCH|epoch=91/100|steps=290|total=0.3093|cls=0.0255|qdom=3.8723|qcls=3.5993|div=-8.4275|sda=1.2398|rho=1.000|grl=1.000|lr=1.99e-05
Validation result: loss=0.1842, acc=0.96, f1=0.8412
Validation F1 did not improve from 0.8833.
TRAIN_EPOCH|epoch=92/100|steps=290|total=0.2629|cls=0.0258|qdom=3.8752|qcls=3.5636|div=-8.4326|sda=1.2309|rho=1.000|grl=1.000|lr=1.57e-05
Validation result: loss=0.1771, acc=0.96, f1=0.8524
Validation F1 did not improve from 0.8833.
TRAIN_EPOCH|epoch=93/100|steps=290|total=0.2884|cls=0.0250|qdom=3.8964|qcls=3.5585|div=-8.4232|sda=1.2317|rho=1.000|grl=1.000|lr=1.20e-05
Validation result: loss=0.1791, acc=0.96, f1=0.8546
Validation F1 did not improve from 0.8833.
TRAIN_EPOCH|epoch=94/100|steps=290|total=0.2624|cls=0.0257|qdom=3.8806|qcls=3.5449|div=-8.4178|sda=1.2290|rho=1.000|grl=1.000|lr=8.86e-06
Validation result: loss=0.1800, acc=0.96, f1=0.8549
Validation F1 did not improve from 0.8833.
TRAIN_EPOCH|epoch=95/100|steps=290|total=0.2748|cls=0.0249|qdom=3.8796|qcls=3.5285|div=-8.3860|sda=1.2277|rho=1.000|grl=1.000|lr=6.16e-06
Validation result: loss=0.1696, acc=0.96, f1=0.8572
Validation F1 did not improve from 0.8833.
TRAIN_EPOCH|epoch=96/100|steps=290|total=0.2868|cls=0.0255|qdom=3.8815|qcls=3.5272|div=-8.3779|sda=1.2306|rho=1.000|grl=1.000|lr=3.94e-06
Validation result: loss=0.1813, acc=0.96, f1=0.8588
Validation F1 did not improve from 0.8833.
TRAIN_EPOCH|epoch=97/100|steps=290|total=0.2767|cls=0.0246|qdom=3.8822|qcls=3.5382|div=-8.3988|sda=1.2305|rho=1.000|grl=1.000|lr=2.22e-06
Validation result: loss=0.1789, acc=0.96, f1=0.8555
Validation F1 did not improve from 0.8833.
TRAIN_EPOCH|epoch=98/100|steps=290|total=0.2133|cls=0.0244|qdom=3.8713|qcls=3.5359|div=-8.4495|sda=1.2312|rho=1.000|grl=1.000|lr=9.87e-07
Validation result: loss=0.1720, acc=0.96, f1=0.8609
Validation F1 did not improve from 0.8833.
TRAIN_EPOCH|epoch=99/100|steps=290|total=0.2505|cls=0.0240|qdom=3.8807|qcls=3.5351|div=-8.4214|sda=1.2321|rho=1.000|grl=1.000|lr=2.47e-07
Validation result: loss=0.1761, acc=0.96, f1=0.8628
Validation F1 did not improve from 0.8833.
TRAIN_EPOCH|epoch=100/100|steps=290|total=0.2696|cls=0.0255|qdom=3.8739|qcls=3.5534|div=-8.4143|sda=1.2310|rho=1.000|grl=1.000|lr=0.00e+00
Validation result: loss=0.1735, acc=0.96, f1=0.8587
Validation F1 did not improve from 0.8833.
Restoring best model weights for testing...
Test result for AT1_to_DK1_seed3: accuracy=0.4187, f1=0.2747
                  precision    recall  f1-score   support

            corn       0.44      0.74      0.55       786
      horsebeans       0.02      0.05      0.03        60
          meadow       0.36      0.97      0.53      2545
   spring_barley       0.89      0.11      0.19      2742
      spring_oat       0.04      0.05      0.04       328
   winter_barley       0.82      0.64      0.72       748
 winter_rapeseed       0.57      0.04      0.08       639
      winter_rye       0.35      0.06      0.11       783
winter_triticale       0.05      0.15      0.07        87
    winter_wheat       0.90      0.28      0.43      1916

        accuracy                           0.42     10634
       macro avg       0.44      0.31      0.27     10634
    weighted avg       0.63      0.42      0.36     10634

corn [585   0 198   0   1   2   0   0   0   0]
horsebeans [11  3 45  1  0  0  0  0  0  0]
meadow [  57    0 2457    0    0   14    0    1   10    6]
spring_barley [ 356  117 1536  289  402   18    0    4   14    6]
spring_oat [105  17 164  24  17   0   0   0   1   0]
winter_barley [  4   0 121   3   5 476  20  49  56  14]
winter_rapeseed [  1   0 602   1   1   2  28   1   3   0]
winter_rye [  7   0 610   1   1  24   0  50  65  25]
winter_triticale [ 0  0 57  0  0  4  0  4 13  9]
winter_wheat [215   6 975   6   1  38   1  32 108 534]
Overall result across 1 folds:
|                  | precision   | recall   | f1-score   | support     |
|:-----------------|:------------|:---------|:-----------|:------------|
| corn             | 43.6±0.0    | 74.4±0.0 | 55.0±0.0   | 786.0±0.0   |
| horsebeans       | 2.1±0.0     | 5.0±0.0  | 3.0±0.0    | 60.0±0.0    |
| meadow           | 36.3±0.0    | 96.5±0.0 | 52.8±0.0   | 2545.0±0.0  |
| spring_barley    | 88.9±0.0    | 10.5±0.0 | 18.8±0.0   | 2742.0±0.0  |
| spring_oat       | 4.0±0.0     | 5.2±0.0  | 4.5±0.0    | 328.0±0.0   |
| winter_barley    | 82.4±0.0    | 63.6±0.0 | 71.8±0.0   | 748.0±0.0   |
| winter_rapeseed  | 57.1±0.0    | 4.4±0.0  | 8.1±0.0    | 639.0±0.0   |
| winter_rye       | 35.5±0.0    | 6.4±0.0  | 10.8±0.0   | 783.0±0.0   |
| winter_triticale | 4.8±0.0     | 14.9±0.0 | 7.3±0.0    | 87.0±0.0    |
| winter_wheat     | 89.9±0.0    | 27.9±0.0 | 42.5±0.0   | 1916.0±0.0  |
|                  |             |          |            |             |
| accuracy         |             |          |            | 41.9±0.0    |
| macro avg        | 44.5±0.0    | 30.9±0.0 | 27.5±0.0   | 10634.0±0.0 |
accuracy: 41.9±0.0
loss: 0.0±0.0
macro_f1: 27.5±0.0
weighted_f1: 35.8±0.0
kappa: 28.6±0.0
TASK_DONE|gpu=3|source=AT1|target=DK1|seed=3
DATE_END|2026-07-27T10:40:24+08:00
