TASK_START|gpu=0|source=DK1|target=FR2|seed=3|run=DK1_to_FR2_seed3
DATE_START|2026-07-27T09:26:46+08:00
GIT_HEAD|fc59a2e8f2510dfcbc38396b330ad7d7ebdda17a
Namespace(data_root='/data/user/dataset/timematch_data', num_blocks=100, source='denmark/32VNH/2017', target='france/30TXT/2017', num_folds=1, val_ratio=0.1, test_ratio=0.2, sample_pixels_val=True, output_dir='outputs/structure_da_full_3seeds_v1/DK1_to_FR2_seed3', experiment_name='DK1_to_FR2_seed3', num_workers=8, seed=3, device='cuda', log_step=10, eval=False, overall=False, combine_spring_and_winter=False, closed_set=True, progress_bar='auto', epochs=100, batch_size=128, lr=0.001, weight_decay=0.0001, num_pixels=64, input_dim=10, with_extra=False, tensorboard_log_dir='runs/structure_da_full_3seeds_v1/DK1_to_FR2_seed3', steps_per_epoch=None, quality_warmup_steps=None, grl_warmup_steps=None, grl_gamma=10.0, lambda_qdom=1.0, lambda_qcls=1.0, lambda_div=1.0, lambda_sda=1.0, time_scale=365.0, tau_fast_init=0.05, tau_slow_init=0.2, tau_min=0.0001, delta_tau_min=0.0001, quality_hidden_cap=128, quality_eta=0.1, sda_hidden_dim=128, model='structure_da')
CLOSED_SET_PROTOCOL|source=denmark/32VNH/2017|target=france/30TXT/2017|num_classes=12|classes=corn,horsebeans,meadow,spring_barley,spring_oat,spring_peas,spring_wheat,winter_barley,winter_rapeseed,winter_rye,winter_triticale,winter_wheat
Starting fold 0...
CLOSED_SET_COUNTS|source_total=53823|target_total=104447|source_train=37677|source_val=5382|source_test=10764|target_train=73114|target_val=10444|target_test=20889
evaluation dataset: denmark/32VNH/2017
val target data: 5382 (43 batches)
test taget data: 10764 (1708 batches)
evaluation dataset: france/30TXT/2017
val target data: 10444 (82 batches)
test taget data: 20889 (1356 batches)
StructureDAModel(
  (spatial_encoder): PixelSetEncoder(
    (mlp1): Sequential(
      (0): LinearLayer(
        (linear): Linear(in_features=10, out_features=32, bias=False)
        (norm): BatchNorm1d(32, eps=1e-05, momentum=0.1, affine=True, track_running_stats=True)
        (activation): ReLU()
      )
      (1): LinearLayer(
        (linear): Linear(in_features=32, out_features=64, bias=False)
        (norm): BatchNorm1d(64, eps=1e-05, momentum=0.1, affine=True, track_running_stats=True)
        (activation): ReLU()
      )
    )
    (mlp2): Sequential(
      (0): LinearLayer(
        (linear): Linear(in_features=128, out_features=128, bias=False)
        (norm): BatchNorm1d(128, eps=1e-05, momentum=0.1, affine=True, track_running_stats=True)
        (activation): ReLU()
      )
    )
  )
  (component_classifier): ComponentStructureClassifier(
    (decomposition): SymmetricTimeKernelDecomposition()
    (temporal_operator): TemporalRelationOperator()
    (channel_operator): ChannelRelationOperator()
    (trend_temporal_quality): StructuralQualityPerception(
      (transferability): TransferabilityScorer(
        (normalization): LayerNorm((512,), eps=1e-05, elementwise_affine=True)
        (hidden): Linear(in_features=512, out_features=128, bias=True)
        (activation): ReLU()
        (domain_head): Linear(in_features=128, out_features=2, bias=True)
      )
      (discriminability): DiscriminabilityScorer(
        (normalization): LayerNorm((512,), eps=1e-05, elementwise_affine=True)
        (class_head): Linear(in_features=512, out_features=12, bias=True)
      )
    )
    (dynamics_temporal_quality): StructuralQualityPerception(
      (transferability): TransferabilityScorer(
        (normalization): LayerNorm((512,), eps=1e-05, elementwise_affine=True)
        (hidden): Linear(in_features=512, out_features=128, bias=True)
        (activation): ReLU()
        (domain_head): Linear(in_features=128, out_features=2, bias=True)
      )
      (discriminability): DiscriminabilityScorer(
        (normalization): LayerNorm((512,), eps=1e-05, elementwise_affine=True)
        (class_head): Linear(in_features=512, out_features=12, bias=True)
      )
    )
    (dynamics_channel_quality): StructuralQualityPerception(
      (transferability): TransferabilityScorer(
        (normalization): LayerNorm((8128,), eps=1e-05, elementwise_affine=True)
        (hidden): Linear(in_features=8128, out_features=128, bias=True)
        (activation): ReLU()
        (domain_head): Linear(in_features=128, out_features=2, bias=True)
      )
      (discriminability): DiscriminabilityScorer(
        (normalization): LayerNorm((8128,), eps=1e-05, elementwise_affine=True)
        (class_head): Linear(in_features=8128, out_features=12, bias=True)
      )
    )
    (content_norm): LayerNorm((128,), eps=1e-05, elementwise_affine=False)
    (temporal_norm): LayerNorm((256,), eps=1e-05, elementwise_affine=False)
    (channel_norm): LayerNorm((128,), eps=1e-05, elementwise_affine=False)
    (shared_ltae): LTAE(
      (inconv): LinearLayer(
        (linear): Linear(in_features=512, out_features=256, bias=False)
        (norm): BatchNorm1d(256, eps=1e-05, momentum=0.1, affine=True, track_running_stats=True)
        (activation): ReLU()
      )
      (positional_enc): Embedding(565, 256)
      (attention_heads): MultiHeadAttention(
        (key): Linear(in_features=256, out_features=128, bias=True)
        (dropout): Dropout(p=0.1, inplace=False)
        (softmax): Softmax(dim=-1)
      )
      (mlp): Sequential(
        (0): LinearLayer(
          (linear): Linear(in_features=256, out_features=128, bias=False)
          (norm): BatchNorm1d(128, eps=1e-05, momentum=0.1, affine=True, track_running_stats=True)
          (activation): ReLU()
        )
      )
      (dropout): Dropout(p=0.2, inplace=False)
    )
    (trend_component_quality): ComponentQualityPerception(
      (transferability): TransferabilityScorer(
        (normalization): LayerNorm((128,), eps=1e-05, elementwise_affine=True)
        (hidden): Linear(in_features=128, out_features=128, bias=True)
        (activation): ReLU()
        (domain_head): Linear(in_features=128, out_features=2, bias=True)
      )
      (discriminability): DiscriminabilityScorer(
        (normalization): LayerNorm((128,), eps=1e-05, elementwise_affine=True)
        (class_head): Linear(in_features=128, out_features=12, bias=True)
      )
      (diversity): DiversityScorer(
        (normalization): LayerNorm((128,), eps=1e-05, elementwise_affine=True)
        (diversity_head): Linear(in_features=128, out_features=1, bias=True)
        (activation): Sigmoid()
      )
    )
    (dynamics_component_quality): ComponentQualityPerception(
      (transferability): TransferabilityScorer(
        (normalization): LayerNorm((128,), eps=1e-05, elementwise_affine=True)
        (hidden): Linear(in_features=128, out_features=128, bias=True)
        (activation): ReLU()
        (domain_head): Linear(in_features=128, out_features=2, bias=True)
      )
      (discriminability): DiscriminabilityScorer(
        (normalization): LayerNorm((128,), eps=1e-05, elementwise_affine=True)
        (class_head): Linear(in_features=128, out_features=12, bias=True)
      )
      (diversity): DiversityScorer(
        (normalization): LayerNorm((128,), eps=1e-05, elementwise_affine=True)
        (diversity_head): Linear(in_features=128, out_features=1, bias=True)
        (activation): Sigmoid()
      )
    )
    (residual_component_quality): ComponentQualityPerception(
      (transferability): TransferabilityScorer(
        (normalization): LayerNorm((128,), eps=1e-05, elementwise_affine=True)
        (hidden): Linear(in_features=128, out_features=128, bias=True)
        (activation): ReLU()
        (domain_head): Linear(in_features=128, out_features=2, bias=True)
      )
      (discriminability): DiscriminabilityScorer(
        (normalization): LayerNorm((128,), eps=1e-05, elementwise_affine=True)
        (class_head): Linear(in_features=128, out_features=12, bias=True)
      )
      (diversity): DiversityScorer(
        (normalization): LayerNorm((128,), eps=1e-05, elementwise_affine=True)
        (diversity_head): Linear(in_features=128, out_features=1, bias=True)
        (activation): Sigmoid()
      )
    )
    (component_embedding_norm): LayerNorm((128,), eps=1e-05, elementwise_affine=False)
    (classifier): Sequential(
      (0): LinearLayer(
        (linear): Linear(in_features=384, out_features=64, bias=False)
        (norm): BatchNorm1d(64, eps=1e-05, momentum=0.1, affine=True, track_running_stats=True)
        (activation): ReLU()
      )
      (1): LinearLayer(
        (linear): Linear(in_features=64, out_features=32, bias=False)
        (norm): BatchNorm1d(32, eps=1e-05, momentum=0.1, affine=True, track_running_stats=True)
        (activation): ReLU()
      )
      (2): Linear(in_features=32, out_features=12, bias=True)
    )
  )
  (joint_builder): JointStructuralSpaceBuilder(
    (trend_temporal_norm): LayerNorm((512,), eps=1e-05, elementwise_affine=False)
    (dynamics_temporal_norm): LayerNorm((512,), eps=1e-05, elementwise_affine=False)
    (dynamics_channel_norm): LayerNorm((8128,), eps=1e-05, elementwise_affine=False)
  )
  (adversarial_adapter): StructuralAdversarialAdapter(
    (discriminator): SDADiscriminator(
      (hidden): Linear(in_features=9152, out_features=128, bias=True)
      (activation): ReLU()
      (output): Linear(in_features=128, out_features=1, bias=True)
    )
  )
)
Number of trainable parameters: 2792486
TRAIN_EPOCH|epoch=1/100|steps=571|total=6.7797|cls=0.5980|qdom=4.3798|qcls=6.1603|div=-5.2522|sda=0.8939|rho=0.998|grl=1.000|lr=1.00e-03
Validation result: loss=0.5080, acc=0.86, f1=0.5304
Validation F1 improved from -inf to 0.5304!
Saving best model to outputs/structure_da_full_3seeds_v1/DK1_to_FR2_seed3/fold_0/model.pt
TRAIN_EPOCH|epoch=2/100|steps=571|total=2.7962|cls=0.3871|qdom=3.8380|qcls=5.9058|div=-8.4889|sda=1.1542|rho=1.000|grl=1.000|lr=9.99e-04
Validation result: loss=0.7645, acc=0.79, f1=0.5427
Validation F1 improved from 0.5304 to 0.5427!
Saving best model to outputs/structure_da_full_3seeds_v1/DK1_to_FR2_seed3/fold_0/model.pt
TRAIN_EPOCH|epoch=3/100|steps=571|total=2.8982|cls=0.3731|qdom=3.7679|qcls=6.3043|div=-8.7074|sda=1.1603|rho=1.000|grl=1.000|lr=9.98e-04
Validation result: loss=0.6682, acc=0.81, f1=0.5624
Validation F1 improved from 0.5427 to 0.5624!
Saving best model to outputs/structure_da_full_3seeds_v1/DK1_to_FR2_seed3/fold_0/model.pt
TRAIN_EPOCH|epoch=4/100|steps=571|total=3.0387|cls=0.3449|qdom=3.7692|qcls=6.4785|div=-8.7613|sda=1.2074|rho=1.000|grl=1.000|lr=9.96e-04
Validation result: loss=0.4605, acc=0.88, f1=0.6250
Validation F1 improved from 0.5624 to 0.6250!
Saving best model to outputs/structure_da_full_3seeds_v1/DK1_to_FR2_seed3/fold_0/model.pt
TRAIN_EPOCH|epoch=5/100|steps=571|total=3.3446|cls=0.3223|qdom=4.0247|qcls=6.5491|div=-8.8405|sda=1.2891|rho=1.000|grl=1.000|lr=9.94e-04
Validation result: loss=0.5107, acc=0.86, f1=0.6231
Validation F1 did not improve from 0.6250.
TRAIN_EPOCH|epoch=6/100|steps=571|total=2.8175|cls=0.2862|qdom=3.8272|qcls=6.2493|div=-8.8788|sda=1.3335|rho=1.000|grl=1.000|lr=9.91e-04
Validation result: loss=0.5973, acc=0.84, f1=0.5905
Validation F1 did not improve from 0.6250.
TRAIN_EPOCH|epoch=7/100|steps=571|total=2.2405|cls=0.2533|qdom=3.7357|qcls=5.8412|div=-8.9245|sda=1.3348|rho=1.000|grl=1.000|lr=9.88e-04
Validation result: loss=0.4524, acc=0.89, f1=0.6881
Validation F1 improved from 0.6250 to 0.6881!
Saving best model to outputs/structure_da_full_3seeds_v1/DK1_to_FR2_seed3/fold_0/model.pt
TRAIN_EPOCH|epoch=8/100|steps=571|total=2.1841|cls=0.2492|qdom=3.6767|qcls=5.7958|div=-8.9141|sda=1.3765|rho=1.000|grl=1.000|lr=9.84e-04
Validation result: loss=0.5639, acc=0.85, f1=0.6135
Validation F1 did not improve from 0.6881.
TRAIN_EPOCH|epoch=9/100|steps=571|total=1.3024|cls=0.2276|qdom=3.3953|qcls=5.2492|div=-8.9372|sda=1.3675|rho=1.000|grl=1.000|lr=9.80e-04
Validation result: loss=0.4408, acc=0.88, f1=0.6544
Validation F1 did not improve from 0.6881.
TRAIN_EPOCH|epoch=10/100|steps=571|total=0.9090|cls=0.2110|qdom=3.3002|qcls=4.9803|div=-8.9543|sda=1.3717|rho=1.000|grl=1.000|lr=9.76e-04
Validation result: loss=0.5250, acc=0.86, f1=0.6532
Validation F1 did not improve from 0.6881.
TRAIN_EPOCH|epoch=11/100|steps=571|total=0.7138|cls=0.2051|qdom=3.1873|qcls=4.9193|div=-8.9709|sda=1.3730|rho=1.000|grl=1.000|lr=9.70e-04
Validation result: loss=0.4419, acc=0.89, f1=0.6910
Validation F1 improved from 0.6881 to 0.6910!
Saving best model to outputs/structure_da_full_3seeds_v1/DK1_to_FR2_seed3/fold_0/model.pt
TRAIN_EPOCH|epoch=12/100|steps=571|total=0.1584|cls=0.1965|qdom=2.9742|qcls=4.6074|div=-8.9905|sda=1.3707|rho=1.000|grl=1.000|lr=9.65e-04
Validation result: loss=0.4231, acc=0.89, f1=0.6934
Validation F1 improved from 0.6910 to 0.6934!
Saving best model to outputs/structure_da_full_3seeds_v1/DK1_to_FR2_seed3/fold_0/model.pt
TRAIN_EPOCH|epoch=13/100|steps=571|total=0.0168|cls=0.1889|qdom=2.9271|qcls=4.5368|div=-8.9983|sda=1.3623|rho=1.000|grl=1.000|lr=9.59e-04
Validation result: loss=0.4042, acc=0.90, f1=0.6646
Validation F1 did not improve from 0.6934.
TRAIN_EPOCH|epoch=14/100|steps=571|total=-0.2626|cls=0.1795|qdom=2.7896|qcls=4.3837|div=-8.9770|sda=1.3616|rho=1.000|grl=1.000|lr=9.52e-04
Validation result: loss=0.4149, acc=0.90, f1=0.6843
Validation F1 did not improve from 0.6934.
TRAIN_EPOCH|epoch=15/100|steps=571|total=-0.2290|cls=0.1878|qdom=2.7547|qcls=4.4677|div=-8.9928|sda=1.3536|rho=1.000|grl=1.000|lr=9.46e-04
Validation result: loss=0.3249, acc=0.92, f1=0.7240
Validation F1 improved from 0.6934 to 0.7240!
Saving best model to outputs/structure_da_full_3seeds_v1/DK1_to_FR2_seed3/fold_0/model.pt
TRAIN_EPOCH|epoch=16/100|steps=571|total=-0.4602|cls=0.1817|qdom=2.6720|qcls=4.3350|div=-8.9963|sda=1.3474|rho=1.000|grl=1.000|lr=9.38e-04
Validation result: loss=0.4388, acc=0.89, f1=0.7062
Validation F1 did not improve from 0.7240.
TRAIN_EPOCH|epoch=17/100|steps=571|total=-0.3465|cls=0.1801|qdom=2.7250|qcls=4.4166|div=-9.0127|sda=1.3444|rho=1.000|grl=1.000|lr=9.30e-04
Validation result: loss=0.3652, acc=0.91, f1=0.7173
Validation F1 did not improve from 0.7240.
TRAIN_EPOCH|epoch=18/100|steps=571|total=-0.1858|cls=0.1731|qdom=2.7310|qcls=4.5573|div=-8.9874|sda=1.3402|rho=1.000|grl=1.000|lr=9.22e-04
Validation result: loss=0.3457, acc=0.91, f1=0.7523
Validation F1 improved from 0.7240 to 0.7523!
Saving best model to outputs/structure_da_full_3seeds_v1/DK1_to_FR2_seed3/fold_0/model.pt
TRAIN_EPOCH|epoch=19/100|steps=571|total=-0.2727|cls=0.1690|qdom=2.7171|qcls=4.4744|div=-8.9680|sda=1.3349|rho=1.000|grl=1.000|lr=9.14e-04
Validation result: loss=0.3324, acc=0.92, f1=0.7289
Validation F1 did not improve from 0.7523.
TRAIN_EPOCH|epoch=20/100|steps=571|total=-0.3083|cls=0.1733|qdom=2.6726|qcls=4.5082|div=-8.9927|sda=1.3303|rho=1.000|grl=1.000|lr=9.05e-04
Validation result: loss=0.3753, acc=0.91, f1=0.7094
Validation F1 did not improve from 0.7523.
TRAIN_EPOCH|epoch=21/100|steps=571|total=0.1986|cls=0.1850|qdom=2.9678|qcls=4.7630|div=-9.0092|sda=1.2920|rho=1.000|grl=1.000|lr=8.95e-04
Validation result: loss=0.3795, acc=0.91, f1=0.7421
Validation F1 did not improve from 0.7523.
TRAIN_EPOCH|epoch=22/100|steps=571|total=-0.0291|cls=0.1764|qdom=2.9088|qcls=4.6233|div=-9.0233|sda=1.2857|rho=1.000|grl=1.000|lr=8.85e-04
Validation result: loss=0.5655, acc=0.87, f1=0.6152
Validation F1 did not improve from 0.7523.
TRAIN_EPOCH|epoch=23/100|steps=571|total=0.2753|cls=0.1974|qdom=2.9920|qcls=4.8300|div=-9.0208|sda=1.2767|rho=1.000|grl=1.000|lr=8.75e-04
Validation result: loss=0.5303, acc=0.87, f1=0.6131
Validation F1 did not improve from 0.7523.
TRAIN_EPOCH|epoch=24/100|steps=571|total=0.8719|cls=0.2084|qdom=3.0114|qcls=5.3241|div=-8.9937|sda=1.3216|rho=1.000|grl=1.000|lr=8.64e-04
Validation result: loss=0.5066, acc=0.87, f1=0.6313
Validation F1 did not improve from 0.7523.
TRAIN_EPOCH|epoch=25/100|steps=571|total=0.4977|cls=0.1802|qdom=2.8964|qcls=5.0926|div=-9.0129|sda=1.3414|rho=1.000|grl=1.000|lr=8.54e-04
Validation result: loss=0.4076, acc=0.90, f1=0.6787
Validation F1 did not improve from 0.7523.
TRAIN_EPOCH|epoch=26/100|steps=571|total=-0.1300|cls=0.1579|qdom=2.6291|qcls=4.7694|div=-9.0193|sda=1.3330|rho=1.000|grl=1.000|lr=8.42e-04
Validation result: loss=0.5012, acc=0.89, f1=0.6746
Validation F1 did not improve from 0.7523.
TRAIN_EPOCH|epoch=27/100|steps=571|total=-0.2836|cls=0.1522|qdom=2.6729|qcls=4.5726|div=-9.0147|sda=1.3334|rho=1.000|grl=1.000|lr=8.31e-04
Validation result: loss=0.4303, acc=0.90, f1=0.6916
Validation F1 did not improve from 0.7523.
TRAIN_EPOCH|epoch=28/100|steps=571|total=-0.3556|cls=0.1467|qdom=2.6727|qcls=4.5162|div=-8.9895|sda=1.2984|rho=1.000|grl=1.000|lr=8.19e-04
Validation result: loss=0.4084, acc=0.90, f1=0.7126
Validation F1 did not improve from 0.7523.
TRAIN_EPOCH|epoch=29/100|steps=571|total=-0.1931|cls=0.1423|qdom=2.8343|qcls=4.5529|div=-9.0134|sda=1.2909|rho=1.000|grl=1.000|lr=8.06e-04
Validation result: loss=0.4340, acc=0.90, f1=0.6779
Validation F1 did not improve from 0.7523.
TRAIN_EPOCH|epoch=30/100|steps=571|total=-0.1498|cls=0.1415|qdom=2.7755|qcls=4.6529|div=-9.0342|sda=1.3145|rho=1.000|grl=1.000|lr=7.94e-04
Validation result: loss=0.5514, acc=0.86, f1=0.6519
Validation F1 did not improve from 0.7523.
TRAIN_EPOCH|epoch=31/100|steps=571|total=-0.7588|cls=0.1309|qdom=2.5254|qcls=4.3227|div=-9.0210|sda=1.2831|rho=1.000|grl=1.000|lr=7.81e-04
Validation result: loss=0.4220, acc=0.91, f1=0.7232
Validation F1 did not improve from 0.7523.
TRAIN_EPOCH|epoch=32/100|steps=571|total=-0.7264|cls=0.1277|qdom=2.5615|qcls=4.3346|div=-9.0233|sda=1.2731|rho=1.000|grl=1.000|lr=7.68e-04
Validation result: loss=0.4996, acc=0.89, f1=0.7299
Validation F1 did not improve from 0.7523.
TRAIN_EPOCH|epoch=33/100|steps=571|total=-0.8380|cls=0.1186|qdom=2.4926|qcls=4.3146|div=-9.0379|sda=1.2741|rho=1.000|grl=1.000|lr=7.55e-04
Validation result: loss=0.4250, acc=0.91, f1=0.7332
Validation F1 did not improve from 0.7523.
TRAIN_EPOCH|epoch=34/100|steps=571|total=-0.6224|cls=0.1170|qdom=2.6222|qcls=4.3738|div=-9.0175|sda=1.2821|rho=1.000|grl=1.000|lr=7.41e-04
Validation result: loss=0.5173, acc=0.88, f1=0.7073
Validation F1 did not improve from 0.7523.
TRAIN_EPOCH|epoch=35/100|steps=571|total=-0.7742|cls=0.1114|qdom=2.5724|qcls=4.3095|div=-9.0478|sda=1.2803|rho=1.000|grl=1.000|lr=7.27e-04
Validation result: loss=0.5066, acc=0.89, f1=0.7103
Validation F1 did not improve from 0.7523.
TRAIN_EPOCH|epoch=36/100|steps=571|total=-0.5462|cls=0.1101|qdom=2.6799|qcls=4.4033|div=-9.0154|sda=1.2757|rho=1.000|grl=1.000|lr=7.13e-04
Validation result: loss=0.4952, acc=0.89, f1=0.7298
Validation F1 did not improve from 0.7523.
TRAIN_EPOCH|epoch=37/100|steps=571|total=-0.5006|cls=0.1069|qdom=2.6147|qcls=4.5380|div=-9.0507|sda=1.2904|rho=1.000|grl=1.000|lr=6.99e-04
Validation result: loss=0.5487, acc=0.88, f1=0.6757
Validation F1 did not improve from 0.7523.
TRAIN_EPOCH|epoch=38/100|steps=571|total=-0.9468|cls=0.0992|qdom=2.4216|qcls=4.2592|div=-9.0169|sda=1.2902|rho=1.000|grl=1.000|lr=6.84e-04
Validation result: loss=0.4657, acc=0.89, f1=0.7404
Validation F1 did not improve from 0.7523.
TRAIN_EPOCH|epoch=39/100|steps=571|total=-1.0966|cls=0.0936|qdom=2.3835|qcls=4.1756|div=-9.0257|sda=1.2765|rho=1.000|grl=1.000|lr=6.69e-04
Validation result: loss=0.4689, acc=0.91, f1=0.6990
Validation F1 did not improve from 0.7523.
TRAIN_EPOCH|epoch=40/100|steps=571|total=-1.0129|cls=0.0946|qdom=2.4071|qcls=4.2361|div=-9.0339|sda=1.2831|rho=1.000|grl=1.000|lr=6.55e-04
Validation result: loss=0.5453, acc=0.88, f1=0.7172
Validation F1 did not improve from 0.7523.
TRAIN_EPOCH|epoch=41/100|steps=571|total=-1.0570|cls=0.0883|qdom=2.3848|qcls=4.2476|div=-9.0331|sda=1.2554|rho=1.000|grl=1.000|lr=6.39e-04
Validation result: loss=0.5122, acc=0.89, f1=0.6871
Validation F1 did not improve from 0.7523.
TRAIN_EPOCH|epoch=42/100|steps=571|total=-1.0450|cls=0.0847|qdom=2.4336|qcls=4.1711|div=-8.9991|sda=1.2647|rho=1.000|grl=1.000|lr=6.24e-04
Validation result: loss=0.5391, acc=0.89, f1=0.7193
Validation F1 did not improve from 0.7523.
TRAIN_EPOCH|epoch=43/100|steps=571|total=-1.0086|cls=0.0815|qdom=2.5198|qcls=4.1740|div=-9.0478|sda=1.2639|rho=1.000|grl=1.000|lr=6.09e-04
Validation result: loss=0.5472, acc=0.88, f1=0.6901
Validation F1 did not improve from 0.7523.
TRAIN_EPOCH|epoch=44/100|steps=571|total=-1.1658|cls=0.0775|qdom=2.4832|qcls=4.1054|div=-9.0673|sda=1.2355|rho=1.000|grl=1.000|lr=5.94e-04
Validation result: loss=0.6867, acc=0.86, f1=0.7034
Validation F1 did not improve from 0.7523.
TRAIN_EPOCH|epoch=45/100|steps=571|total=-0.9828|cls=0.0758|qdom=2.5511|qcls=4.1931|div=-9.0409|sda=1.2381|rho=1.000|grl=1.000|lr=5.78e-04
Validation result: loss=0.5067, acc=0.89, f1=0.7178
Validation F1 did not improve from 0.7523.
TRAIN_EPOCH|epoch=46/100|steps=571|total=-1.0283|cls=0.0724|qdom=2.5041|qcls=4.1841|div=-9.0298|sda=1.2410|rho=1.000|grl=1.000|lr=5.63e-04
Validation result: loss=0.6597, acc=0.86, f1=0.7103
Validation F1 did not improve from 0.7523.
TRAIN_EPOCH|epoch=47/100|steps=571|total=-1.1343|cls=0.0720|qdom=2.4148|qcls=4.1628|div=-9.0270|sda=1.2431|rho=1.000|grl=1.000|lr=5.47e-04
Validation result: loss=0.6262, acc=0.88, f1=0.6755
Validation F1 did not improve from 0.7523.
TRAIN_EPOCH|epoch=48/100|steps=571|total=-1.1685|cls=0.0673|qdom=2.3905|qcls=4.1851|div=-9.0385|sda=1.2272|rho=1.000|grl=1.000|lr=5.31e-04
Validation result: loss=0.5664, acc=0.88, f1=0.7157
Validation F1 did not improve from 0.7523.
TRAIN_EPOCH|epoch=49/100|steps=571|total=-1.1720|cls=0.0678|qdom=2.3978|qcls=4.1957|div=-9.0527|sda=1.2194|rho=1.000|grl=1.000|lr=5.16e-04
Validation result: loss=0.5148, acc=0.89, f1=0.7156
Validation F1 did not improve from 0.7523.
TRAIN_EPOCH|epoch=50/100|steps=571|total=-1.2084|cls=0.0620|qdom=2.4722|qcls=4.1131|div=-9.0564|sda=1.2006|rho=1.000|grl=1.000|lr=5.00e-04
Validation result: loss=0.6136, acc=0.88, f1=0.7274
Validation F1 did not improve from 0.7523.
TRAIN_EPOCH|epoch=51/100|steps=571|total=-1.1879|cls=0.0623|qdom=2.4749|qcls=4.1304|div=-9.0597|sda=1.2041|rho=1.000|grl=1.000|lr=4.84e-04
Validation result: loss=0.5745, acc=0.88, f1=0.7164
Validation F1 did not improve from 0.7523.
TRAIN_EPOCH|epoch=52/100|steps=571|total=-1.2903|cls=0.0578|qdom=2.4018|qcls=4.0724|div=-9.0097|sda=1.1874|rho=1.000|grl=1.000|lr=4.69e-04
Validation result: loss=0.6615, acc=0.88, f1=0.7022
Validation F1 did not improve from 0.7523.
TRAIN_EPOCH|epoch=53/100|steps=571|total=-1.1598|cls=0.0575|qdom=2.5262|qcls=4.0994|div=-9.0276|sda=1.1848|rho=1.000|grl=1.000|lr=4.53e-04
Validation result: loss=0.6052, acc=0.89, f1=0.7450
Validation F1 did not improve from 0.7523.
TRAIN_EPOCH|epoch=54/100|steps=571|total=-1.0653|cls=0.0591|qdom=2.5594|qcls=4.1435|div=-9.0133|sda=1.1860|rho=1.000|grl=1.000|lr=4.37e-04
Validation result: loss=0.6242, acc=0.87, f1=0.7245
Validation F1 did not improve from 0.7523.
TRAIN_EPOCH|epoch=55/100|steps=571|total=-1.1349|cls=0.0548|qdom=2.4585|qcls=4.1726|div=-9.0254|sda=1.2046|rho=1.000|grl=1.000|lr=4.22e-04
Validation result: loss=0.5620, acc=0.90, f1=0.7288
Validation F1 did not improve from 0.7523.
TRAIN_EPOCH|epoch=56/100|steps=571|total=-1.1144|cls=0.0533|qdom=2.5177|qcls=4.1320|div=-9.0294|sda=1.2121|rho=1.000|grl=1.000|lr=4.06e-04
Validation result: loss=0.7068, acc=0.87, f1=0.7268
Validation F1 did not improve from 0.7523.
TRAIN_EPOCH|epoch=57/100|steps=571|total=-1.1476|cls=0.0512|qdom=2.5269|qcls=4.1100|div=-9.0377|sda=1.2021|rho=1.000|grl=1.000|lr=3.91e-04
Validation result: loss=0.6640, acc=0.88, f1=0.7261
Validation F1 did not improve from 0.7523.
TRAIN_EPOCH|epoch=58/100|steps=571|total=-1.0592|cls=0.0474|qdom=2.5330|qcls=4.1925|div=-9.0399|sda=1.2078|rho=1.000|grl=1.000|lr=3.76e-04
Validation result: loss=0.6385, acc=0.89, f1=0.7267
Validation F1 did not improve from 0.7523.
TRAIN_EPOCH|epoch=59/100|steps=571|total=-1.2758|cls=0.0477|qdom=2.4407|qcls=4.1027|div=-9.0515|sda=1.1845|rho=1.000|grl=1.000|lr=3.61e-04
Validation result: loss=0.7172, acc=0.86, f1=0.7015
Validation F1 did not improve from 0.7523.
TRAIN_EPOCH|epoch=60/100|steps=571|total=-1.2384|cls=0.0470|qdom=2.4115|qcls=4.1486|div=-9.0219|sda=1.1763|rho=1.000|grl=1.000|lr=3.45e-04
Validation result: loss=0.6964, acc=0.87, f1=0.7243
Validation F1 did not improve from 0.7523.
TRAIN_EPOCH|epoch=61/100|steps=571|total=-1.2141|cls=0.0463|qdom=2.4037|qcls=4.1819|div=-9.0479|sda=1.2018|rho=1.000|grl=1.000|lr=3.31e-04
Validation result: loss=0.8512, acc=0.84, f1=0.6938
Validation F1 did not improve from 0.7523.
TRAIN_EPOCH|epoch=62/100|steps=571|total=-1.2132|cls=0.0450|qdom=2.4084|qcls=4.1546|div=-9.0298|sda=1.2087|rho=1.000|grl=1.000|lr=3.16e-04
Validation result: loss=0.8440, acc=0.85, f1=0.7052
Validation F1 did not improve from 0.7523.
TRAIN_EPOCH|epoch=63/100|steps=571|total=-1.3285|cls=0.0420|qdom=2.4008|qcls=4.0787|div=-9.0383|sda=1.1883|rho=1.000|grl=1.000|lr=3.01e-04
Validation result: loss=0.7584, acc=0.86, f1=0.7130
Validation F1 did not improve from 0.7523.
TRAIN_EPOCH|epoch=64/100|steps=571|total=-1.3632|cls=0.0414|qdom=2.4035|qcls=4.0478|div=-9.0340|sda=1.1781|rho=1.000|grl=1.000|lr=2.87e-04
Validation result: loss=0.7424, acc=0.86, f1=0.7143
Validation F1 did not improve from 0.7523.
TRAIN_EPOCH|epoch=65/100|steps=571|total=-1.3172|cls=0.0410|qdom=2.4170|qcls=4.0731|div=-9.0326|sda=1.1844|rho=1.000|grl=1.000|lr=2.73e-04
Validation result: loss=0.8041, acc=0.86, f1=0.7044
Validation F1 did not improve from 0.7523.
TRAIN_EPOCH|epoch=66/100|steps=571|total=-1.2091|cls=0.0387|qdom=2.4780|qcls=4.1342|div=-9.0332|sda=1.1732|rho=1.000|grl=1.000|lr=2.59e-04
Validation result: loss=0.8406, acc=0.85, f1=0.6931
Validation F1 did not improve from 0.7523.
TRAIN_EPOCH|epoch=67/100|steps=571|total=-1.1161|cls=0.0391|qdom=2.4711|qcls=4.2437|div=-9.0445|sda=1.1746|rho=1.000|grl=1.000|lr=2.45e-04
Validation result: loss=0.8984, acc=0.84, f1=0.6878
Validation F1 did not improve from 0.7523.
TRAIN_EPOCH|epoch=68/100|steps=571|total=-1.2435|cls=0.0370|qdom=2.4299|qcls=4.1799|div=-9.0563|sda=1.1661|rho=1.000|grl=1.000|lr=2.32e-04
Validation result: loss=0.8130, acc=0.85, f1=0.7066
Validation F1 did not improve from 0.7523.
TRAIN_EPOCH|epoch=69/100|steps=571|total=-1.3188|cls=0.0343|qdom=2.4089|qcls=4.1153|div=-9.0191|sda=1.1418|rho=1.000|grl=1.000|lr=2.19e-04
Validation result: loss=0.7317, acc=0.87, f1=0.7150
Validation F1 did not improve from 0.7523.
TRAIN_EPOCH|epoch=70/100|steps=571|total=-1.4257|cls=0.0357|qdom=2.3308|qcls=4.1337|div=-9.0542|sda=1.1282|rho=1.000|grl=1.000|lr=2.06e-04
Validation result: loss=0.7288, acc=0.88, f1=0.7177
Validation F1 did not improve from 0.7523.
TRAIN_EPOCH|epoch=71/100|steps=571|total=-1.4421|cls=0.0336|qdom=2.3096|qcls=4.1418|div=-9.0602|sda=1.1331|rho=1.000|grl=1.000|lr=1.94e-04
Validation result: loss=0.6700, acc=0.89, f1=0.7205
Validation F1 did not improve from 0.7523.
TRAIN_EPOCH|epoch=72/100|steps=571|total=-1.3865|cls=0.0329|qdom=2.3705|qcls=4.1215|div=-9.0444|sda=1.1330|rho=1.000|grl=1.000|lr=1.81e-04
Validation result: loss=0.7265, acc=0.88, f1=0.7314
Validation F1 did not improve from 0.7523.
TRAIN_EPOCH|epoch=73/100|steps=571|total=-1.3661|cls=0.0310|qdom=2.4170|qcls=4.0987|div=-9.0484|sda=1.1356|rho=1.000|grl=1.000|lr=1.69e-04
Validation result: loss=0.8762, acc=0.85, f1=0.7018
Validation F1 did not improve from 0.7523.
TRAIN_EPOCH|epoch=74/100|steps=571|total=-1.4559|cls=0.0307|qdom=2.3993|qcls=4.0294|div=-9.0598|sda=1.1446|rho=1.000|grl=1.000|lr=1.58e-04
Validation result: loss=0.7621, acc=0.88, f1=0.7295
Validation F1 did not improve from 0.7523.
TRAIN_EPOCH|epoch=75/100|steps=571|total=-1.3731|cls=0.0290|qdom=2.4499|qcls=4.0716|div=-9.0556|sda=1.1320|rho=1.000|grl=1.000|lr=1.46e-04
Validation result: loss=0.8536, acc=0.86, f1=0.7057
Validation F1 did not improve from 0.7523.
TRAIN_EPOCH|epoch=76/100|steps=571|total=-1.2486|cls=0.0276|qdom=2.5311|qcls=4.1005|div=-9.0432|sda=1.1354|rho=1.000|grl=1.000|lr=1.36e-04
Validation result: loss=0.7943, acc=0.87, f1=0.7054
Validation F1 did not improve from 0.7523.
TRAIN_EPOCH|epoch=77/100|steps=571|total=-1.2442|cls=0.0291|qdom=2.5241|qcls=4.1337|div=-9.0551|sda=1.1240|rho=1.000|grl=1.000|lr=1.25e-04
Validation result: loss=0.8192, acc=0.87, f1=0.7171
Validation F1 did not improve from 0.7523.
TRAIN_EPOCH|epoch=78/100|steps=571|total=-1.3250|cls=0.0292|qdom=2.4781|qcls=4.1086|div=-9.0530|sda=1.1120|rho=1.000|grl=1.000|lr=1.15e-04
Validation result: loss=0.8386, acc=0.86, f1=0.7043
Validation F1 did not improve from 0.7523.
TRAIN_EPOCH|epoch=79/100|steps=571|total=-1.3417|cls=0.0262|qdom=2.4311|qcls=4.1334|div=-9.0442|sda=1.1118|rho=1.000|grl=1.000|lr=1.05e-04
Validation result: loss=0.8626, acc=0.86, f1=0.7023
Validation F1 did not improve from 0.7523.
TRAIN_EPOCH|epoch=80/100|steps=571|total=-1.2784|cls=0.0252|qdom=2.4538|qcls=4.1740|div=-9.0468|sda=1.1155|rho=1.000|grl=1.000|lr=9.55e-05
Validation result: loss=0.9523, acc=0.85, f1=0.6921
Validation F1 did not improve from 0.7523.
TRAIN_EPOCH|epoch=81/100|steps=571|total=-1.2339|cls=0.0266|qdom=2.4856|qcls=4.1639|div=-9.0388|sda=1.1287|rho=1.000|grl=1.000|lr=8.65e-05
Validation result: loss=0.8157, acc=0.87, f1=0.7220
Validation F1 did not improve from 0.7523.
TRAIN_EPOCH|epoch=82/100|steps=571|total=-1.1616|cls=0.0264|qdom=2.5420|qcls=4.1756|div=-9.0480|sda=1.1424|rho=1.000|grl=1.000|lr=7.78e-05
Validation result: loss=0.9043, acc=0.86, f1=0.7105
Validation F1 did not improve from 0.7523.
TRAIN_EPOCH|epoch=83/100|steps=571|total=-1.1390|cls=0.0262|qdom=2.5652|qcls=4.1714|div=-9.0449|sda=1.1431|rho=1.000|grl=1.000|lr=6.96e-05
Validation result: loss=0.7717, acc=0.88, f1=0.7183
Validation F1 did not improve from 0.7523.
TRAIN_EPOCH|epoch=84/100|steps=571|total=-1.1574|cls=0.0251|qdom=2.5529|qcls=4.1809|div=-9.0522|sda=1.1359|rho=1.000|grl=1.000|lr=6.18e-05
Validation result: loss=0.8616, acc=0.87, f1=0.7098
Validation F1 did not improve from 0.7523.
TRAIN_EPOCH|epoch=85/100|steps=571|total=-1.2237|cls=0.0241|qdom=2.5154|qcls=4.1701|div=-9.0693|sda=1.1360|rho=1.000|grl=1.000|lr=5.45e-05
Validation result: loss=0.8129, acc=0.87, f1=0.7211
Validation F1 did not improve from 0.7523.
TRAIN_EPOCH|epoch=86/100|steps=571|total=-1.1792|cls=0.0247|qdom=2.5058|qcls=4.1721|div=-9.0174|sda=1.1355|rho=1.000|grl=1.000|lr=4.76e-05
Validation result: loss=0.8624, acc=0.86, f1=0.6896
Validation F1 did not improve from 0.7523.
TRAIN_EPOCH|epoch=87/100|steps=571|total=-1.2128|cls=0.0237|qdom=2.4988|qcls=4.1872|div=-9.0525|sda=1.1301|rho=1.000|grl=1.000|lr=4.11e-05
Validation result: loss=0.8085, acc=0.87, f1=0.6966
Validation F1 did not improve from 0.7523.
TRAIN_EPOCH|epoch=88/100|steps=571|total=-1.1563|cls=0.0225|qdom=2.5158|qcls=4.2038|div=-9.0277|sda=1.1293|rho=1.000|grl=1.000|lr=3.51e-05
Validation result: loss=0.7871, acc=0.88, f1=0.7004
Validation F1 did not improve from 0.7523.
TRAIN_EPOCH|epoch=89/100|steps=571|total=-1.1635|cls=0.0228|qdom=2.5241|qcls=4.2107|div=-9.0461|sda=1.1251|rho=1.000|grl=1.000|lr=2.96e-05
Validation result: loss=0.7782, acc=0.88, f1=0.7073
Validation F1 did not improve from 0.7523.
TRAIN_EPOCH|epoch=90/100|steps=571|total=-1.1288|cls=0.0235|qdom=2.5327|qcls=4.2299|div=-9.0373|sda=1.1224|rho=1.000|grl=1.000|lr=2.45e-05
Validation result: loss=0.8035, acc=0.87, f1=0.7080
Validation F1 did not improve from 0.7523.
TRAIN_EPOCH|epoch=91/100|steps=571|total=-1.1739|cls=0.0220|qdom=2.5242|qcls=4.2164|div=-9.0561|sda=1.1196|rho=1.000|grl=1.000|lr=1.99e-05
Validation result: loss=0.8247, acc=0.87, f1=0.7148
Validation F1 did not improve from 0.7523.
TRAIN_EPOCH|epoch=92/100|steps=571|total=-1.1476|cls=0.0222|qdom=2.5370|qcls=4.2186|div=-9.0462|sda=1.1208|rho=1.000|grl=1.000|lr=1.57e-05
Validation result: loss=0.8819, acc=0.86, f1=0.6903
Validation F1 did not improve from 0.7523.
TRAIN_EPOCH|epoch=93/100|steps=571|total=-1.1592|cls=0.0215|qdom=2.5313|qcls=4.2167|div=-9.0483|sda=1.1195|rho=1.000|grl=1.000|lr=1.20e-05
Validation result: loss=0.7727, acc=0.87, f1=0.7076
Validation F1 did not improve from 0.7523.
TRAIN_EPOCH|epoch=94/100|steps=571|total=-1.1766|cls=0.0221|qdom=2.5287|qcls=4.2323|div=-9.0769|sda=1.1172|rho=1.000|grl=1.000|lr=8.86e-06
Validation result: loss=0.7653, acc=0.88, f1=0.7144
Validation F1 did not improve from 0.7523.
TRAIN_EPOCH|epoch=95/100|steps=571|total=-1.1245|cls=0.0225|qdom=2.5336|qcls=4.2253|div=-9.0235|sda=1.1176|rho=1.000|grl=1.000|lr=6.16e-06
Validation result: loss=0.8564, acc=0.86, f1=0.7050
Validation F1 did not improve from 0.7523.
TRAIN_EPOCH|epoch=96/100|steps=571|total=-1.1563|cls=0.0217|qdom=2.5295|qcls=4.2199|div=-9.0460|sda=1.1187|rho=1.000|grl=1.000|lr=3.94e-06
Validation result: loss=0.8141, acc=0.87, f1=0.7159
Validation F1 did not improve from 0.7523.
TRAIN_EPOCH|epoch=97/100|steps=571|total=-1.1328|cls=0.0222|qdom=2.5409|qcls=4.2283|div=-9.0437|sda=1.1195|rho=1.000|grl=1.000|lr=2.22e-06
Validation result: loss=0.8571, acc=0.86, f1=0.6979
Validation F1 did not improve from 0.7523.
TRAIN_EPOCH|epoch=98/100|steps=571|total=-1.1304|cls=0.0239|qdom=2.5433|qcls=4.2285|div=-9.0438|sda=1.1176|rho=1.000|grl=1.000|lr=9.87e-07
Validation result: loss=0.8072, acc=0.87, f1=0.7045
Validation F1 did not improve from 0.7523.
TRAIN_EPOCH|epoch=99/100|steps=571|total=-1.1299|cls=0.0226|qdom=2.5399|qcls=4.2246|div=-9.0361|sda=1.1191|rho=1.000|grl=1.000|lr=2.47e-07
Validation result: loss=0.7918, acc=0.87, f1=0.7175
Validation F1 did not improve from 0.7523.
TRAIN_EPOCH|epoch=100/100|steps=571|total=-1.1658|cls=0.0218|qdom=2.5359|qcls=4.2186|div=-9.0596|sda=1.1175|rho=1.000|grl=1.000|lr=0.00e+00
Validation result: loss=0.9336, acc=0.85, f1=0.6949
Validation F1 did not improve from 0.7523.
Restoring best model weights for testing...
Test result for DK1_to_FR2_seed3: accuracy=0.6018, f1=0.2507
                  precision    recall  f1-score   support

            corn       0.99      0.81      0.89      3761
      horsebeans       0.00      0.00      0.00        87
          meadow       0.96      0.74      0.83     10542
   spring_barley       0.03      0.20      0.05        79
      spring_oat       0.00      0.00      0.00        10
     spring_peas       0.07      0.12      0.09        34
    spring_wheat       0.00      0.00      0.00         7
   winter_barley       0.11      0.88      0.20       811
 winter_rapeseed       0.78      0.74      0.76       764
      winter_rye       0.00      0.25      0.01        12
winter_triticale       0.00      0.00      0.00       544
    winter_wheat       0.79      0.10      0.18      4238

        accuracy                           0.60     20889
       macro avg       0.31      0.32      0.25     20889
    weighted avg       0.85      0.60      0.65     20889

corn [3052   10   68  289  233    0   57   11    0    5    0   36]
horsebeans [ 3  0  8 13  0  8  0 28 20  2  0  5]
meadow [  19    1 7795  159    0    6    0 2189  127  195    4   47]
spring_barley [ 0  0  2 16  0  0  0 54  0  4  2  1]
spring_oat [0 0 3 5 0 0 1 1 0 0 0 0]
spring_peas [ 0  0  0 11  1  4  0 12  4  0  0  2]
spring_wheat [0 0 0 0 0 0 0 3 0 4 0 0]
winter_barley [  0   0  79   0   0   0   0 714   1  13   0   4]
winter_rapeseed [  0   0  10  14   0  41   0 125 567   6   0   1]
winter_rye [0 0 0 0 0 0 0 8 1 3 0 0]
winter_triticale [  0   0  24   1   0   0   0 419   7  77   0  16]
winter_wheat [   8    0  155    3    3    0    2 2771    1  871    3  421]
Overall result across 1 folds:
|                  | precision   | recall   | f1-score   | support     |
|:-----------------|:------------|:---------|:-----------|:------------|
| corn             | 99.0±0.0    | 81.1±0.0 | 89.2±0.0   | 3761.0±0.0  |
| horsebeans       | 0.0±0.0     | 0.0±0.0  | 0.0±0.0    | 87.0±0.0    |
| meadow           | 95.7±0.0    | 73.9±0.0 | 83.4±0.0   | 10542.0±0.0 |
| spring_barley    | 3.1±0.0     | 20.3±0.0 | 5.4±0.0    | 79.0±0.0    |
| spring_oat       | 0.0±0.0     | 0.0±0.0  | 0.0±0.0    | 10.0±0.0    |
| spring_peas      | 6.8±0.0     | 11.8±0.0 | 8.6±0.0    | 34.0±0.0    |
| spring_wheat     | 0.0±0.0     | 0.0±0.0  | 0.0±0.0    | 7.0±0.0     |
| winter_barley    | 11.3±0.0    | 88.0±0.0 | 20.0±0.0   | 811.0±0.0   |
| winter_rapeseed  | 77.9±0.0    | 74.2±0.0 | 76.0±0.0   | 764.0±0.0   |
| winter_rye       | 0.3±0.0     | 25.0±0.0 | 0.5±0.0    | 12.0±0.0    |
| winter_triticale | 0.0±0.0     | 0.0±0.0  | 0.0±0.0    | 544.0±0.0   |
| winter_wheat     | 79.0±0.0    | 9.9±0.0  | 17.6±0.0   | 4238.0±0.0  |
|                  |             |          |            |             |
| accuracy         |             |          |            | 60.2±0.0    |
| macro avg        | 31.1±0.0    | 32.0±0.0 | 25.1±0.0   | 20889.0±0.0 |
accuracy: 60.2±0.0
loss: 0.0±0.0
macro_f1: 25.1±0.0
weighted_f1: 65.3±0.0
kappa: 47.5±0.0
TASK_DONE|gpu=0|source=DK1|target=FR2|seed=3
DATE_END|2026-07-27T11:33:02+08:00
