TASK_START|gpu=0|source=DK1|target=FR2|seed=2|run=DK1_to_FR2_seed2
DATE_START|2026-07-27T05:17:06+08:00
GIT_HEAD|fc59a2e8f2510dfcbc38396b330ad7d7ebdda17a
Namespace(data_root='/data/user/dataset/timematch_data', num_blocks=100, source='denmark/32VNH/2017', target='france/30TXT/2017', num_folds=1, val_ratio=0.1, test_ratio=0.2, sample_pixels_val=True, output_dir='outputs/structure_da_full_3seeds_v1/DK1_to_FR2_seed2', experiment_name='DK1_to_FR2_seed2', num_workers=8, seed=2, device='cuda', log_step=10, eval=False, overall=False, combine_spring_and_winter=False, closed_set=True, progress_bar='auto', epochs=100, batch_size=128, lr=0.001, weight_decay=0.0001, num_pixels=64, input_dim=10, with_extra=False, tensorboard_log_dir='runs/structure_da_full_3seeds_v1/DK1_to_FR2_seed2', steps_per_epoch=None, quality_warmup_steps=None, grl_warmup_steps=None, grl_gamma=10.0, lambda_qdom=1.0, lambda_qcls=1.0, lambda_div=1.0, lambda_sda=1.0, time_scale=365.0, tau_fast_init=0.05, tau_slow_init=0.2, tau_min=0.0001, delta_tau_min=0.0001, quality_hidden_cap=128, quality_eta=0.1, sda_hidden_dim=128, model='structure_da')
CLOSED_SET_PROTOCOL|source=denmark/32VNH/2017|target=france/30TXT/2017|num_classes=12|classes=corn,horsebeans,meadow,spring_barley,spring_oat,spring_peas,spring_wheat,winter_barley,winter_rapeseed,winter_rye,winter_triticale,winter_wheat
Starting fold 0...
CLOSED_SET_COUNTS|source_total=53823|target_total=104447|source_train=37677|source_val=5382|source_test=10764|target_train=73114|target_val=10444|target_test=20889
evaluation dataset: denmark/32VNH/2017
val target data: 5382 (43 batches)
test taget data: 10764 (1746 batches)
evaluation dataset: france/30TXT/2017
val target data: 10444 (82 batches)
test taget data: 20889 (1367 batches)
StructureDAModel(
  (spatial_encoder): PixelSetEncoder(
    (mlp1): Sequential(
      (0): LinearLayer(
        (linear): Linear(in_features=10, out_features=32, bias=False)
        (norm): BatchNorm1d(32, eps=1e-05, momentum=0.1, affine=True, track_running_stats=True)
        (activation): ReLU()
      )
      (1): LinearLayer(
        (linear): Linear(in_features=32, out_features=64, bias=False)
        (norm): BatchNorm1d(64, eps=1e-05, momentum=0.1, affine=True, track_running_stats=True)
        (activation): ReLU()
      )
    )
    (mlp2): Sequential(
      (0): LinearLayer(
        (linear): Linear(in_features=128, out_features=128, bias=False)
        (norm): BatchNorm1d(128, eps=1e-05, momentum=0.1, affine=True, track_running_stats=True)
        (activation): ReLU()
      )
    )
  )
  (component_classifier): ComponentStructureClassifier(
    (decomposition): SymmetricTimeKernelDecomposition()
    (temporal_operator): TemporalRelationOperator()
    (channel_operator): ChannelRelationOperator()
    (trend_temporal_quality): StructuralQualityPerception(
      (transferability): TransferabilityScorer(
        (normalization): LayerNorm((512,), eps=1e-05, elementwise_affine=True)
        (hidden): Linear(in_features=512, out_features=128, bias=True)
        (activation): ReLU()
        (domain_head): Linear(in_features=128, out_features=2, bias=True)
      )
      (discriminability): DiscriminabilityScorer(
        (normalization): LayerNorm((512,), eps=1e-05, elementwise_affine=True)
        (class_head): Linear(in_features=512, out_features=12, bias=True)
      )
    )
    (dynamics_temporal_quality): StructuralQualityPerception(
      (transferability): TransferabilityScorer(
        (normalization): LayerNorm((512,), eps=1e-05, elementwise_affine=True)
        (hidden): Linear(in_features=512, out_features=128, bias=True)
        (activation): ReLU()
        (domain_head): Linear(in_features=128, out_features=2, bias=True)
      )
      (discriminability): DiscriminabilityScorer(
        (normalization): LayerNorm((512,), eps=1e-05, elementwise_affine=True)
        (class_head): Linear(in_features=512, out_features=12, bias=True)
      )
    )
    (dynamics_channel_quality): StructuralQualityPerception(
      (transferability): TransferabilityScorer(
        (normalization): LayerNorm((8128,), eps=1e-05, elementwise_affine=True)
        (hidden): Linear(in_features=8128, out_features=128, bias=True)
        (activation): ReLU()
        (domain_head): Linear(in_features=128, out_features=2, bias=True)
      )
      (discriminability): DiscriminabilityScorer(
        (normalization): LayerNorm((8128,), eps=1e-05, elementwise_affine=True)
        (class_head): Linear(in_features=8128, out_features=12, bias=True)
      )
    )
    (content_norm): LayerNorm((128,), eps=1e-05, elementwise_affine=False)
    (temporal_norm): LayerNorm((256,), eps=1e-05, elementwise_affine=False)
    (channel_norm): LayerNorm((128,), eps=1e-05, elementwise_affine=False)
    (shared_ltae): LTAE(
      (inconv): LinearLayer(
        (linear): Linear(in_features=512, out_features=256, bias=False)
        (norm): BatchNorm1d(256, eps=1e-05, momentum=0.1, affine=True, track_running_stats=True)
        (activation): ReLU()
      )
      (positional_enc): Embedding(565, 256)
      (attention_heads): MultiHeadAttention(
        (key): Linear(in_features=256, out_features=128, bias=True)
        (dropout): Dropout(p=0.1, inplace=False)
        (softmax): Softmax(dim=-1)
      )
      (mlp): Sequential(
        (0): LinearLayer(
          (linear): Linear(in_features=256, out_features=128, bias=False)
          (norm): BatchNorm1d(128, eps=1e-05, momentum=0.1, affine=True, track_running_stats=True)
          (activation): ReLU()
        )
      )
      (dropout): Dropout(p=0.2, inplace=False)
    )
    (trend_component_quality): ComponentQualityPerception(
      (transferability): TransferabilityScorer(
        (normalization): LayerNorm((128,), eps=1e-05, elementwise_affine=True)
        (hidden): Linear(in_features=128, out_features=128, bias=True)
        (activation): ReLU()
        (domain_head): Linear(in_features=128, out_features=2, bias=True)
      )
      (discriminability): DiscriminabilityScorer(
        (normalization): LayerNorm((128,), eps=1e-05, elementwise_affine=True)
        (class_head): Linear(in_features=128, out_features=12, bias=True)
      )
      (diversity): DiversityScorer(
        (normalization): LayerNorm((128,), eps=1e-05, elementwise_affine=True)
        (diversity_head): Linear(in_features=128, out_features=1, bias=True)
        (activation): Sigmoid()
      )
    )
    (dynamics_component_quality): ComponentQualityPerception(
      (transferability): TransferabilityScorer(
        (normalization): LayerNorm((128,), eps=1e-05, elementwise_affine=True)
        (hidden): Linear(in_features=128, out_features=128, bias=True)
        (activation): ReLU()
        (domain_head): Linear(in_features=128, out_features=2, bias=True)
      )
      (discriminability): DiscriminabilityScorer(
        (normalization): LayerNorm((128,), eps=1e-05, elementwise_affine=True)
        (class_head): Linear(in_features=128, out_features=12, bias=True)
      )
      (diversity): DiversityScorer(
        (normalization): LayerNorm((128,), eps=1e-05, elementwise_affine=True)
        (diversity_head): Linear(in_features=128, out_features=1, bias=True)
        (activation): Sigmoid()
      )
    )
    (residual_component_quality): ComponentQualityPerception(
      (transferability): TransferabilityScorer(
        (normalization): LayerNorm((128,), eps=1e-05, elementwise_affine=True)
        (hidden): Linear(in_features=128, out_features=128, bias=True)
        (activation): ReLU()
        (domain_head): Linear(in_features=128, out_features=2, bias=True)
      )
      (discriminability): DiscriminabilityScorer(
        (normalization): LayerNorm((128,), eps=1e-05, elementwise_affine=True)
        (class_head): Linear(in_features=128, out_features=12, bias=True)
      )
      (diversity): DiversityScorer(
        (normalization): LayerNorm((128,), eps=1e-05, elementwise_affine=True)
        (diversity_head): Linear(in_features=128, out_features=1, bias=True)
        (activation): Sigmoid()
      )
    )
    (component_embedding_norm): LayerNorm((128,), eps=1e-05, elementwise_affine=False)
    (classifier): Sequential(
      (0): LinearLayer(
        (linear): Linear(in_features=384, out_features=64, bias=False)
        (norm): BatchNorm1d(64, eps=1e-05, momentum=0.1, affine=True, track_running_stats=True)
        (activation): ReLU()
      )
      (1): LinearLayer(
        (linear): Linear(in_features=64, out_features=32, bias=False)
        (norm): BatchNorm1d(32, eps=1e-05, momentum=0.1, affine=True, track_running_stats=True)
        (activation): ReLU()
      )
      (2): Linear(in_features=32, out_features=12, bias=True)
    )
  )
  (joint_builder): JointStructuralSpaceBuilder(
    (trend_temporal_norm): LayerNorm((512,), eps=1e-05, elementwise_affine=False)
    (dynamics_temporal_norm): LayerNorm((512,), eps=1e-05, elementwise_affine=False)
    (dynamics_channel_norm): LayerNorm((8128,), eps=1e-05, elementwise_affine=False)
  )
  (adversarial_adapter): StructuralAdversarialAdapter(
    (discriminator): SDADiscriminator(
      (hidden): Linear(in_features=9152, out_features=128, bias=True)
      (activation): ReLU()
      (output): Linear(in_features=128, out_features=1, bias=True)
    )
  )
)
Number of trainable parameters: 2792486
TRAIN_EPOCH|epoch=1/100|steps=571|total=6.5986|cls=0.5804|qdom=4.5593|qcls=6.3132|div=-5.9034|sda=1.0492|rho=0.998|grl=1.000|lr=1.00e-03
Validation result: loss=0.6440, acc=0.81, f1=0.5021
Validation F1 improved from -inf to 0.5021!
Saving best model to outputs/structure_da_full_3seeds_v1/DK1_to_FR2_seed2/fold_0/model.pt
TRAIN_EPOCH|epoch=2/100|steps=571|total=3.1782|cls=0.4004|qdom=3.9484|qcls=6.4074|div=-8.6844|sda=1.1063|rho=1.000|grl=1.000|lr=9.99e-04
Validation result: loss=0.4100, acc=0.88, f1=0.6145
Validation F1 improved from 0.5021 to 0.6145!
Saving best model to outputs/structure_da_full_3seeds_v1/DK1_to_FR2_seed2/fold_0/model.pt
TRAIN_EPOCH|epoch=3/100|steps=571|total=3.7800|cls=0.3709|qdom=4.3750|qcls=6.6542|div=-8.8309|sda=1.2109|rho=1.000|grl=1.000|lr=9.98e-04
Validation result: loss=0.4536, acc=0.88, f1=0.5891
Validation F1 did not improve from 0.6145.
TRAIN_EPOCH|epoch=4/100|steps=571|total=3.9168|cls=0.3363|qdom=4.6592|qcls=6.5394|div=-8.8710|sda=1.2529|rho=1.000|grl=1.000|lr=9.96e-04
Validation result: loss=0.4635, acc=0.87, f1=0.6083
Validation F1 did not improve from 0.6145.
TRAIN_EPOCH|epoch=5/100|steps=571|total=3.2733|cls=0.2994|qdom=4.5787|qcls=6.0361|div=-8.9203|sda=1.2794|rho=1.000|grl=1.000|lr=9.94e-04
Validation result: loss=0.6467, acc=0.80, f1=0.6153
Validation F1 improved from 0.6145 to 0.6153!
Saving best model to outputs/structure_da_full_3seeds_v1/DK1_to_FR2_seed2/fold_0/model.pt
TRAIN_EPOCH|epoch=6/100|steps=571|total=2.8090|cls=0.2800|qdom=4.3922|qcls=5.7674|div=-8.9390|sda=1.3084|rho=1.000|grl=1.000|lr=9.91e-04
Validation result: loss=0.4558, acc=0.86, f1=0.6369
Validation F1 improved from 0.6153 to 0.6369!
Saving best model to outputs/structure_da_full_3seeds_v1/DK1_to_FR2_seed2/fold_0/model.pt
TRAIN_EPOCH|epoch=7/100|steps=571|total=2.4060|cls=0.2724|qdom=4.3134|qcls=5.4333|div=-8.9084|sda=1.2954|rho=1.000|grl=1.000|lr=9.88e-04
Validation result: loss=0.4714, acc=0.85, f1=0.6221
Validation F1 did not improve from 0.6369.
TRAIN_EPOCH|epoch=8/100|steps=571|total=2.1235|cls=0.2484|qdom=4.2927|qcls=5.2274|div=-8.9713|sda=1.3263|rho=1.000|grl=1.000|lr=9.84e-04
Validation result: loss=0.3950, acc=0.88, f1=0.7004
Validation F1 improved from 0.6369 to 0.7004!
Saving best model to outputs/structure_da_full_3seeds_v1/DK1_to_FR2_seed2/fold_0/model.pt
TRAIN_EPOCH|epoch=9/100|steps=571|total=1.8931|cls=0.2363|qdom=4.1326|qcls=5.1407|div=-8.9610|sda=1.3446|rho=1.000|grl=1.000|lr=9.80e-04
Validation result: loss=0.4224, acc=0.87, f1=0.6903
Validation F1 did not improve from 0.7004.
TRAIN_EPOCH|epoch=10/100|steps=571|total=1.5195|cls=0.2278|qdom=4.0052|qcls=4.9269|div=-8.9747|sda=1.3342|rho=1.000|grl=1.000|lr=9.76e-04
Validation result: loss=0.3962, acc=0.89, f1=0.7054
Validation F1 improved from 0.7004 to 0.7054!
Saving best model to outputs/structure_da_full_3seeds_v1/DK1_to_FR2_seed2/fold_0/model.pt
TRAIN_EPOCH|epoch=11/100|steps=571|total=1.6197|cls=0.2237|qdom=4.1148|qcls=4.9300|div=-8.9793|sda=1.3305|rho=1.000|grl=1.000|lr=9.70e-04
Validation result: loss=0.4123, acc=0.88, f1=0.6982
Validation F1 did not improve from 0.7054.
TRAIN_EPOCH|epoch=12/100|steps=571|total=1.2010|cls=0.2063|qdom=3.8767|qcls=4.7917|div=-9.0100|sda=1.3365|rho=1.000|grl=1.000|lr=9.65e-04
Validation result: loss=0.2836, acc=0.93, f1=0.7949
Validation F1 improved from 0.7054 to 0.7949!
Saving best model to outputs/structure_da_full_3seeds_v1/DK1_to_FR2_seed2/fold_0/model.pt
TRAIN_EPOCH|epoch=13/100|steps=571|total=1.6219|cls=0.2104|qdom=4.1577|qcls=4.8913|div=-8.9688|sda=1.3313|rho=1.000|grl=1.000|lr=9.59e-04
Validation result: loss=0.3822, acc=0.89, f1=0.7297
Validation F1 did not improve from 0.7949.
TRAIN_EPOCH|epoch=14/100|steps=571|total=2.0616|cls=0.2176|qdom=4.3474|qcls=5.1216|div=-8.9501|sda=1.3251|rho=1.000|grl=1.000|lr=9.52e-04
Validation result: loss=0.6097, acc=0.82, f1=0.6485
Validation F1 did not improve from 0.7949.
TRAIN_EPOCH|epoch=15/100|steps=571|total=1.8549|cls=0.2073|qdom=4.2644|qcls=5.0068|div=-8.9539|sda=1.3304|rho=1.000|grl=1.000|lr=9.46e-04
Validation result: loss=0.2963, acc=0.92, f1=0.7406
Validation F1 did not improve from 0.7949.
TRAIN_EPOCH|epoch=16/100|steps=571|total=1.6730|cls=0.1979|qdom=4.1886|qcls=4.9510|div=-8.9917|sda=1.3271|rho=1.000|grl=1.000|lr=9.38e-04
Validation result: loss=0.3577, acc=0.90, f1=0.7670
Validation F1 did not improve from 0.7949.
TRAIN_EPOCH|epoch=17/100|steps=571|total=1.8560|cls=0.1914|qdom=4.3214|qcls=4.9713|div=-8.9510|sda=1.3230|rho=1.000|grl=1.000|lr=9.30e-04
Validation result: loss=0.6395, acc=0.82, f1=0.6791
Validation F1 did not improve from 0.7949.
TRAIN_EPOCH|epoch=18/100|steps=571|total=1.8687|cls=0.2050|qdom=4.2664|qcls=5.0322|div=-8.9592|sda=1.3244|rho=1.000|grl=1.000|lr=9.22e-04
Validation result: loss=0.4811, acc=0.87, f1=0.7282
Validation F1 did not improve from 0.7949.
TRAIN_EPOCH|epoch=19/100|steps=571|total=1.4801|cls=0.1896|qdom=4.1095|qcls=4.8350|div=-8.9676|sda=1.3137|rho=1.000|grl=1.000|lr=9.14e-04
Validation result: loss=0.4437, acc=0.88, f1=0.7241
Validation F1 did not improve from 0.7949.
TRAIN_EPOCH|epoch=20/100|steps=571|total=1.5227|cls=0.1836|qdom=4.1433|qcls=4.8540|div=-8.9746|sda=1.3163|rho=1.000|grl=1.000|lr=9.05e-04
Validation result: loss=0.4323, acc=0.89, f1=0.7211
Validation F1 did not improve from 0.7949.
TRAIN_EPOCH|epoch=21/100|steps=571|total=1.5210|cls=0.1873|qdom=4.2138|qcls=4.8037|div=-9.0046|sda=1.3207|rho=1.000|grl=1.000|lr=8.95e-04
Validation result: loss=0.4245, acc=0.88, f1=0.7062
Validation F1 did not improve from 0.7949.
TRAIN_EPOCH|epoch=22/100|steps=571|total=1.1888|cls=0.1863|qdom=4.0262|qcls=4.6494|div=-8.9790|sda=1.3059|rho=1.000|grl=1.000|lr=8.85e-04
Validation result: loss=0.4810, acc=0.88, f1=0.7363
Validation F1 did not improve from 0.7949.
TRAIN_EPOCH|epoch=23/100|steps=571|total=1.6965|cls=0.1972|qdom=4.1830|qcls=4.9586|div=-8.9626|sda=1.3202|rho=1.000|grl=1.000|lr=8.75e-04
Validation result: loss=0.4102, acc=0.89, f1=0.7446
Validation F1 did not improve from 0.7949.
TRAIN_EPOCH|epoch=24/100|steps=571|total=1.3916|cls=0.1795|qdom=4.0963|qcls=4.7688|div=-8.9624|sda=1.3093|rho=1.000|grl=1.000|lr=8.64e-04
Validation result: loss=0.5146, acc=0.87, f1=0.6944
Validation F1 did not improve from 0.7949.
TRAIN_EPOCH|epoch=25/100|steps=571|total=1.4696|cls=0.1746|qdom=4.0442|qcls=4.9073|div=-8.9580|sda=1.3014|rho=1.000|grl=1.000|lr=8.54e-04
Validation result: loss=0.5837, acc=0.86, f1=0.6966
Validation F1 did not improve from 0.7949.
TRAIN_EPOCH|epoch=26/100|steps=571|total=1.5925|cls=0.1683|qdom=4.1419|qcls=4.9526|div=-8.9808|sda=1.3105|rho=1.000|grl=1.000|lr=8.42e-04
Validation result: loss=0.4169, acc=0.89, f1=0.7295
Validation F1 did not improve from 0.7949.
TRAIN_EPOCH|epoch=27/100|steps=571|total=1.3618|cls=0.1663|qdom=4.0882|qcls=4.7897|div=-8.9975|sda=1.3152|rho=1.000|grl=1.000|lr=8.31e-04
Validation result: loss=0.4484, acc=0.89, f1=0.7059
Validation F1 did not improve from 0.7949.
TRAIN_EPOCH|epoch=28/100|steps=571|total=1.3046|cls=0.1601|qdom=4.0125|qcls=4.7958|div=-8.9746|sda=1.3108|rho=1.000|grl=1.000|lr=8.19e-04
Validation result: loss=0.6852, acc=0.85, f1=0.6751
Validation F1 did not improve from 0.7949.
TRAIN_EPOCH|epoch=29/100|steps=571|total=1.0771|cls=0.1472|qdom=3.8653|qcls=4.7372|div=-9.0022|sda=1.3296|rho=1.000|grl=1.000|lr=8.06e-04
Validation result: loss=0.4926, acc=0.89, f1=0.6948
Validation F1 did not improve from 0.7949.
TRAIN_EPOCH|epoch=30/100|steps=571|total=1.0654|cls=0.1425|qdom=3.8944|qcls=4.6806|div=-8.9654|sda=1.3134|rho=1.000|grl=1.000|lr=7.94e-04
Validation result: loss=0.5468, acc=0.87, f1=0.6873
Validation F1 did not improve from 0.7949.
TRAIN_EPOCH|epoch=31/100|steps=571|total=0.8517|cls=0.1399|qdom=3.7263|qcls=4.6481|div=-8.9953|sda=1.3326|rho=1.000|grl=1.000|lr=7.81e-04
Validation result: loss=0.4384, acc=0.89, f1=0.7175
Validation F1 did not improve from 0.7949.
TRAIN_EPOCH|epoch=32/100|steps=571|total=0.6587|cls=0.1412|qdom=3.6742|qcls=4.5089|div=-8.9886|sda=1.3230|rho=1.000|grl=1.000|lr=7.68e-04
Validation result: loss=0.4555, acc=0.89, f1=0.7453
Validation F1 did not improve from 0.7949.
TRAIN_EPOCH|epoch=33/100|steps=571|total=0.3061|cls=0.1315|qdom=3.4129|qcls=4.4254|div=-8.9680|sda=1.3044|rho=1.000|grl=1.000|lr=7.55e-04
Validation result: loss=0.4703, acc=0.89, f1=0.7394
Validation F1 did not improve from 0.7949.
TRAIN_EPOCH|epoch=34/100|steps=571|total=0.5673|cls=0.1291|qdom=3.6460|qcls=4.4285|div=-8.9557|sda=1.3193|rho=1.000|grl=1.000|lr=7.41e-04
Validation result: loss=0.5662, acc=0.87, f1=0.7055
Validation F1 did not improve from 0.7949.
TRAIN_EPOCH|epoch=35/100|steps=571|total=0.4169|cls=0.1197|qdom=3.5074|qcls=4.4557|div=-8.9958|sda=1.3299|rho=1.000|grl=1.000|lr=7.27e-04
Validation result: loss=0.6041, acc=0.87, f1=0.6954
Validation F1 did not improve from 0.7949.
TRAIN_EPOCH|epoch=36/100|steps=571|total=0.1753|cls=0.1146|qdom=3.3274|qcls=4.4069|div=-9.0034|sda=1.3298|rho=1.000|grl=1.000|lr=7.13e-04
Validation result: loss=0.4469, acc=0.90, f1=0.7519
Validation F1 did not improve from 0.7949.
TRAIN_EPOCH|epoch=37/100|steps=571|total=0.3702|cls=0.1144|qdom=3.5149|qcls=4.4042|div=-8.9877|sda=1.3243|rho=1.000|grl=1.000|lr=6.99e-04
Validation result: loss=0.4645, acc=0.90, f1=0.6985
Validation F1 did not improve from 0.7949.
TRAIN_EPOCH|epoch=38/100|steps=571|total=0.2412|cls=0.1088|qdom=3.4479|qcls=4.3640|div=-9.0049|sda=1.3254|rho=1.000|grl=1.000|lr=6.84e-04
Validation result: loss=0.4698, acc=0.90, f1=0.7413
Validation F1 did not improve from 0.7949.
TRAIN_EPOCH|epoch=39/100|steps=571|total=0.0402|cls=0.1031|qdom=3.3592|qcls=4.2788|div=-9.0240|sda=1.3232|rho=1.000|grl=1.000|lr=6.69e-04
Validation result: loss=0.4742, acc=0.90, f1=0.7541
Validation F1 did not improve from 0.7949.
TRAIN_EPOCH|epoch=40/100|steps=571|total=0.0062|cls=0.0973|qdom=3.3047|qcls=4.2579|div=-8.9841|sda=1.3303|rho=1.000|grl=1.000|lr=6.55e-04
Validation result: loss=0.5617, acc=0.88, f1=0.6983
Validation F1 did not improve from 0.7949.
TRAIN_EPOCH|epoch=41/100|steps=571|total=0.0504|cls=0.0960|qdom=3.3546|qcls=4.2929|div=-9.0115|sda=1.3183|rho=1.000|grl=1.000|lr=6.39e-04
Validation result: loss=0.5197, acc=0.89, f1=0.7173
Validation F1 did not improve from 0.7949.
TRAIN_EPOCH|epoch=42/100|steps=571|total=-0.1653|cls=0.0888|qdom=3.2843|qcls=4.1802|div=-9.0314|sda=1.3129|rho=1.000|grl=1.000|lr=6.24e-04
Validation result: loss=0.5299, acc=0.89, f1=0.7364
Validation F1 did not improve from 0.7949.
TRAIN_EPOCH|epoch=43/100|steps=571|total=-0.0768|cls=0.0852|qdom=3.3281|qcls=4.2000|div=-8.9972|sda=1.3072|rho=1.000|grl=1.000|lr=6.09e-04
Validation result: loss=0.4461, acc=0.91, f1=0.7655
Validation F1 did not improve from 0.7949.
TRAIN_EPOCH|epoch=44/100|steps=571|total=-0.1327|cls=0.0835|qdom=3.3096|qcls=4.1496|div=-8.9987|sda=1.3233|rho=1.000|grl=1.000|lr=5.94e-04
Validation result: loss=0.4807, acc=0.90, f1=0.7642
Validation F1 did not improve from 0.7949.
TRAIN_EPOCH|epoch=45/100|steps=571|total=-0.2730|cls=0.0776|qdom=3.2482|qcls=4.1017|div=-9.0173|sda=1.3168|rho=1.000|grl=1.000|lr=5.78e-04
Validation result: loss=0.4194, acc=0.91, f1=0.7643
Validation F1 did not improve from 0.7949.
TRAIN_EPOCH|epoch=46/100|steps=571|total=-0.3726|cls=0.0793|qdom=3.1775|qcls=4.0809|div=-9.0242|sda=1.3138|rho=1.000|grl=1.000|lr=5.63e-04
Validation result: loss=0.5086, acc=0.89, f1=0.7138
Validation F1 did not improve from 0.7949.
TRAIN_EPOCH|epoch=47/100|steps=571|total=-0.5944|cls=0.0717|qdom=3.0329|qcls=4.0063|div=-9.0129|sda=1.3076|rho=1.000|grl=1.000|lr=5.47e-04
Validation result: loss=0.4628, acc=0.90, f1=0.7422
Validation F1 did not improve from 0.7949.
TRAIN_EPOCH|epoch=48/100|steps=571|total=-0.1555|cls=0.0742|qdom=3.1768|qcls=4.2971|div=-9.0132|sda=1.3096|rho=1.000|grl=1.000|lr=5.31e-04
Validation result: loss=0.5345, acc=0.88, f1=0.7454
Validation F1 did not improve from 0.7949.
TRAIN_EPOCH|epoch=49/100|steps=571|total=-0.1865|cls=0.0704|qdom=3.2629|qcls=4.1707|div=-9.0153|sda=1.3247|rho=1.000|grl=1.000|lr=5.16e-04
Validation result: loss=0.4785, acc=0.91, f1=0.7713
Validation F1 did not improve from 0.7949.
TRAIN_EPOCH|epoch=50/100|steps=571|total=-0.2963|cls=0.0658|qdom=3.2118|qcls=4.1166|div=-9.0099|sda=1.3194|rho=1.000|grl=1.000|lr=5.00e-04
Validation result: loss=0.5034, acc=0.90, f1=0.7492
Validation F1 did not improve from 0.7949.
TRAIN_EPOCH|epoch=51/100|steps=571|total=-0.3238|cls=0.0639|qdom=3.2592|qcls=4.0590|div=-9.0241|sda=1.3182|rho=1.000|grl=1.000|lr=4.84e-04
Validation result: loss=0.5341, acc=0.89, f1=0.7441
Validation F1 did not improve from 0.7949.
TRAIN_EPOCH|epoch=52/100|steps=571|total=-0.3743|cls=0.0620|qdom=3.1938|qcls=4.0691|div=-9.0051|sda=1.3058|rho=1.000|grl=1.000|lr=4.69e-04
Validation result: loss=0.6836, acc=0.87, f1=0.7132
Validation F1 did not improve from 0.7949.
TRAIN_EPOCH|epoch=53/100|steps=571|total=-0.2503|cls=0.0625|qdom=3.2397|qcls=4.1481|div=-9.0124|sda=1.3118|rho=1.000|grl=1.000|lr=4.53e-04
Validation result: loss=0.5338, acc=0.89, f1=0.7451
Validation F1 did not improve from 0.7949.
TRAIN_EPOCH|epoch=54/100|steps=571|total=-0.1562|cls=0.0576|qdom=3.2695|qcls=4.1937|div=-9.0001|sda=1.3230|rho=1.000|grl=1.000|lr=4.37e-04
Validation result: loss=0.6257, acc=0.88, f1=0.7004
Validation F1 did not improve from 0.7949.
TRAIN_EPOCH|epoch=55/100|steps=571|total=-0.1770|cls=0.0565|qdom=3.2216|qcls=4.2139|div=-9.0043|sda=1.3352|rho=1.000|grl=1.000|lr=4.22e-04
Validation result: loss=0.6142, acc=0.88, f1=0.7309
Validation F1 did not improve from 0.7949.
TRAIN_EPOCH|epoch=56/100|steps=571|total=-0.1675|cls=0.0520|qdom=3.2139|qcls=4.2492|div=-8.9996|sda=1.3170|rho=1.000|grl=1.000|lr=4.06e-04
Validation result: loss=0.5669, acc=0.89, f1=0.7280
Validation F1 did not improve from 0.7949.
TRAIN_EPOCH|epoch=57/100|steps=571|total=-0.1156|cls=0.0534|qdom=3.2904|qcls=4.2420|div=-9.0218|sda=1.3205|rho=1.000|grl=1.000|lr=3.91e-04
Validation result: loss=0.6243, acc=0.89, f1=0.7274
Validation F1 did not improve from 0.7949.
TRAIN_EPOCH|epoch=58/100|steps=571|total=-0.0132|cls=0.0505|qdom=3.2975|qcls=4.3161|div=-9.0093|sda=1.3319|rho=1.000|grl=1.000|lr=3.76e-04
Validation result: loss=0.5244, acc=0.90, f1=0.7585
Validation F1 did not improve from 0.7949.
TRAIN_EPOCH|epoch=59/100|steps=571|total=-0.0897|cls=0.0516|qdom=3.2385|qcls=4.2817|div=-8.9984|sda=1.3370|rho=1.000|grl=1.000|lr=3.61e-04
Validation result: loss=0.5221, acc=0.90, f1=0.7437
Validation F1 did not improve from 0.7949.
TRAIN_EPOCH|epoch=60/100|steps=571|total=-0.0586|cls=0.0448|qdom=3.3188|qcls=4.2750|div=-9.0245|sda=1.3273|rho=1.000|grl=1.000|lr=3.45e-04
Validation result: loss=0.5918, acc=0.88, f1=0.7378
Validation F1 did not improve from 0.7949.
TRAIN_EPOCH|epoch=61/100|steps=571|total=0.0563|cls=0.0471|qdom=3.3613|qcls=4.3553|div=-9.0207|sda=1.3133|rho=1.000|grl=1.000|lr=3.31e-04
Validation result: loss=0.6220, acc=0.88, f1=0.7308
Validation F1 did not improve from 0.7949.
TRAIN_EPOCH|epoch=62/100|steps=571|total=-0.0304|cls=0.0450|qdom=3.2778|qcls=4.3381|div=-9.0151|sda=1.3239|rho=1.000|grl=1.000|lr=3.16e-04
Validation result: loss=0.5459, acc=0.89, f1=0.7402
Validation F1 did not improve from 0.7949.
TRAIN_EPOCH|epoch=63/100|steps=571|total=-0.1850|cls=0.0432|qdom=3.1851|qcls=4.2941|div=-9.0247|sda=1.3174|rho=1.000|grl=1.000|lr=3.01e-04
Validation result: loss=0.6189, acc=0.88, f1=0.7231
Validation F1 did not improve from 0.7949.
TRAIN_EPOCH|epoch=64/100|steps=571|total=0.0001|cls=0.0430|qdom=3.2941|qcls=4.3425|div=-9.0017|sda=1.3223|rho=1.000|grl=1.000|lr=2.87e-04
Validation result: loss=0.6457, acc=0.88, f1=0.7294
Validation F1 did not improve from 0.7949.
TRAIN_EPOCH|epoch=65/100|steps=571|total=-0.1393|cls=0.0416|qdom=3.2063|qcls=4.3104|div=-9.0131|sda=1.3154|rho=1.000|grl=1.000|lr=2.73e-04
Validation result: loss=0.6052, acc=0.88, f1=0.7295
Validation F1 did not improve from 0.7949.
TRAIN_EPOCH|epoch=66/100|steps=571|total=-0.1592|cls=0.0402|qdom=3.2154|qcls=4.2890|div=-9.0208|sda=1.3169|rho=1.000|grl=1.000|lr=2.59e-04
Validation result: loss=0.5914, acc=0.89, f1=0.7262
Validation F1 did not improve from 0.7949.
TRAIN_EPOCH|epoch=67/100|steps=571|total=-0.3098|cls=0.0402|qdom=3.1098|qcls=4.2585|div=-9.0334|sda=1.3151|rho=1.000|grl=1.000|lr=2.45e-04
Validation result: loss=0.6941, acc=0.87, f1=0.7152
Validation F1 did not improve from 0.7949.
TRAIN_EPOCH|epoch=68/100|steps=571|total=-0.2716|cls=0.0371|qdom=3.1536|qcls=4.2424|div=-9.0197|sda=1.3151|rho=1.000|grl=1.000|lr=2.32e-04
Validation result: loss=0.6945, acc=0.87, f1=0.7147
Validation F1 did not improve from 0.7949.
TRAIN_EPOCH|epoch=69/100|steps=571|total=-0.1947|cls=0.0359|qdom=3.2163|qcls=4.2847|div=-9.0470|sda=1.3154|rho=1.000|grl=1.000|lr=2.19e-04
Validation result: loss=0.5784, acc=0.89, f1=0.7299
Validation F1 did not improve from 0.7949.
TRAIN_EPOCH|epoch=70/100|steps=571|total=-0.2705|cls=0.0366|qdom=3.1661|qcls=4.2528|div=-9.0339|sda=1.3078|rho=1.000|grl=1.000|lr=2.06e-04
Validation result: loss=0.5898, acc=0.89, f1=0.7247
Validation F1 did not improve from 0.7949.
TRAIN_EPOCH|epoch=71/100|steps=571|total=-0.2522|cls=0.0354|qdom=3.1517|qcls=4.2806|div=-9.0290|sda=1.3092|rho=1.000|grl=1.000|lr=1.94e-04
Validation result: loss=0.6053, acc=0.89, f1=0.7279
Validation F1 did not improve from 0.7949.
TRAIN_EPOCH|epoch=72/100|steps=571|total=-0.0788|cls=0.0328|qdom=3.2389|qcls=4.3475|div=-9.0200|sda=1.3220|rho=1.000|grl=1.000|lr=1.81e-04
Validation result: loss=0.5967, acc=0.89, f1=0.7229
Validation F1 did not improve from 0.7949.
TRAIN_EPOCH|epoch=73/100|steps=571|total=-0.0660|cls=0.0346|qdom=3.2109|qcls=4.3737|div=-9.0066|sda=1.3214|rho=1.000|grl=1.000|lr=1.69e-04
Validation result: loss=0.6162, acc=0.89, f1=0.7489
Validation F1 did not improve from 0.7949.
TRAIN_EPOCH|epoch=74/100|steps=571|total=-0.1760|cls=0.0315|qdom=3.1481|qcls=4.3618|div=-9.0257|sda=1.3083|rho=1.000|grl=1.000|lr=1.58e-04
Validation result: loss=0.5486, acc=0.90, f1=0.7589
Validation F1 did not improve from 0.7949.
TRAIN_EPOCH|epoch=75/100|steps=571|total=-0.1886|cls=0.0325|qdom=3.1387|qcls=4.3655|div=-9.0304|sda=1.3052|rho=1.000|grl=1.000|lr=1.46e-04
Validation result: loss=0.6336, acc=0.89, f1=0.7116
Validation F1 did not improve from 0.7949.
TRAIN_EPOCH|epoch=76/100|steps=571|total=-0.1331|cls=0.0309|qdom=3.2080|qcls=4.3688|div=-9.0340|sda=1.2932|rho=1.000|grl=1.000|lr=1.36e-04
Validation result: loss=0.6613, acc=0.88, f1=0.7184
Validation F1 did not improve from 0.7949.
TRAIN_EPOCH|epoch=77/100|steps=571|total=-0.1751|cls=0.0302|qdom=3.2092|qcls=4.3290|div=-9.0377|sda=1.2943|rho=1.000|grl=1.000|lr=1.25e-04
Validation result: loss=0.6273, acc=0.89, f1=0.7409
Validation F1 did not improve from 0.7949.
TRAIN_EPOCH|epoch=78/100|steps=571|total=-0.0970|cls=0.0292|qdom=3.2275|qcls=4.3470|div=-9.0001|sda=1.2994|rho=1.000|grl=1.000|lr=1.15e-04
Validation result: loss=0.5771, acc=0.90, f1=0.7322
Validation F1 did not improve from 0.7949.
TRAIN_EPOCH|epoch=79/100|steps=571|total=-0.0585|cls=0.0299|qdom=3.2503|qcls=4.3739|div=-9.0120|sda=1.2996|rho=1.000|grl=1.000|lr=1.05e-04
Validation result: loss=0.6456, acc=0.88, f1=0.7201
Validation F1 did not improve from 0.7949.
TRAIN_EPOCH|epoch=80/100|steps=571|total=-0.0463|cls=0.0309|qdom=3.2338|qcls=4.4081|div=-9.0141|sda=1.2950|rho=1.000|grl=1.000|lr=9.55e-05
Validation result: loss=0.6475, acc=0.88, f1=0.7328
Validation F1 did not improve from 0.7949.
TRAIN_EPOCH|epoch=81/100|steps=571|total=0.0519|cls=0.0294|qdom=3.3069|qcls=4.4283|div=-9.0156|sda=1.3029|rho=1.000|grl=1.000|lr=8.65e-05
Validation result: loss=0.6673, acc=0.88, f1=0.7172
Validation F1 did not improve from 0.7949.
TRAIN_EPOCH|epoch=82/100|steps=571|total=-0.0601|cls=0.0289|qdom=3.2459|qcls=4.4054|div=-9.0326|sda=1.2923|rho=1.000|grl=1.000|lr=7.78e-05
Validation result: loss=0.6580, acc=0.88, f1=0.7139
Validation F1 did not improve from 0.7949.
TRAIN_EPOCH|epoch=83/100|steps=571|total=-0.0314|cls=0.0271|qdom=3.2408|qcls=4.4301|div=-9.0295|sda=1.3001|rho=1.000|grl=1.000|lr=6.96e-05
Validation result: loss=0.6294, acc=0.89, f1=0.7307
Validation F1 did not improve from 0.7949.
TRAIN_EPOCH|epoch=84/100|steps=571|total=0.0503|cls=0.0269|qdom=3.3055|qcls=4.4219|div=-9.0203|sda=1.3163|rho=1.000|grl=1.000|lr=6.18e-05
Validation result: loss=0.6710, acc=0.89, f1=0.7239
Validation F1 did not improve from 0.7949.
TRAIN_EPOCH|epoch=85/100|steps=571|total=0.1377|cls=0.0278|qdom=3.3591|qcls=4.4567|div=-9.0218|sda=1.3158|rho=1.000|grl=1.000|lr=5.45e-05
Validation result: loss=0.6875, acc=0.88, f1=0.7000
Validation F1 did not improve from 0.7949.
TRAIN_EPOCH|epoch=86/100|steps=571|total=0.1606|cls=0.0271|qdom=3.3556|qcls=4.4828|div=-9.0152|sda=1.3103|rho=1.000|grl=1.000|lr=4.76e-05
Validation result: loss=0.7279, acc=0.88, f1=0.7080
Validation F1 did not improve from 0.7949.
TRAIN_EPOCH|epoch=87/100|steps=571|total=0.1945|cls=0.0277|qdom=3.3721|qcls=4.5161|div=-9.0313|sda=1.3099|rho=1.000|grl=1.000|lr=4.11e-05
Validation result: loss=0.7764, acc=0.87, f1=0.6909
Validation F1 did not improve from 0.7949.
TRAIN_EPOCH|epoch=88/100|steps=571|total=0.2579|cls=0.0281|qdom=3.3989|qcls=4.5419|div=-9.0229|sda=1.3119|rho=1.000|grl=1.000|lr=3.51e-05
Validation result: loss=0.7058, acc=0.88, f1=0.7134
Validation F1 did not improve from 0.7949.
TRAIN_EPOCH|epoch=89/100|steps=571|total=0.1933|cls=0.0260|qdom=3.3734|qcls=4.4984|div=-9.0116|sda=1.3071|rho=1.000|grl=1.000|lr=2.96e-05
Validation result: loss=0.6903, acc=0.88, f1=0.7129
Validation F1 did not improve from 0.7949.
TRAIN_EPOCH|epoch=90/100|steps=571|total=0.1719|cls=0.0259|qdom=3.3574|qcls=4.4921|div=-9.0114|sda=1.3079|rho=1.000|grl=1.000|lr=2.45e-05
Validation result: loss=0.6725, acc=0.88, f1=0.7143
Validation F1 did not improve from 0.7949.
TRAIN_EPOCH|epoch=91/100|steps=571|total=0.1591|cls=0.0267|qdom=3.3548|qcls=4.4833|div=-9.0136|sda=1.3078|rho=1.000|grl=1.000|lr=1.99e-05
Validation result: loss=0.7482, acc=0.87, f1=0.7140
Validation F1 did not improve from 0.7949.
TRAIN_EPOCH|epoch=92/100|steps=571|total=0.1394|cls=0.0260|qdom=3.3497|qcls=4.4869|div=-9.0312|sda=1.3080|rho=1.000|grl=1.000|lr=1.57e-05
Validation result: loss=0.7474, acc=0.87, f1=0.7089
Validation F1 did not improve from 0.7949.
TRAIN_EPOCH|epoch=93/100|steps=571|total=0.1284|cls=0.0248|qdom=3.3559|qcls=4.4749|div=-9.0359|sda=1.3087|rho=1.000|grl=1.000|lr=1.20e-05
Validation result: loss=0.7048, acc=0.88, f1=0.7210
Validation F1 did not improve from 0.7949.
TRAIN_EPOCH|epoch=94/100|steps=571|total=0.1672|cls=0.0261|qdom=3.3693|qcls=4.4810|div=-9.0163|sda=1.3070|rho=1.000|grl=1.000|lr=8.86e-06
Validation result: loss=0.7636, acc=0.87, f1=0.7035
Validation F1 did not improve from 0.7949.
TRAIN_EPOCH|epoch=95/100|steps=571|total=0.1345|cls=0.0253|qdom=3.3634|qcls=4.4757|div=-9.0380|sda=1.3080|rho=1.000|grl=1.000|lr=6.16e-06
Validation result: loss=0.6921, acc=0.88, f1=0.7218
Validation F1 did not improve from 0.7949.
TRAIN_EPOCH|epoch=96/100|steps=571|total=0.1121|cls=0.0250|qdom=3.3621|qcls=4.4719|div=-9.0518|sda=1.3050|rho=1.000|grl=1.000|lr=3.94e-06
Validation result: loss=0.7311, acc=0.87, f1=0.7139
Validation F1 did not improve from 0.7949.
TRAIN_EPOCH|epoch=97/100|steps=571|total=0.1654|cls=0.0255|qdom=3.3590|qcls=4.4845|div=-9.0090|sda=1.3053|rho=1.000|grl=1.000|lr=2.22e-06
Validation result: loss=0.6950, acc=0.88, f1=0.7057
Validation F1 did not improve from 0.7949.
TRAIN_EPOCH|epoch=98/100|steps=571|total=0.1472|cls=0.0246|qdom=3.3672|qcls=4.4772|div=-9.0254|sda=1.3036|rho=1.000|grl=1.000|lr=9.87e-07
Validation result: loss=0.7316, acc=0.88, f1=0.7112
Validation F1 did not improve from 0.7949.
TRAIN_EPOCH|epoch=99/100|steps=571|total=0.1262|cls=0.0235|qdom=3.3606|qcls=4.4722|div=-9.0344|sda=1.3043|rho=1.000|grl=1.000|lr=2.47e-07
Validation result: loss=0.7404, acc=0.87, f1=0.7106
Validation F1 did not improve from 0.7949.
TRAIN_EPOCH|epoch=100/100|steps=571|total=0.1736|cls=0.0249|qdom=3.3631|qcls=4.4706|div=-8.9889|sda=1.3039|rho=1.000|grl=1.000|lr=0.00e+00
Validation result: loss=0.7348, acc=0.88, f1=0.7213
Validation F1 did not improve from 0.7949.
Restoring best model weights for testing...
Test result for DK1_to_FR2_seed2: accuracy=0.5973, f1=0.2072
                  precision    recall  f1-score   support

            corn       0.98      0.25      0.40      3816
      horsebeans       0.04      0.01      0.02       100
          meadow       0.93      0.95      0.94     10576
   spring_barley       0.02      0.39      0.03        84
      spring_oat       0.00      0.00      0.00         7
     spring_peas       0.33      0.02      0.04        46
    spring_wheat       0.00      0.00      0.00         7
   winter_barley       0.16      0.85      0.27       834
 winter_rapeseed       0.79      0.26      0.39       774
      winter_rye       0.00      0.38      0.01         8
winter_triticale       0.22      0.23      0.22       541
    winter_wheat       0.80      0.10      0.17      4096

        accuracy                           0.60     20889
       macro avg       0.36      0.29      0.21     20889
    weighted avg       0.85      0.60      0.61     20889

corn [ 962   26  542 1747  432    2   21    6   15   36    1   26]
horsebeans [ 5  1  2  5  0  0  0 33 18 10 18  8]
meadow [    5     0 10048   170     1     0     0   187    15    80    38    32]
spring_barley [ 0  0  5 33  0  0  0 41  1  3  1  0]
spring_oat [0 0 1 4 0 0 0 1 0 0 0 1]
spring_peas [ 3  0  1 23  0  1  0 13  3  0  0  2]
spring_wheat [0 0 0 1 0 0 0 2 0 2 1 1]
winter_barley [  0   0  81   1   1   0   0 706   0  14  26   5]
winter_rapeseed [  0   0   8  30   0   0   0 509 199  10  17   1]
winter_rye [0 0 1 0 0 0 0 3 0 3 1 0]
winter_triticale [  1   0  20   1   0   0   0 279   2  93 124  21]
winter_wheat [   3    0  139    9    1    0    0 2670    0  530  344  400]
Overall result across 1 folds:
|                  | precision   | recall   | f1-score   | support     |
|:-----------------|:------------|:---------|:-----------|:------------|
| corn             | 98.3±0.0    | 25.2±0.0 | 40.1±0.0   | 3816.0±0.0  |
| horsebeans       | 3.7±0.0     | 1.0±0.0  | 1.6±0.0    | 100.0±0.0   |
| meadow           | 92.6±0.0    | 95.0±0.0 | 93.8±0.0   | 10576.0±0.0 |
| spring_barley    | 1.6±0.0     | 39.3±0.0 | 3.1±0.0    | 84.0±0.0    |
| spring_oat       | 0.0±0.0     | 0.0±0.0  | 0.0±0.0    | 7.0±0.0     |
| spring_peas      | 33.3±0.0    | 2.2±0.0  | 4.1±0.0    | 46.0±0.0    |
| spring_wheat     | 0.0±0.0     | 0.0±0.0  | 0.0±0.0    | 7.0±0.0     |
| winter_barley    | 15.9±0.0    | 84.7±0.0 | 26.7±0.0   | 834.0±0.0   |
| winter_rapeseed  | 78.7±0.0    | 25.7±0.0 | 38.8±0.0   | 774.0±0.0   |
| winter_rye       | 0.4±0.0     | 37.5±0.0 | 0.8±0.0    | 8.0±0.0     |
| winter_triticale | 21.7±0.0    | 22.9±0.0 | 22.3±0.0   | 541.0±0.0   |
| winter_wheat     | 80.5±0.0    | 9.8±0.0  | 17.4±0.0   | 4096.0±0.0  |
|                  |             |          |            |             |
| accuracy         |             |          |            | 59.7±0.0    |
| macro avg        | 35.6±0.0    | 28.6±0.0 | 20.7±0.0   | 20889.0±0.0 |
accuracy: 59.7±0.0
loss: 0.0±0.0
macro_f1: 20.7±0.0
weighted_f1: 61.3±0.0
kappa: 43.6±0.0
TASK_DONE|gpu=0|source=DK1|target=FR2|seed=2
DATE_END|2026-07-27T07:20:22+08:00
