TASK_START|gpu=0|source=DK1|target=FR2|seed=1|run=DK1_to_FR2_seed1
DATE_START|2026-07-27T00:51:39+08:00
GIT_HEAD|fc59a2e8f2510dfcbc38396b330ad7d7ebdda17a
Namespace(data_root='/data/user/dataset/timematch_data', num_blocks=100, source='denmark/32VNH/2017', target='france/30TXT/2017', num_folds=1, val_ratio=0.1, test_ratio=0.2, sample_pixels_val=True, output_dir='outputs/structure_da_full_3seeds_v1/DK1_to_FR2_seed1', experiment_name='DK1_to_FR2_seed1', num_workers=8, seed=1, device='cuda', log_step=10, eval=False, overall=False, combine_spring_and_winter=False, closed_set=True, progress_bar='auto', epochs=100, batch_size=128, lr=0.001, weight_decay=0.0001, num_pixels=64, input_dim=10, with_extra=False, tensorboard_log_dir='runs/structure_da_full_3seeds_v1/DK1_to_FR2_seed1', steps_per_epoch=None, quality_warmup_steps=None, grl_warmup_steps=None, grl_gamma=10.0, lambda_qdom=1.0, lambda_qcls=1.0, lambda_div=1.0, lambda_sda=1.0, time_scale=365.0, tau_fast_init=0.05, tau_slow_init=0.2, tau_min=0.0001, delta_tau_min=0.0001, quality_hidden_cap=128, quality_eta=0.1, sda_hidden_dim=128, model='structure_da')
CLOSED_SET_PROTOCOL|source=denmark/32VNH/2017|target=france/30TXT/2017|num_classes=12|classes=corn,horsebeans,meadow,spring_barley,spring_oat,spring_peas,spring_wheat,winter_barley,winter_rapeseed,winter_rye,winter_triticale,winter_wheat
Starting fold 0...
CLOSED_SET_COUNTS|source_total=53823|target_total=104447|source_train=37677|source_val=5382|source_test=10764|target_train=73114|target_val=10444|target_test=20889
evaluation dataset: denmark/32VNH/2017
val target data: 5382 (43 batches)
test taget data: 10764 (1723 batches)
evaluation dataset: france/30TXT/2017
val target data: 10444 (82 batches)
test taget data: 20889 (1360 batches)
StructureDAModel(
  (spatial_encoder): PixelSetEncoder(
    (mlp1): Sequential(
      (0): LinearLayer(
        (linear): Linear(in_features=10, out_features=32, bias=False)
        (norm): BatchNorm1d(32, eps=1e-05, momentum=0.1, affine=True, track_running_stats=True)
        (activation): ReLU()
      )
      (1): LinearLayer(
        (linear): Linear(in_features=32, out_features=64, bias=False)
        (norm): BatchNorm1d(64, eps=1e-05, momentum=0.1, affine=True, track_running_stats=True)
        (activation): ReLU()
      )
    )
    (mlp2): Sequential(
      (0): LinearLayer(
        (linear): Linear(in_features=128, out_features=128, bias=False)
        (norm): BatchNorm1d(128, eps=1e-05, momentum=0.1, affine=True, track_running_stats=True)
        (activation): ReLU()
      )
    )
  )
  (component_classifier): ComponentStructureClassifier(
    (decomposition): SymmetricTimeKernelDecomposition()
    (temporal_operator): TemporalRelationOperator()
    (channel_operator): ChannelRelationOperator()
    (trend_temporal_quality): StructuralQualityPerception(
      (transferability): TransferabilityScorer(
        (normalization): LayerNorm((512,), eps=1e-05, elementwise_affine=True)
        (hidden): Linear(in_features=512, out_features=128, bias=True)
        (activation): ReLU()
        (domain_head): Linear(in_features=128, out_features=2, bias=True)
      )
      (discriminability): DiscriminabilityScorer(
        (normalization): LayerNorm((512,), eps=1e-05, elementwise_affine=True)
        (class_head): Linear(in_features=512, out_features=12, bias=True)
      )
    )
    (dynamics_temporal_quality): StructuralQualityPerception(
      (transferability): TransferabilityScorer(
        (normalization): LayerNorm((512,), eps=1e-05, elementwise_affine=True)
        (hidden): Linear(in_features=512, out_features=128, bias=True)
        (activation): ReLU()
        (domain_head): Linear(in_features=128, out_features=2, bias=True)
      )
      (discriminability): DiscriminabilityScorer(
        (normalization): LayerNorm((512,), eps=1e-05, elementwise_affine=True)
        (class_head): Linear(in_features=512, out_features=12, bias=True)
      )
    )
    (dynamics_channel_quality): StructuralQualityPerception(
      (transferability): TransferabilityScorer(
        (normalization): LayerNorm((8128,), eps=1e-05, elementwise_affine=True)
        (hidden): Linear(in_features=8128, out_features=128, bias=True)
        (activation): ReLU()
        (domain_head): Linear(in_features=128, out_features=2, bias=True)
      )
      (discriminability): DiscriminabilityScorer(
        (normalization): LayerNorm((8128,), eps=1e-05, elementwise_affine=True)
        (class_head): Linear(in_features=8128, out_features=12, bias=True)
      )
    )
    (content_norm): LayerNorm((128,), eps=1e-05, elementwise_affine=False)
    (temporal_norm): LayerNorm((256,), eps=1e-05, elementwise_affine=False)
    (channel_norm): LayerNorm((128,), eps=1e-05, elementwise_affine=False)
    (shared_ltae): LTAE(
      (inconv): LinearLayer(
        (linear): Linear(in_features=512, out_features=256, bias=False)
        (norm): BatchNorm1d(256, eps=1e-05, momentum=0.1, affine=True, track_running_stats=True)
        (activation): ReLU()
      )
      (positional_enc): Embedding(565, 256)
      (attention_heads): MultiHeadAttention(
        (key): Linear(in_features=256, out_features=128, bias=True)
        (dropout): Dropout(p=0.1, inplace=False)
        (softmax): Softmax(dim=-1)
      )
      (mlp): Sequential(
        (0): LinearLayer(
          (linear): Linear(in_features=256, out_features=128, bias=False)
          (norm): BatchNorm1d(128, eps=1e-05, momentum=0.1, affine=True, track_running_stats=True)
          (activation): ReLU()
        )
      )
      (dropout): Dropout(p=0.2, inplace=False)
    )
    (trend_component_quality): ComponentQualityPerception(
      (transferability): TransferabilityScorer(
        (normalization): LayerNorm((128,), eps=1e-05, elementwise_affine=True)
        (hidden): Linear(in_features=128, out_features=128, bias=True)
        (activation): ReLU()
        (domain_head): Linear(in_features=128, out_features=2, bias=True)
      )
      (discriminability): DiscriminabilityScorer(
        (normalization): LayerNorm((128,), eps=1e-05, elementwise_affine=True)
        (class_head): Linear(in_features=128, out_features=12, bias=True)
      )
      (diversity): DiversityScorer(
        (normalization): LayerNorm((128,), eps=1e-05, elementwise_affine=True)
        (diversity_head): Linear(in_features=128, out_features=1, bias=True)
        (activation): Sigmoid()
      )
    )
    (dynamics_component_quality): ComponentQualityPerception(
      (transferability): TransferabilityScorer(
        (normalization): LayerNorm((128,), eps=1e-05, elementwise_affine=True)
        (hidden): Linear(in_features=128, out_features=128, bias=True)
        (activation): ReLU()
        (domain_head): Linear(in_features=128, out_features=2, bias=True)
      )
      (discriminability): DiscriminabilityScorer(
        (normalization): LayerNorm((128,), eps=1e-05, elementwise_affine=True)
        (class_head): Linear(in_features=128, out_features=12, bias=True)
      )
      (diversity): DiversityScorer(
        (normalization): LayerNorm((128,), eps=1e-05, elementwise_affine=True)
        (diversity_head): Linear(in_features=128, out_features=1, bias=True)
        (activation): Sigmoid()
      )
    )
    (residual_component_quality): ComponentQualityPerception(
      (transferability): TransferabilityScorer(
        (normalization): LayerNorm((128,), eps=1e-05, elementwise_affine=True)
        (hidden): Linear(in_features=128, out_features=128, bias=True)
        (activation): ReLU()
        (domain_head): Linear(in_features=128, out_features=2, bias=True)
      )
      (discriminability): DiscriminabilityScorer(
        (normalization): LayerNorm((128,), eps=1e-05, elementwise_affine=True)
        (class_head): Linear(in_features=128, out_features=12, bias=True)
      )
      (diversity): DiversityScorer(
        (normalization): LayerNorm((128,), eps=1e-05, elementwise_affine=True)
        (diversity_head): Linear(in_features=128, out_features=1, bias=True)
        (activation): Sigmoid()
      )
    )
    (component_embedding_norm): LayerNorm((128,), eps=1e-05, elementwise_affine=False)
    (classifier): Sequential(
      (0): LinearLayer(
        (linear): Linear(in_features=384, out_features=64, bias=False)
        (norm): BatchNorm1d(64, eps=1e-05, momentum=0.1, affine=True, track_running_stats=True)
        (activation): ReLU()
      )
      (1): LinearLayer(
        (linear): Linear(in_features=64, out_features=32, bias=False)
        (norm): BatchNorm1d(32, eps=1e-05, momentum=0.1, affine=True, track_running_stats=True)
        (activation): ReLU()
      )
      (2): Linear(in_features=32, out_features=12, bias=True)
    )
  )
  (joint_builder): JointStructuralSpaceBuilder(
    (trend_temporal_norm): LayerNorm((512,), eps=1e-05, elementwise_affine=False)
    (dynamics_temporal_norm): LayerNorm((512,), eps=1e-05, elementwise_affine=False)
    (dynamics_channel_norm): LayerNorm((8128,), eps=1e-05, elementwise_affine=False)
  )
  (adversarial_adapter): StructuralAdversarialAdapter(
    (discriminator): SDADiscriminator(
      (hidden): Linear(in_features=9152, out_features=128, bias=True)
      (activation): ReLU()
      (output): Linear(in_features=128, out_features=1, bias=True)
    )
  )
)
Number of trainable parameters: 2792486
TRAIN_EPOCH|epoch=1/100|steps=571|total=7.8901|cls=0.6324|qdom=4.5807|qcls=6.9999|div=-5.4103|sda=1.0875|rho=0.998|grl=1.000|lr=1.00e-03
Validation result: loss=0.8724, acc=0.75, f1=0.4402
Validation F1 improved from -inf to 0.4402!
Saving best model to outputs/structure_da_full_3seeds_v1/DK1_to_FR2_seed1/fold_0/model.pt
TRAIN_EPOCH|epoch=2/100|steps=571|total=3.5443|cls=0.4089|qdom=3.9105|qcls=6.4256|div=-8.4321|sda=1.2314|rho=1.000|grl=1.000|lr=9.99e-04
Validation result: loss=0.4879, acc=0.87, f1=0.5636
Validation F1 improved from 0.4402 to 0.5636!
Saving best model to outputs/structure_da_full_3seeds_v1/DK1_to_FR2_seed1/fold_0/model.pt
TRAIN_EPOCH|epoch=3/100|steps=571|total=2.7042|cls=0.3696|qdom=3.6206|qcls=6.2157|div=-8.7091|sda=1.2074|rho=1.000|grl=1.000|lr=9.98e-04
Validation result: loss=0.5517, acc=0.84, f1=0.5322
Validation F1 did not improve from 0.5636.
TRAIN_EPOCH|epoch=4/100|steps=571|total=2.6868|cls=0.3712|qdom=3.5472|qcls=6.3571|div=-8.7694|sda=1.1806|rho=1.000|grl=1.000|lr=9.96e-04
Validation result: loss=0.5853, acc=0.83, f1=0.5704
Validation F1 improved from 0.5636 to 0.5704!
Saving best model to outputs/structure_da_full_3seeds_v1/DK1_to_FR2_seed1/fold_0/model.pt
TRAIN_EPOCH|epoch=5/100|steps=571|total=2.2931|cls=0.3504|qdom=3.4014|qcls=6.2591|div=-8.8592|sda=1.1414|rho=1.000|grl=1.000|lr=9.94e-04
Validation result: loss=0.4437, acc=0.88, f1=0.5983
Validation F1 improved from 0.5704 to 0.5983!
Saving best model to outputs/structure_da_full_3seeds_v1/DK1_to_FR2_seed1/fold_0/model.pt
TRAIN_EPOCH|epoch=6/100|steps=571|total=2.2153|cls=0.3153|qdom=3.3956|qcls=6.2109|div=-8.9275|sda=1.2210|rho=1.000|grl=1.000|lr=9.91e-04
Validation result: loss=0.4317, acc=0.88, f1=0.5843
Validation F1 did not improve from 0.5983.
TRAIN_EPOCH|epoch=7/100|steps=571|total=2.7393|cls=0.3093|qdom=3.7132|qcls=6.3899|div=-8.9187|sda=1.2457|rho=1.000|grl=1.000|lr=9.88e-04
Validation result: loss=0.4139, acc=0.88, f1=0.6767
Validation F1 improved from 0.5983 to 0.6767!
Saving best model to outputs/structure_da_full_3seeds_v1/DK1_to_FR2_seed1/fold_0/model.pt
TRAIN_EPOCH|epoch=8/100|steps=571|total=2.1818|cls=0.2712|qdom=3.6088|qcls=5.9982|div=-8.9797|sda=1.2833|rho=1.000|grl=1.000|lr=9.84e-04
Validation result: loss=0.3786, acc=0.89, f1=0.6709
Validation F1 did not improve from 0.6767.
TRAIN_EPOCH|epoch=9/100|steps=571|total=2.7856|cls=0.2673|qdom=3.9460|qcls=6.1683|div=-8.9544|sda=1.3585|rho=1.000|grl=1.000|lr=9.80e-04
Validation result: loss=0.3509, acc=0.91, f1=0.6839
Validation F1 improved from 0.6767 to 0.6839!
Saving best model to outputs/structure_da_full_3seeds_v1/DK1_to_FR2_seed1/fold_0/model.pt
TRAIN_EPOCH|epoch=10/100|steps=571|total=1.6958|cls=0.2401|qdom=3.5092|qcls=5.5903|div=-9.0010|sda=1.3572|rho=1.000|grl=1.000|lr=9.76e-04
Validation result: loss=0.4957, acc=0.87, f1=0.6666
Validation F1 did not improve from 0.6839.
TRAIN_EPOCH|epoch=11/100|steps=571|total=1.0808|cls=0.2261|qdom=3.2136|qcls=5.2853|div=-9.0057|sda=1.3616|rho=1.000|grl=1.000|lr=9.70e-04
Validation result: loss=0.3356, acc=0.91, f1=0.7159
Validation F1 improved from 0.6839 to 0.7159!
Saving best model to outputs/structure_da_full_3seeds_v1/DK1_to_FR2_seed1/fold_0/model.pt
TRAIN_EPOCH|epoch=12/100|steps=571|total=0.9665|cls=0.2210|qdom=3.2530|qcls=5.1591|div=-9.0218|sda=1.3552|rho=1.000|grl=1.000|lr=9.65e-04
Validation result: loss=0.4288, acc=0.89, f1=0.6309
Validation F1 did not improve from 0.7159.
TRAIN_EPOCH|epoch=13/100|steps=571|total=0.6819|cls=0.2156|qdom=3.2633|qcls=4.8798|div=-9.0336|sda=1.3569|rho=1.000|grl=1.000|lr=9.59e-04
Validation result: loss=0.3661, acc=0.90, f1=0.7105
Validation F1 did not improve from 0.7159.
TRAIN_EPOCH|epoch=14/100|steps=571|total=0.4814|cls=0.2108|qdom=2.9938|qcls=4.9280|div=-9.0145|sda=1.3632|rho=1.000|grl=1.000|lr=9.52e-04
Validation result: loss=0.4501, acc=0.88, f1=0.6969
Validation F1 did not improve from 0.7159.
TRAIN_EPOCH|epoch=15/100|steps=571|total=0.3512|cls=0.1960|qdom=2.8569|qcls=4.9508|div=-9.0144|sda=1.3618|rho=1.000|grl=1.000|lr=9.46e-04
Validation result: loss=0.3316, acc=0.91, f1=0.7484
Validation F1 improved from 0.7159 to 0.7484!
Saving best model to outputs/structure_da_full_3seeds_v1/DK1_to_FR2_seed1/fold_0/model.pt
TRAIN_EPOCH|epoch=16/100|steps=571|total=0.1750|cls=0.1914|qdom=2.8893|qcls=4.7737|div=-9.0419|sda=1.3625|rho=1.000|grl=1.000|lr=9.38e-04
Validation result: loss=0.3560, acc=0.91, f1=0.7008
Validation F1 did not improve from 0.7484.
TRAIN_EPOCH|epoch=17/100|steps=571|total=-0.3876|cls=0.1734|qdom=2.6587|qcls=4.4490|div=-9.0174|sda=1.3487|rho=1.000|grl=1.000|lr=9.30e-04
Validation result: loss=0.3886, acc=0.91, f1=0.6862
Validation F1 did not improve from 0.7484.
TRAIN_EPOCH|epoch=18/100|steps=571|total=-0.6846|cls=0.1642|qdom=2.4496|qcls=4.3794|div=-9.0297|sda=1.3519|rho=1.000|grl=1.000|lr=9.22e-04
Validation result: loss=0.3621, acc=0.91, f1=0.7177
Validation F1 did not improve from 0.7484.
TRAIN_EPOCH|epoch=19/100|steps=571|total=-0.8492|cls=0.1535|qdom=2.4992|qcls=4.1968|div=-9.0520|sda=1.3532|rho=1.000|grl=1.000|lr=9.14e-04
Validation result: loss=0.3141, acc=0.92, f1=0.7778
Validation F1 improved from 0.7484 to 0.7778!
Saving best model to outputs/structure_da_full_3seeds_v1/DK1_to_FR2_seed1/fold_0/model.pt
TRAIN_EPOCH|epoch=20/100|steps=571|total=-1.0934|cls=0.1548|qdom=2.3665|qcls=4.0911|div=-9.0508|sda=1.3450|rho=1.000|grl=1.000|lr=9.05e-04
Validation result: loss=0.3335, acc=0.92, f1=0.7614
Validation F1 did not improve from 0.7778.
TRAIN_EPOCH|epoch=21/100|steps=571|total=-1.1598|cls=0.1499|qdom=2.3467|qcls=4.0246|div=-9.0150|sda=1.3340|rho=1.000|grl=1.000|lr=8.95e-04
Validation result: loss=0.3860, acc=0.91, f1=0.7479
Validation F1 did not improve from 0.7778.
TRAIN_EPOCH|epoch=22/100|steps=571|total=-0.7026|cls=0.1494|qdom=2.5770|qcls=4.2824|div=-9.0440|sda=1.3326|rho=1.000|grl=1.000|lr=8.85e-04
Validation result: loss=0.4564, acc=0.90, f1=0.6499
Validation F1 did not improve from 0.7778.
TRAIN_EPOCH|epoch=23/100|steps=571|total=-0.1523|cls=0.1602|qdom=2.8897|qcls=4.5050|div=-9.0429|sda=1.3356|rho=1.000|grl=1.000|lr=8.75e-04
Validation result: loss=0.4019, acc=0.90, f1=0.6984
Validation F1 did not improve from 0.7778.
TRAIN_EPOCH|epoch=24/100|steps=571|total=-0.2695|cls=0.1508|qdom=2.7470|qcls=4.5432|div=-9.0412|sda=1.3307|rho=1.000|grl=1.000|lr=8.64e-04
Validation result: loss=0.3898, acc=0.91, f1=0.6888
Validation F1 did not improve from 0.7778.
TRAIN_EPOCH|epoch=25/100|steps=571|total=0.0266|cls=0.1559|qdom=2.8715|qcls=4.6873|div=-9.0372|sda=1.3491|rho=1.000|grl=1.000|lr=8.54e-04
Validation result: loss=0.3373, acc=0.92, f1=0.7496
Validation F1 did not improve from 0.7778.
TRAIN_EPOCH|epoch=26/100|steps=571|total=0.9797|cls=0.1892|qdom=2.9982|qcls=5.4657|div=-9.0319|sda=1.3586|rho=1.000|grl=1.000|lr=8.42e-04
Validation result: loss=0.3930, acc=0.89, f1=0.6696
Validation F1 did not improve from 0.7778.
TRAIN_EPOCH|epoch=27/100|steps=571|total=0.3521|cls=0.1687|qdom=2.9306|qcls=4.9296|div=-9.0038|sda=1.3270|rho=1.000|grl=1.000|lr=8.31e-04
Validation result: loss=0.3767, acc=0.91, f1=0.6954
Validation F1 did not improve from 0.7778.
TRAIN_EPOCH|epoch=28/100|steps=571|total=0.6097|cls=0.1731|qdom=3.2199|qcls=4.9691|div=-9.0717|sda=1.3194|rho=1.000|grl=1.000|lr=8.19e-04
Validation result: loss=0.2906, acc=0.92, f1=0.7199
Validation F1 did not improve from 0.7778.
TRAIN_EPOCH|epoch=29/100|steps=571|total=0.1017|cls=0.1562|qdom=2.9474|qcls=4.7091|div=-9.0212|sda=1.3102|rho=1.000|grl=1.000|lr=8.06e-04
Validation result: loss=0.3982, acc=0.89, f1=0.6898
Validation F1 did not improve from 0.7778.
TRAIN_EPOCH|epoch=30/100|steps=571|total=0.2519|cls=0.1492|qdom=3.0160|qcls=4.7984|div=-9.0272|sda=1.3155|rho=1.000|grl=1.000|lr=7.94e-04
Validation result: loss=0.3461, acc=0.91, f1=0.7547
Validation F1 did not improve from 0.7778.
TRAIN_EPOCH|epoch=31/100|steps=571|total=-0.1248|cls=0.1343|qdom=2.8698|qcls=4.5991|div=-9.0421|sda=1.3141|rho=1.000|grl=1.000|lr=7.81e-04
Validation result: loss=0.4202, acc=0.90, f1=0.7402
Validation F1 did not improve from 0.7778.
TRAIN_EPOCH|epoch=32/100|steps=571|total=0.0035|cls=0.1330|qdom=2.8878|qcls=4.7292|div=-9.0719|sda=1.3253|rho=1.000|grl=1.000|lr=7.68e-04
Validation result: loss=0.3293, acc=0.91, f1=0.7923
Validation F1 improved from 0.7778 to 0.7923!
Saving best model to outputs/structure_da_full_3seeds_v1/DK1_to_FR2_seed1/fold_0/model.pt
TRAIN_EPOCH|epoch=33/100|steps=571|total=0.0026|cls=0.1291|qdom=2.8792|qcls=4.6954|div=-9.0418|sda=1.3407|rho=1.000|grl=1.000|lr=7.55e-04
Validation result: loss=0.3623, acc=0.91, f1=0.6994
Validation F1 did not improve from 0.7923.
TRAIN_EPOCH|epoch=34/100|steps=571|total=-0.2002|cls=0.1211|qdom=2.8573|qcls=4.5265|div=-9.0509|sda=1.3458|rho=1.000|grl=1.000|lr=7.41e-04
Validation result: loss=0.3588, acc=0.92, f1=0.7567
Validation F1 did not improve from 0.7923.
TRAIN_EPOCH|epoch=35/100|steps=571|total=-0.4699|cls=0.1177|qdom=2.6953|qcls=4.4357|div=-9.0547|sda=1.3361|rho=1.000|grl=1.000|lr=7.27e-04
Validation result: loss=0.3898, acc=0.91, f1=0.7036
Validation F1 did not improve from 0.7923.
TRAIN_EPOCH|epoch=36/100|steps=571|total=-0.3735|cls=0.1123|qdom=2.7529|qcls=4.4701|div=-9.0434|sda=1.3346|rho=1.000|grl=1.000|lr=7.13e-04
Validation result: loss=0.3934, acc=0.91, f1=0.7206
Validation F1 did not improve from 0.7923.
TRAIN_EPOCH|epoch=37/100|steps=571|total=-0.0715|cls=0.1095|qdom=2.9775|qcls=4.5477|div=-9.0457|sda=1.3396|rho=1.000|grl=1.000|lr=6.99e-04
Validation result: loss=0.4197, acc=0.91, f1=0.7223
Validation F1 did not improve from 0.7923.
TRAIN_EPOCH|epoch=38/100|steps=571|total=0.2033|cls=0.1140|qdom=3.1544|qcls=4.6459|div=-9.0550|sda=1.3440|rho=1.000|grl=1.000|lr=6.84e-04
Validation result: loss=0.3913, acc=0.91, f1=0.7316
Validation F1 did not improve from 0.7923.
TRAIN_EPOCH|epoch=39/100|steps=571|total=-0.1663|cls=0.0989|qdom=2.9541|qcls=4.5072|div=-9.0576|sda=1.3312|rho=1.000|grl=1.000|lr=6.69e-04
Validation result: loss=0.4135, acc=0.91, f1=0.7571
Validation F1 did not improve from 0.7923.
TRAIN_EPOCH|epoch=40/100|steps=571|total=-0.1179|cls=0.0960|qdom=2.8419|qcls=4.6511|div=-9.0430|sda=1.3360|rho=1.000|grl=1.000|lr=6.55e-04
Validation result: loss=0.4531, acc=0.90, f1=0.6927
Validation F1 did not improve from 0.7923.
TRAIN_EPOCH|epoch=41/100|steps=571|total=-0.3053|cls=0.0901|qdom=2.7964|qcls=4.5182|div=-9.0464|sda=1.3363|rho=1.000|grl=1.000|lr=6.39e-04
Validation result: loss=0.4700, acc=0.90, f1=0.6875
Validation F1 did not improve from 0.7923.
TRAIN_EPOCH|epoch=42/100|steps=571|total=-0.2906|cls=0.0863|qdom=2.8262|qcls=4.4920|div=-9.0344|sda=1.3393|rho=1.000|grl=1.000|lr=6.24e-04
Validation result: loss=0.5325, acc=0.89, f1=0.6548
Validation F1 did not improve from 0.7923.
TRAIN_EPOCH|epoch=43/100|steps=571|total=-0.4475|cls=0.0825|qdom=2.8008|qcls=4.3967|div=-9.0538|sda=1.3262|rho=1.000|grl=1.000|lr=6.09e-04
Validation result: loss=0.4230, acc=0.90, f1=0.7415
Validation F1 did not improve from 0.7923.
TRAIN_EPOCH|epoch=44/100|steps=571|total=-0.3412|cls=0.0806|qdom=2.8857|qcls=4.4292|div=-9.0523|sda=1.3156|rho=1.000|grl=1.000|lr=5.94e-04
Validation result: loss=0.4548, acc=0.89, f1=0.7131
Validation F1 did not improve from 0.7923.
TRAIN_EPOCH|epoch=45/100|steps=571|total=-0.4565|cls=0.0769|qdom=2.8887|qcls=4.3461|div=-9.0882|sda=1.3200|rho=1.000|grl=1.000|lr=5.78e-04
Validation result: loss=0.4219, acc=0.90, f1=0.7213
Validation F1 did not improve from 0.7923.
TRAIN_EPOCH|epoch=46/100|steps=571|total=-0.5127|cls=0.0784|qdom=2.7444|qcls=4.4084|div=-9.0668|sda=1.3230|rho=1.000|grl=1.000|lr=5.63e-04
Validation result: loss=0.4880, acc=0.89, f1=0.7075
Validation F1 did not improve from 0.7923.
TRAIN_EPOCH|epoch=47/100|steps=571|total=-0.7484|cls=0.0724|qdom=2.6387|qcls=4.2822|div=-9.0606|sda=1.3190|rho=1.000|grl=1.000|lr=5.47e-04
Validation result: loss=0.4048, acc=0.91, f1=0.7422
Validation F1 did not improve from 0.7923.
TRAIN_EPOCH|epoch=48/100|steps=571|total=-0.6728|cls=0.0710|qdom=2.6764|qcls=4.3297|div=-9.0732|sda=1.3234|rho=1.000|grl=1.000|lr=5.31e-04
Validation result: loss=0.5277, acc=0.89, f1=0.6855
Validation F1 did not improve from 0.7923.
TRAIN_EPOCH|epoch=49/100|steps=571|total=-0.6056|cls=0.0689|qdom=2.6623|qcls=4.3908|div=-9.0354|sda=1.3079|rho=1.000|grl=1.000|lr=5.16e-04
Validation result: loss=0.5039, acc=0.90, f1=0.7116
Validation F1 did not improve from 0.7923.
TRAIN_EPOCH|epoch=50/100|steps=571|total=-0.5641|cls=0.0652|qdom=2.6711|qcls=4.4379|div=-9.0594|sda=1.3211|rho=1.000|grl=1.000|lr=5.00e-04
Validation result: loss=0.4680, acc=0.91, f1=0.7356
Validation F1 did not improve from 0.7923.
TRAIN_EPOCH|epoch=51/100|steps=571|total=-0.6429|cls=0.0624|qdom=2.6546|qcls=4.3776|div=-9.0570|sda=1.3194|rho=1.000|grl=1.000|lr=4.84e-04
Validation result: loss=0.5122, acc=0.89, f1=0.7109
Validation F1 did not improve from 0.7923.
TRAIN_EPOCH|epoch=52/100|steps=571|total=-0.7097|cls=0.0611|qdom=2.5922|qcls=4.3938|div=-9.0671|sda=1.3103|rho=1.000|grl=1.000|lr=4.69e-04
Validation result: loss=0.4855, acc=0.90, f1=0.7184
Validation F1 did not improve from 0.7923.
TRAIN_EPOCH|epoch=53/100|steps=571|total=-0.8110|cls=0.0573|qdom=2.5366|qcls=4.3447|div=-9.0569|sda=1.3073|rho=1.000|grl=1.000|lr=4.53e-04
Validation result: loss=0.4921, acc=0.91, f1=0.6810
Validation F1 did not improve from 0.7923.
TRAIN_EPOCH|epoch=54/100|steps=571|total=-0.6486|cls=0.0544|qdom=2.6223|qcls=4.4268|div=-9.0666|sda=1.3146|rho=1.000|grl=1.000|lr=4.37e-04
Validation result: loss=0.4784, acc=0.90, f1=0.7241
Validation F1 did not improve from 0.7923.
TRAIN_EPOCH|epoch=55/100|steps=571|total=-0.6358|cls=0.0548|qdom=2.6396|qcls=4.4058|div=-9.0446|sda=1.3086|rho=1.000|grl=1.000|lr=4.22e-04
Validation result: loss=0.4673, acc=0.91, f1=0.7445
Validation F1 did not improve from 0.7923.
TRAIN_EPOCH|epoch=56/100|steps=571|total=-0.6630|cls=0.0532|qdom=2.6170|qcls=4.4191|div=-9.0613|sda=1.3090|rho=1.000|grl=1.000|lr=4.06e-04
Validation result: loss=0.5072, acc=0.90, f1=0.7451
Validation F1 did not improve from 0.7923.
TRAIN_EPOCH|epoch=57/100|steps=571|total=-0.6698|cls=0.0495|qdom=2.6275|qcls=4.3891|div=-9.0428|sda=1.3070|rho=1.000|grl=1.000|lr=3.91e-04
Validation result: loss=0.5158, acc=0.90, f1=0.7272
Validation F1 did not improve from 0.7923.
TRAIN_EPOCH|epoch=58/100|steps=571|total=-0.7064|cls=0.0517|qdom=2.5781|qcls=4.4131|div=-9.0500|sda=1.3007|rho=1.000|grl=1.000|lr=3.76e-04
Validation result: loss=0.4590, acc=0.91, f1=0.7584
Validation F1 did not improve from 0.7923.
TRAIN_EPOCH|epoch=59/100|steps=571|total=-0.6274|cls=0.0479|qdom=2.6420|qcls=4.4288|div=-9.0546|sda=1.3084|rho=1.000|grl=1.000|lr=3.61e-04
Validation result: loss=0.4556, acc=0.91, f1=0.7436
Validation F1 did not improve from 0.7923.
TRAIN_EPOCH|epoch=60/100|steps=571|total=-0.6310|cls=0.0483|qdom=2.6478|qcls=4.4297|div=-9.0607|sda=1.3039|rho=1.000|grl=1.000|lr=3.45e-04
Validation result: loss=0.4666, acc=0.91, f1=0.7526
Validation F1 did not improve from 0.7923.
TRAIN_EPOCH|epoch=61/100|steps=571|total=-0.7465|cls=0.0465|qdom=2.5326|qcls=4.4391|div=-9.0728|sda=1.3081|rho=1.000|grl=1.000|lr=3.31e-04
Validation result: loss=0.4851, acc=0.91, f1=0.7274
Validation F1 did not improve from 0.7923.
TRAIN_EPOCH|epoch=62/100|steps=571|total=-0.7434|cls=0.0448|qdom=2.5026|qcls=4.4585|div=-9.0465|sda=1.2972|rho=1.000|grl=1.000|lr=3.16e-04
Validation result: loss=0.5205, acc=0.90, f1=0.7218
Validation F1 did not improve from 0.7923.
TRAIN_EPOCH|epoch=63/100|steps=571|total=-0.6559|cls=0.0437|qdom=2.6005|qcls=4.4656|div=-9.0581|sda=1.2925|rho=1.000|grl=1.000|lr=3.01e-04
Validation result: loss=0.5168, acc=0.91, f1=0.7506
Validation F1 did not improve from 0.7923.
TRAIN_EPOCH|epoch=64/100|steps=571|total=-0.7197|cls=0.0428|qdom=2.5863|qcls=4.4300|div=-9.0706|sda=1.2918|rho=1.000|grl=1.000|lr=2.87e-04
Validation result: loss=0.5284, acc=0.91, f1=0.7227
Validation F1 did not improve from 0.7923.
TRAIN_EPOCH|epoch=65/100|steps=571|total=-0.8401|cls=0.0407|qdom=2.5054|qcls=4.3812|div=-9.0701|sda=1.3027|rho=1.000|grl=1.000|lr=2.73e-04
Validation result: loss=0.5256, acc=0.90, f1=0.7251
Validation F1 did not improve from 0.7923.
TRAIN_EPOCH|epoch=66/100|steps=571|total=-0.7788|cls=0.0412|qdom=2.5461|qcls=4.3988|div=-9.0603|sda=1.2953|rho=1.000|grl=1.000|lr=2.59e-04
Validation result: loss=0.5087, acc=0.91, f1=0.7396
Validation F1 did not improve from 0.7923.
TRAIN_EPOCH|epoch=67/100|steps=571|total=-0.8674|cls=0.0401|qdom=2.4693|qcls=4.3870|div=-9.0490|sda=1.2852|rho=1.000|grl=1.000|lr=2.45e-04
Validation result: loss=0.5575, acc=0.90, f1=0.7524
Validation F1 did not improve from 0.7923.
TRAIN_EPOCH|epoch=68/100|steps=571|total=-0.8463|cls=0.0379|qdom=2.5111|qcls=4.3888|div=-9.0730|sda=1.2889|rho=1.000|grl=1.000|lr=2.32e-04
Validation result: loss=0.5501, acc=0.90, f1=0.7475
Validation F1 did not improve from 0.7923.
TRAIN_EPOCH|epoch=69/100|steps=571|total=-0.8590|cls=0.0375|qdom=2.4892|qcls=4.3869|div=-9.0490|sda=1.2764|rho=1.000|grl=1.000|lr=2.19e-04
Validation result: loss=0.5353, acc=0.90, f1=0.7514
Validation F1 did not improve from 0.7923.
TRAIN_EPOCH|epoch=70/100|steps=571|total=-0.7680|cls=0.0370|qdom=2.5912|qcls=4.3774|div=-9.0619|sda=1.2883|rho=1.000|grl=1.000|lr=2.06e-04
Validation result: loss=0.5274, acc=0.90, f1=0.7351
Validation F1 did not improve from 0.7923.
TRAIN_EPOCH|epoch=71/100|steps=571|total=-0.7937|cls=0.0339|qdom=2.5333|qcls=4.4194|div=-9.0753|sda=1.2949|rho=1.000|grl=1.000|lr=1.94e-04
Validation result: loss=0.5260, acc=0.91, f1=0.7281
Validation F1 did not improve from 0.7923.
TRAIN_EPOCH|epoch=72/100|steps=571|total=-0.7927|cls=0.0332|qdom=2.5446|qcls=4.3907|div=-9.0457|sda=1.2845|rho=1.000|grl=1.000|lr=1.81e-04
Validation result: loss=0.5811, acc=0.90, f1=0.7202
Validation F1 did not improve from 0.7923.
TRAIN_EPOCH|epoch=73/100|steps=571|total=-0.7734|cls=0.0324|qdom=2.5805|qcls=4.3924|div=-9.0645|sda=1.2857|rho=1.000|grl=1.000|lr=1.69e-04
Validation result: loss=0.5847, acc=0.90, f1=0.7070
Validation F1 did not improve from 0.7923.
TRAIN_EPOCH|epoch=74/100|steps=571|total=-0.7140|cls=0.0328|qdom=2.6614|qcls=4.3854|div=-9.0674|sda=1.2738|rho=1.000|grl=1.000|lr=1.58e-04
Validation result: loss=0.5704, acc=0.90, f1=0.7366
Validation F1 did not improve from 0.7923.
TRAIN_EPOCH|epoch=75/100|steps=571|total=-0.8552|cls=0.0312|qdom=2.5179|qcls=4.3802|div=-9.0553|sda=1.2708|rho=1.000|grl=1.000|lr=1.46e-04
Validation result: loss=0.5580, acc=0.89, f1=0.7283
Validation F1 did not improve from 0.7923.
TRAIN_EPOCH|epoch=76/100|steps=571|total=-0.8360|cls=0.0293|qdom=2.5291|qcls=4.3943|div=-9.0564|sda=1.2677|rho=1.000|grl=1.000|lr=1.36e-04
Validation result: loss=0.6019, acc=0.89, f1=0.7193
Validation F1 did not improve from 0.7923.
TRAIN_EPOCH|epoch=77/100|steps=571|total=-0.8263|cls=0.0294|qdom=2.5319|qcls=4.3977|div=-9.0602|sda=1.2749|rho=1.000|grl=1.000|lr=1.25e-04
Validation result: loss=0.5965, acc=0.89, f1=0.7123
Validation F1 did not improve from 0.7923.
TRAIN_EPOCH|epoch=78/100|steps=571|total=-0.7340|cls=0.0315|qdom=2.5458|qcls=4.4767|div=-9.0740|sda=1.2859|rho=1.000|grl=1.000|lr=1.15e-04
Validation result: loss=0.5703, acc=0.90, f1=0.7254
Validation F1 did not improve from 0.7923.
TRAIN_EPOCH|epoch=79/100|steps=571|total=-0.7000|cls=0.0296|qdom=2.5779|qcls=4.4497|div=-9.0447|sda=1.2874|rho=1.000|grl=1.000|lr=1.05e-04
Validation result: loss=0.5756, acc=0.90, f1=0.7207
Validation F1 did not improve from 0.7923.
TRAIN_EPOCH|epoch=80/100|steps=571|total=-0.6093|cls=0.0295|qdom=2.6299|qcls=4.5218|div=-9.0605|sda=1.2700|rho=1.000|grl=1.000|lr=9.55e-05
Validation result: loss=0.5572, acc=0.90, f1=0.7351
Validation F1 did not improve from 0.7923.
TRAIN_EPOCH|epoch=81/100|steps=571|total=-0.6520|cls=0.0275|qdom=2.6064|qcls=4.5103|div=-9.0735|sda=1.2773|rho=1.000|grl=1.000|lr=8.65e-05
Validation result: loss=0.5954, acc=0.89, f1=0.7211
Validation F1 did not improve from 0.7923.
TRAIN_EPOCH|epoch=82/100|steps=571|total=-0.6178|cls=0.0270|qdom=2.6345|qcls=4.5360|div=-9.0866|sda=1.2713|rho=1.000|grl=1.000|lr=7.78e-05
Validation result: loss=0.5852, acc=0.90, f1=0.7242
Validation F1 did not improve from 0.7923.
TRAIN_EPOCH|epoch=83/100|steps=571|total=-0.5568|cls=0.0273|qdom=2.6871|qcls=4.5346|div=-9.0654|sda=1.2596|rho=1.000|grl=1.000|lr=6.96e-05
Validation result: loss=0.5973, acc=0.90, f1=0.7154
Validation F1 did not improve from 0.7923.
TRAIN_EPOCH|epoch=84/100|steps=571|total=-0.4826|cls=0.0280|qdom=2.7180|qcls=4.5559|div=-9.0465|sda=1.2619|rho=1.000|grl=1.000|lr=6.18e-05
Validation result: loss=0.5678, acc=0.90, f1=0.7275
Validation F1 did not improve from 0.7923.
TRAIN_EPOCH|epoch=85/100|steps=571|total=-0.5002|cls=0.0270|qdom=2.7304|qcls=4.5399|div=-9.0570|sda=1.2595|rho=1.000|grl=1.000|lr=5.45e-05
Validation result: loss=0.5955, acc=0.89, f1=0.7190
Validation F1 did not improve from 0.7923.
TRAIN_EPOCH|epoch=86/100|steps=571|total=-0.5483|cls=0.0275|qdom=2.6943|qcls=4.5237|div=-9.0446|sda=1.2508|rho=1.000|grl=1.000|lr=4.76e-05
Validation result: loss=0.5171, acc=0.91, f1=0.7458
Validation F1 did not improve from 0.7923.
TRAIN_EPOCH|epoch=87/100|steps=571|total=-0.5191|cls=0.0285|qdom=2.7256|qcls=4.5435|div=-9.0640|sda=1.2473|rho=1.000|grl=1.000|lr=4.11e-05
Validation result: loss=0.5810, acc=0.89, f1=0.7223
Validation F1 did not improve from 0.7923.
TRAIN_EPOCH|epoch=88/100|steps=571|total=-0.5377|cls=0.0269|qdom=2.7507|qcls=4.5225|div=-9.0793|sda=1.2415|rho=1.000|grl=1.000|lr=3.51e-05
Validation result: loss=0.5574, acc=0.90, f1=0.7325
Validation F1 did not improve from 0.7923.
TRAIN_EPOCH|epoch=89/100|steps=571|total=-0.5105|cls=0.0256|qdom=2.7762|qcls=4.5070|div=-9.0582|sda=1.2388|rho=1.000|grl=1.000|lr=2.96e-05
Validation result: loss=0.5678, acc=0.90, f1=0.7129
Validation F1 did not improve from 0.7923.
TRAIN_EPOCH|epoch=90/100|steps=571|total=-0.5209|cls=0.0250|qdom=2.7454|qcls=4.5214|div=-9.0523|sda=1.2397|rho=1.000|grl=1.000|lr=2.45e-05
Validation result: loss=0.6152, acc=0.89, f1=0.7178
Validation F1 did not improve from 0.7923.
TRAIN_EPOCH|epoch=91/100|steps=571|total=-0.6165|cls=0.0246|qdom=2.6881|qcls=4.5015|div=-9.0763|sda=1.2456|rho=1.000|grl=1.000|lr=1.99e-05
Validation result: loss=0.5821, acc=0.90, f1=0.7299
Validation F1 did not improve from 0.7923.
TRAIN_EPOCH|epoch=92/100|steps=571|total=-0.6152|cls=0.0244|qdom=2.6821|qcls=4.5027|div=-9.0670|sda=1.2425|rho=1.000|grl=1.000|lr=1.57e-05
Validation result: loss=0.5932, acc=0.89, f1=0.7251
Validation F1 did not improve from 0.7923.
TRAIN_EPOCH|epoch=93/100|steps=571|total=-0.6033|cls=0.0261|qdom=2.6738|qcls=4.5136|div=-9.0577|sda=1.2410|rho=1.000|grl=1.000|lr=1.20e-05
Validation result: loss=0.5730, acc=0.90, f1=0.7248
Validation F1 did not improve from 0.7923.
TRAIN_EPOCH|epoch=94/100|steps=571|total=-0.6438|cls=0.0248|qdom=2.6659|qcls=4.4906|div=-9.0616|sda=1.2364|rho=1.000|grl=1.000|lr=8.86e-06
Validation result: loss=0.5970, acc=0.89, f1=0.7374
Validation F1 did not improve from 0.7923.
TRAIN_EPOCH|epoch=95/100|steps=571|total=-0.6357|cls=0.0244|qdom=2.6777|qcls=4.4865|div=-9.0609|sda=1.2365|rho=1.000|grl=1.000|lr=6.16e-06
Validation result: loss=0.5781, acc=0.90, f1=0.7325
Validation F1 did not improve from 0.7923.
TRAIN_EPOCH|epoch=96/100|steps=571|total=-0.6594|cls=0.0239|qdom=2.6879|qcls=4.4704|div=-9.0796|sda=1.2379|rho=1.000|grl=1.000|lr=3.94e-06
Validation result: loss=0.5748, acc=0.90, f1=0.7237
Validation F1 did not improve from 0.7923.
TRAIN_EPOCH|epoch=97/100|steps=571|total=-0.6726|cls=0.0233|qdom=2.6815|qcls=4.4766|div=-9.0892|sda=1.2352|rho=1.000|grl=1.000|lr=2.22e-06
Validation result: loss=0.5928, acc=0.90, f1=0.7328
Validation F1 did not improve from 0.7923.
TRAIN_EPOCH|epoch=98/100|steps=571|total=-0.6340|cls=0.0243|qdom=2.6909|qcls=4.4890|div=-9.0718|sda=1.2336|rho=1.000|grl=1.000|lr=9.87e-07
Validation result: loss=0.5821, acc=0.90, f1=0.7230
Validation F1 did not improve from 0.7923.
TRAIN_EPOCH|epoch=99/100|steps=571|total=-0.6390|cls=0.0236|qdom=2.6917|qcls=4.4897|div=-9.0781|sda=1.2342|rho=1.000|grl=1.000|lr=2.47e-07
Validation result: loss=0.5841, acc=0.90, f1=0.7334
Validation F1 did not improve from 0.7923.
TRAIN_EPOCH|epoch=100/100|steps=571|total=-0.6163|cls=0.0246|qdom=2.6869|qcls=4.4946|div=-9.0567|sda=1.2343|rho=1.000|grl=1.000|lr=0.00e+00
Validation result: loss=0.5888, acc=0.90, f1=0.7289
Validation F1 did not improve from 0.7923.
Restoring best model weights for testing...
Test result for DK1_to_FR2_seed1: accuracy=0.5412, f1=0.2312
                  precision    recall  f1-score   support

            corn       0.94      0.67      0.78      3869
      horsebeans       0.00      0.00      0.00        93
          meadow       0.94      0.66      0.77     10448
   spring_barley       0.02      0.35      0.03        75
      spring_oat       0.00      0.00      0.00         6
     spring_peas       0.30      0.05      0.09        58
    spring_wheat       0.00      0.00      0.00         8
   winter_barley       0.10      0.65      0.18       787
 winter_rapeseed       0.65      0.62      0.63       756
      winter_rye       0.00      0.00      0.00         9
winter_triticale       0.04      0.00      0.00       508
    winter_wheat       0.51      0.20      0.29      4272

        accuracy                           0.54     20889
       macro avg       0.29      0.27      0.23     20889
    weighted avg       0.78      0.54      0.62     20889

corn [2589    0  128  427   52    0   18   20   21  129    0  485]
horsebeans [ 6  0  5  4  1  0  0 46 13  1  4 13]
meadow [  63    1 6849  958    1    5    6 1495  160  617   15  278]
spring_barley [ 3  0  5 26  1  0  1 35  0  3  0  1]
spring_oat [0 0 0 3 0 0 0 3 0 0 0 0]
spring_peas [ 5  0  3 19  1  3  0 22  3  0  0  2]
spring_wheat [0 0 0 0 0 0 0 5 0 1 0 2]
winter_barley [ 13   0 110  14   0   0   0 515  34  81   2  18]
winter_rapeseed [  3   0  16  22   3   1   0 236 466   2   0   7]
winter_rye [1 0 0 0 0 0 0 4 4 0 0 0]
winter_triticale [  1   0  23  10   0   0   0 389  14  44   1  26]
winter_wheat [  59    0  142   36    1    1    0 2284    6  885    2  856]
Overall result across 1 folds:
|                  | precision   | recall   | f1-score   | support     |
|:-----------------|:------------|:---------|:-----------|:------------|
| corn             | 94.4±0.0    | 66.9±0.0 | 78.3±0.0   | 3869.0±0.0  |
| horsebeans       | 0.0±0.0     | 0.0±0.0  | 0.0±0.0    | 93.0±0.0    |
| meadow           | 94.1±0.0    | 65.6±0.0 | 77.3±0.0   | 10448.0±0.0 |
| spring_barley    | 1.7±0.0     | 34.7±0.0 | 3.3±0.0    | 75.0±0.0    |
| spring_oat       | 0.0±0.0     | 0.0±0.0  | 0.0±0.0    | 6.0±0.0     |
| spring_peas      | 30.0±0.0    | 5.2±0.0  | 8.8±0.0    | 58.0±0.0    |
| spring_wheat     | 0.0±0.0     | 0.0±0.0  | 0.0±0.0    | 8.0±0.0     |
| winter_barley    | 10.2±0.0    | 65.4±0.0 | 17.6±0.0   | 787.0±0.0   |
| winter_rapeseed  | 64.6±0.0    | 61.6±0.0 | 63.1±0.0   | 756.0±0.0   |
| winter_rye       | 0.0±0.0     | 0.0±0.0  | 0.0±0.0    | 9.0±0.0     |
| winter_triticale | 4.2±0.0     | 0.2±0.0  | 0.4±0.0    | 508.0±0.0   |
| winter_wheat     | 50.7±0.0    | 20.0±0.0 | 28.7±0.0   | 4272.0±0.0  |
|                  |             |          |            |             |
| accuracy         |             |          |            | 54.1±0.0    |
| macro avg        | 29.2±0.0    | 26.6±0.0 | 23.1±0.0   | 20889.0±0.0 |
accuracy: 54.1±0.0
loss: 0.0±0.0
macro_f1: 23.1±0.0
weighted_f1: 62.0±0.0
kappa: 40.7±0.0
TASK_DONE|gpu=0|source=DK1|target=FR2|seed=1
DATE_END|2026-07-27T03:11:15+08:00
