TASK_START|gpu=0|source=DK1|target=FR1|seed=3|run=DK1_to_FR1_seed3
DATE_START|2026-07-27T11:33:02+08:00
GIT_HEAD|fc59a2e8f2510dfcbc38396b330ad7d7ebdda17a
Namespace(data_root='/data/user/dataset/timematch_data', num_blocks=100, source='denmark/32VNH/2017', target='france/31TCJ/2017', num_folds=1, val_ratio=0.1, test_ratio=0.2, sample_pixels_val=True, output_dir='outputs/structure_da_full_3seeds_v1/DK1_to_FR1_seed3', experiment_name='DK1_to_FR1_seed3', num_workers=8, seed=3, device='cuda', log_step=10, eval=False, overall=False, combine_spring_and_winter=False, closed_set=True, progress_bar='auto', epochs=100, batch_size=128, lr=0.001, weight_decay=0.0001, num_pixels=64, input_dim=10, with_extra=False, tensorboard_log_dir='runs/structure_da_full_3seeds_v1/DK1_to_FR1_seed3', steps_per_epoch=None, quality_warmup_steps=None, grl_warmup_steps=None, grl_gamma=10.0, lambda_qdom=1.0, lambda_qcls=1.0, lambda_div=1.0, lambda_sda=1.0, time_scale=365.0, tau_fast_init=0.05, tau_slow_init=0.2, tau_min=0.0001, delta_tau_min=0.0001, quality_hidden_cap=128, quality_eta=0.1, sda_hidden_dim=128, model='structure_da')
CLOSED_SET_PROTOCOL|source=denmark/32VNH/2017|target=france/31TCJ/2017|num_classes=12|classes=corn,horsebeans,meadow,spring_barley,spring_oat,spring_peas,spring_wheat,winter_barley,winter_rapeseed,winter_rye,winter_triticale,winter_wheat
Starting fold 0...
CLOSED_SET_COUNTS|source_total=53823|target_total=57128|source_train=37677|source_val=5382|source_test=10764|target_train=39991|target_val=5712|target_test=11425
evaluation dataset: denmark/32VNH/2017
val target data: 5382 (43 batches)
test taget data: 10764 (1708 batches)
evaluation dataset: france/31TCJ/2017
val target data: 5712 (45 batches)
test taget data: 11425 (1442 batches)
StructureDAModel(
  (spatial_encoder): PixelSetEncoder(
    (mlp1): Sequential(
      (0): LinearLayer(
        (linear): Linear(in_features=10, out_features=32, bias=False)
        (norm): BatchNorm1d(32, eps=1e-05, momentum=0.1, affine=True, track_running_stats=True)
        (activation): ReLU()
      )
      (1): LinearLayer(
        (linear): Linear(in_features=32, out_features=64, bias=False)
        (norm): BatchNorm1d(64, eps=1e-05, momentum=0.1, affine=True, track_running_stats=True)
        (activation): ReLU()
      )
    )
    (mlp2): Sequential(
      (0): LinearLayer(
        (linear): Linear(in_features=128, out_features=128, bias=False)
        (norm): BatchNorm1d(128, eps=1e-05, momentum=0.1, affine=True, track_running_stats=True)
        (activation): ReLU()
      )
    )
  )
  (component_classifier): ComponentStructureClassifier(
    (decomposition): SymmetricTimeKernelDecomposition()
    (temporal_operator): TemporalRelationOperator()
    (channel_operator): ChannelRelationOperator()
    (trend_temporal_quality): StructuralQualityPerception(
      (transferability): TransferabilityScorer(
        (normalization): LayerNorm((512,), eps=1e-05, elementwise_affine=True)
        (hidden): Linear(in_features=512, out_features=128, bias=True)
        (activation): ReLU()
        (domain_head): Linear(in_features=128, out_features=2, bias=True)
      )
      (discriminability): DiscriminabilityScorer(
        (normalization): LayerNorm((512,), eps=1e-05, elementwise_affine=True)
        (class_head): Linear(in_features=512, out_features=12, bias=True)
      )
    )
    (dynamics_temporal_quality): StructuralQualityPerception(
      (transferability): TransferabilityScorer(
        (normalization): LayerNorm((512,), eps=1e-05, elementwise_affine=True)
        (hidden): Linear(in_features=512, out_features=128, bias=True)
        (activation): ReLU()
        (domain_head): Linear(in_features=128, out_features=2, bias=True)
      )
      (discriminability): DiscriminabilityScorer(
        (normalization): LayerNorm((512,), eps=1e-05, elementwise_affine=True)
        (class_head): Linear(in_features=512, out_features=12, bias=True)
      )
    )
    (dynamics_channel_quality): StructuralQualityPerception(
      (transferability): TransferabilityScorer(
        (normalization): LayerNorm((8128,), eps=1e-05, elementwise_affine=True)
        (hidden): Linear(in_features=8128, out_features=128, bias=True)
        (activation): ReLU()
        (domain_head): Linear(in_features=128, out_features=2, bias=True)
      )
      (discriminability): DiscriminabilityScorer(
        (normalization): LayerNorm((8128,), eps=1e-05, elementwise_affine=True)
        (class_head): Linear(in_features=8128, out_features=12, bias=True)
      )
    )
    (content_norm): LayerNorm((128,), eps=1e-05, elementwise_affine=False)
    (temporal_norm): LayerNorm((256,), eps=1e-05, elementwise_affine=False)
    (channel_norm): LayerNorm((128,), eps=1e-05, elementwise_affine=False)
    (shared_ltae): LTAE(
      (inconv): LinearLayer(
        (linear): Linear(in_features=512, out_features=256, bias=False)
        (norm): BatchNorm1d(256, eps=1e-05, momentum=0.1, affine=True, track_running_stats=True)
        (activation): ReLU()
      )
      (positional_enc): Embedding(565, 256)
      (attention_heads): MultiHeadAttention(
        (key): Linear(in_features=256, out_features=128, bias=True)
        (dropout): Dropout(p=0.1, inplace=False)
        (softmax): Softmax(dim=-1)
      )
      (mlp): Sequential(
        (0): LinearLayer(
          (linear): Linear(in_features=256, out_features=128, bias=False)
          (norm): BatchNorm1d(128, eps=1e-05, momentum=0.1, affine=True, track_running_stats=True)
          (activation): ReLU()
        )
      )
      (dropout): Dropout(p=0.2, inplace=False)
    )
    (trend_component_quality): ComponentQualityPerception(
      (transferability): TransferabilityScorer(
        (normalization): LayerNorm((128,), eps=1e-05, elementwise_affine=True)
        (hidden): Linear(in_features=128, out_features=128, bias=True)
        (activation): ReLU()
        (domain_head): Linear(in_features=128, out_features=2, bias=True)
      )
      (discriminability): DiscriminabilityScorer(
        (normalization): LayerNorm((128,), eps=1e-05, elementwise_affine=True)
        (class_head): Linear(in_features=128, out_features=12, bias=True)
      )
      (diversity): DiversityScorer(
        (normalization): LayerNorm((128,), eps=1e-05, elementwise_affine=True)
        (diversity_head): Linear(in_features=128, out_features=1, bias=True)
        (activation): Sigmoid()
      )
    )
    (dynamics_component_quality): ComponentQualityPerception(
      (transferability): TransferabilityScorer(
        (normalization): LayerNorm((128,), eps=1e-05, elementwise_affine=True)
        (hidden): Linear(in_features=128, out_features=128, bias=True)
        (activation): ReLU()
        (domain_head): Linear(in_features=128, out_features=2, bias=True)
      )
      (discriminability): DiscriminabilityScorer(
        (normalization): LayerNorm((128,), eps=1e-05, elementwise_affine=True)
        (class_head): Linear(in_features=128, out_features=12, bias=True)
      )
      (diversity): DiversityScorer(
        (normalization): LayerNorm((128,), eps=1e-05, elementwise_affine=True)
        (diversity_head): Linear(in_features=128, out_features=1, bias=True)
        (activation): Sigmoid()
      )
    )
    (residual_component_quality): ComponentQualityPerception(
      (transferability): TransferabilityScorer(
        (normalization): LayerNorm((128,), eps=1e-05, elementwise_affine=True)
        (hidden): Linear(in_features=128, out_features=128, bias=True)
        (activation): ReLU()
        (domain_head): Linear(in_features=128, out_features=2, bias=True)
      )
      (discriminability): DiscriminabilityScorer(
        (normalization): LayerNorm((128,), eps=1e-05, elementwise_affine=True)
        (class_head): Linear(in_features=128, out_features=12, bias=True)
      )
      (diversity): DiversityScorer(
        (normalization): LayerNorm((128,), eps=1e-05, elementwise_affine=True)
        (diversity_head): Linear(in_features=128, out_features=1, bias=True)
        (activation): Sigmoid()
      )
    )
    (component_embedding_norm): LayerNorm((128,), eps=1e-05, elementwise_affine=False)
    (classifier): Sequential(
      (0): LinearLayer(
        (linear): Linear(in_features=384, out_features=64, bias=False)
        (norm): BatchNorm1d(64, eps=1e-05, momentum=0.1, affine=True, track_running_stats=True)
        (activation): ReLU()
      )
      (1): LinearLayer(
        (linear): Linear(in_features=64, out_features=32, bias=False)
        (norm): BatchNorm1d(32, eps=1e-05, momentum=0.1, affine=True, track_running_stats=True)
        (activation): ReLU()
      )
      (2): Linear(in_features=32, out_features=12, bias=True)
    )
  )
  (joint_builder): JointStructuralSpaceBuilder(
    (trend_temporal_norm): LayerNorm((512,), eps=1e-05, elementwise_affine=False)
    (dynamics_temporal_norm): LayerNorm((512,), eps=1e-05, elementwise_affine=False)
    (dynamics_channel_norm): LayerNorm((8128,), eps=1e-05, elementwise_affine=False)
  )
  (adversarial_adapter): StructuralAdversarialAdapter(
    (discriminator): SDADiscriminator(
      (hidden): Linear(in_features=9152, out_features=128, bias=True)
      (activation): ReLU()
      (output): Linear(in_features=128, out_features=1, bias=True)
    )
  )
)
Number of trainable parameters: 2792486
TRAIN_EPOCH|epoch=1/100|steps=312|total=10.0332|cls=0.7749|qdom=4.5667|qcls=7.1937|div=-3.2729|sda=0.7709|rho=0.997|grl=1.000|lr=1.00e-03
Validation result: loss=0.6004, acc=0.84, f1=0.4900
Validation F1 improved from -inf to 0.4900!
Saving best model to outputs/structure_da_full_3seeds_v1/DK1_to_FR1_seed3/fold_0/model.pt
TRAIN_EPOCH|epoch=2/100|steps=312|total=4.2763|cls=0.4625|qdom=3.5643|qcls=6.6019|div=-7.4873|sda=1.1348|rho=1.000|grl=1.000|lr=9.99e-04
Validation result: loss=0.6783, acc=0.82, f1=0.4821
Validation F1 did not improve from 0.4900.
TRAIN_EPOCH|epoch=3/100|steps=312|total=2.4430|cls=0.3990|qdom=3.2189|qcls=6.1974|div=-8.4048|sda=1.0326|rho=1.000|grl=1.000|lr=9.98e-04
Validation result: loss=0.4671, acc=0.87, f1=0.5817
Validation F1 improved from 0.4900 to 0.5817!
Saving best model to outputs/structure_da_full_3seeds_v1/DK1_to_FR1_seed3/fold_0/model.pt
TRAIN_EPOCH|epoch=4/100|steps=312|total=1.7307|cls=0.3700|qdom=3.2200|qcls=5.7678|div=-8.6487|sda=1.0217|rho=1.000|grl=1.000|lr=9.96e-04
Validation result: loss=0.7754, acc=0.81, f1=0.5126
Validation F1 did not improve from 0.5817.
TRAIN_EPOCH|epoch=5/100|steps=312|total=1.8223|cls=0.3493|qdom=3.1082|qcls=5.9110|div=-8.6524|sda=1.1062|rho=1.000|grl=1.000|lr=9.94e-04
Validation result: loss=1.5801, acc=0.57, f1=0.3239
Validation F1 did not improve from 0.5817.
TRAIN_EPOCH|epoch=6/100|steps=312|total=2.1456|cls=0.3607|qdom=3.3142|qcls=6.0216|div=-8.6406|sda=1.0897|rho=1.000|grl=1.000|lr=9.91e-04
Validation result: loss=0.9165, acc=0.74, f1=0.4841
Validation F1 did not improve from 0.5817.
TRAIN_EPOCH|epoch=7/100|steps=312|total=2.3723|cls=0.3465|qdom=3.5387|qcls=6.1105|div=-8.7487|sda=1.1253|rho=1.000|grl=1.000|lr=9.88e-04
Validation result: loss=0.4247, acc=0.89, f1=0.6055
Validation F1 improved from 0.5817 to 0.6055!
Saving best model to outputs/structure_da_full_3seeds_v1/DK1_to_FR1_seed3/fold_0/model.pt
TRAIN_EPOCH|epoch=8/100|steps=312|total=1.6781|cls=0.3125|qdom=3.3199|qcls=5.7426|div=-8.8341|sda=1.1372|rho=1.000|grl=1.000|lr=9.84e-04
Validation result: loss=0.5423, acc=0.84, f1=0.6082
Validation F1 improved from 0.6055 to 0.6082!
Saving best model to outputs/structure_da_full_3seeds_v1/DK1_to_FR1_seed3/fold_0/model.pt
TRAIN_EPOCH|epoch=9/100|steps=312|total=1.3603|cls=0.2915|qdom=3.1482|qcls=5.6032|div=-8.8230|sda=1.1405|rho=1.000|grl=1.000|lr=9.80e-04
Validation result: loss=0.6366, acc=0.82, f1=0.5937
Validation F1 did not improve from 0.6082.
TRAIN_EPOCH|epoch=10/100|steps=312|total=1.8599|cls=0.3057|qdom=3.2891|qcls=5.9736|div=-8.8521|sda=1.1438|rho=1.000|grl=1.000|lr=9.76e-04
Validation result: loss=0.5019, acc=0.87, f1=0.5966
Validation F1 did not improve from 0.6082.
TRAIN_EPOCH|epoch=11/100|steps=312|total=1.5391|cls=0.2910|qdom=3.0958|qcls=5.8835|div=-8.8999|sda=1.1687|rho=1.000|grl=1.000|lr=9.70e-04
Validation result: loss=0.5534, acc=0.85, f1=0.5612
Validation F1 did not improve from 0.6082.
TRAIN_EPOCH|epoch=12/100|steps=312|total=2.2485|cls=0.2996|qdom=3.3707|qcls=6.1951|div=-8.8218|sda=1.2049|rho=1.000|grl=1.000|lr=9.65e-04
Validation result: loss=0.4822, acc=0.86, f1=0.5794
Validation F1 did not improve from 0.6082.
TRAIN_EPOCH|epoch=13/100|steps=312|total=2.4743|cls=0.2914|qdom=3.5862|qcls=6.2090|div=-8.8525|sda=1.2402|rho=1.000|grl=1.000|lr=9.59e-04
Validation result: loss=0.4862, acc=0.87, f1=0.6277
Validation F1 improved from 0.6082 to 0.6277!
Saving best model to outputs/structure_da_full_3seeds_v1/DK1_to_FR1_seed3/fold_0/model.pt
TRAIN_EPOCH|epoch=14/100|steps=312|total=1.6260|cls=0.2688|qdom=3.1986|qcls=5.7795|div=-8.8749|sda=1.2541|rho=1.000|grl=1.000|lr=9.52e-04
Validation result: loss=0.5107, acc=0.87, f1=0.6221
Validation F1 did not improve from 0.6277.
TRAIN_EPOCH|epoch=15/100|steps=312|total=2.0483|cls=0.2611|qdom=3.6647|qcls=5.8067|div=-8.8933|sda=1.2092|rho=1.000|grl=1.000|lr=9.46e-04
Validation result: loss=0.4812, acc=0.88, f1=0.6209
Validation F1 did not improve from 0.6277.
TRAIN_EPOCH|epoch=16/100|steps=312|total=1.6660|cls=0.2806|qdom=3.3356|qcls=5.7397|div=-8.9421|sda=1.2521|rho=1.000|grl=1.000|lr=9.38e-04
Validation result: loss=0.8214, acc=0.79, f1=0.5008
Validation F1 did not improve from 0.6277.
TRAIN_EPOCH|epoch=17/100|steps=312|total=1.6855|cls=0.2849|qdom=3.2646|qcls=5.7658|div=-8.8525|sda=1.2227|rho=1.000|grl=1.000|lr=9.30e-04
Validation result: loss=0.5896, acc=0.85, f1=0.5444
Validation F1 did not improve from 0.6277.
TRAIN_EPOCH|epoch=18/100|steps=312|total=1.7102|cls=0.2629|qdom=3.3662|qcls=5.7507|div=-8.8660|sda=1.1964|rho=1.000|grl=1.000|lr=9.22e-04
Validation result: loss=0.3843, acc=0.90, f1=0.6461
Validation F1 improved from 0.6277 to 0.6461!
Saving best model to outputs/structure_da_full_3seeds_v1/DK1_to_FR1_seed3/fold_0/model.pt
TRAIN_EPOCH|epoch=19/100|steps=312|total=1.5674|cls=0.2584|qdom=3.4736|qcls=5.4766|div=-8.8911|sda=1.2500|rho=1.000|grl=1.000|lr=9.14e-04
Validation result: loss=0.4429, acc=0.88, f1=0.6398
Validation F1 did not improve from 0.6461.
TRAIN_EPOCH|epoch=20/100|steps=312|total=1.9783|cls=0.2810|qdom=3.6745|qcls=5.6821|div=-8.8892|sda=1.2299|rho=1.000|grl=1.000|lr=9.05e-04
Validation result: loss=0.3857, acc=0.90, f1=0.6682
Validation F1 improved from 0.6461 to 0.6682!
Saving best model to outputs/structure_da_full_3seeds_v1/DK1_to_FR1_seed3/fold_0/model.pt
TRAIN_EPOCH|epoch=21/100|steps=312|total=0.8489|cls=0.2347|qdom=3.2809|qcls=5.0172|div=-8.9264|sda=1.2426|rho=1.000|grl=1.000|lr=8.95e-04
Validation result: loss=0.3736, acc=0.90, f1=0.7141
Validation F1 improved from 0.6682 to 0.7141!
Saving best model to outputs/structure_da_full_3seeds_v1/DK1_to_FR1_seed3/fold_0/model.pt
TRAIN_EPOCH|epoch=22/100|steps=312|total=0.6216|cls=0.2338|qdom=3.1359|qcls=4.9445|div=-8.9610|sda=1.2683|rho=1.000|grl=1.000|lr=8.85e-04
Validation result: loss=0.3708, acc=0.90, f1=0.7254
Validation F1 improved from 0.7141 to 0.7254!
Saving best model to outputs/structure_da_full_3seeds_v1/DK1_to_FR1_seed3/fold_0/model.pt
TRAIN_EPOCH|epoch=23/100|steps=312|total=1.0718|cls=0.2571|qdom=3.2717|qcls=5.2438|div=-8.9498|sda=1.2491|rho=1.000|grl=1.000|lr=8.75e-04
Validation result: loss=0.6105, acc=0.83, f1=0.5887
Validation F1 did not improve from 0.7254.
TRAIN_EPOCH|epoch=24/100|steps=312|total=1.0948|cls=0.2365|qdom=3.1756|qcls=5.3442|div=-8.9367|sda=1.2752|rho=1.000|grl=1.000|lr=8.64e-04
Validation result: loss=0.4413, acc=0.88, f1=0.6518
Validation F1 did not improve from 0.7254.
TRAIN_EPOCH|epoch=25/100|steps=312|total=0.9706|cls=0.2328|qdom=3.0774|qcls=5.3363|div=-8.9349|sda=1.2589|rho=1.000|grl=1.000|lr=8.54e-04
Validation result: loss=0.9136, acc=0.78, f1=0.4365
Validation F1 did not improve from 0.7254.
TRAIN_EPOCH|epoch=26/100|steps=312|total=1.1366|cls=0.2348|qdom=3.0879|qcls=5.4569|div=-8.9206|sda=1.2778|rho=1.000|grl=1.000|lr=8.42e-04
Validation result: loss=0.3689, acc=0.90, f1=0.7017
Validation F1 did not improve from 0.7254.
TRAIN_EPOCH|epoch=27/100|steps=312|total=0.8874|cls=0.2346|qdom=3.3119|qcls=5.0403|div=-8.9761|sda=1.2767|rho=1.000|grl=1.000|lr=8.31e-04
Validation result: loss=0.3674, acc=0.90, f1=0.7188
Validation F1 did not improve from 0.7254.
TRAIN_EPOCH|epoch=28/100|steps=312|total=1.0245|cls=0.2236|qdom=3.2614|qcls=5.1673|div=-8.9041|sda=1.2763|rho=1.000|grl=1.000|lr=8.19e-04
Validation result: loss=0.3071, acc=0.92, f1=0.7155
Validation F1 did not improve from 0.7254.
TRAIN_EPOCH|epoch=29/100|steps=312|total=0.4727|cls=0.2104|qdom=3.1418|qcls=4.7921|div=-8.9691|sda=1.2974|rho=1.000|grl=1.000|lr=8.06e-04
Validation result: loss=0.4892, acc=0.87, f1=0.6445
Validation F1 did not improve from 0.7254.
TRAIN_EPOCH|epoch=30/100|steps=312|total=0.4631|cls=0.2139|qdom=3.1275|qcls=4.8140|div=-8.9826|sda=1.2902|rho=1.000|grl=1.000|lr=7.94e-04
Validation result: loss=0.3871, acc=0.90, f1=0.6823
Validation F1 did not improve from 0.7254.
TRAIN_EPOCH|epoch=31/100|steps=312|total=0.2775|cls=0.2116|qdom=3.0389|qcls=4.6961|div=-8.9935|sda=1.3245|rho=1.000|grl=1.000|lr=7.81e-04
Validation result: loss=0.3658, acc=0.90, f1=0.7100
Validation F1 did not improve from 0.7254.
TRAIN_EPOCH|epoch=32/100|steps=312|total=-0.2377|cls=0.1939|qdom=2.8775|qcls=4.3552|div=-8.9836|sda=1.3193|rho=1.000|grl=1.000|lr=7.68e-04
Validation result: loss=0.4264, acc=0.89, f1=0.6334
Validation F1 did not improve from 0.7254.
TRAIN_EPOCH|epoch=33/100|steps=312|total=-0.2350|cls=0.1853|qdom=2.9972|qcls=4.2915|div=-9.0202|sda=1.3112|rho=1.000|grl=1.000|lr=7.55e-04
Validation result: loss=0.3859, acc=0.90, f1=0.6704
Validation F1 did not improve from 0.7254.
TRAIN_EPOCH|epoch=34/100|steps=312|total=-0.3158|cls=0.1840|qdom=2.9833|qcls=4.2255|div=-9.0116|sda=1.3030|rho=1.000|grl=1.000|lr=7.41e-04
Validation result: loss=0.4224, acc=0.89, f1=0.6835
Validation F1 did not improve from 0.7254.
TRAIN_EPOCH|epoch=35/100|steps=312|total=-0.2047|cls=0.1807|qdom=2.9651|qcls=4.3609|div=-9.0269|sda=1.3155|rho=1.000|grl=1.000|lr=7.27e-04
Validation result: loss=0.4088, acc=0.89, f1=0.6956
Validation F1 did not improve from 0.7254.
TRAIN_EPOCH|epoch=36/100|steps=312|total=0.0203|cls=0.1775|qdom=3.0200|qcls=4.4989|div=-9.0023|sda=1.3262|rho=1.000|grl=1.000|lr=7.13e-04
Validation result: loss=0.4137, acc=0.89, f1=0.6402
Validation F1 did not improve from 0.7254.
TRAIN_EPOCH|epoch=37/100|steps=312|total=0.1125|cls=0.1742|qdom=3.0430|qcls=4.5819|div=-9.0093|sda=1.3228|rho=1.000|grl=1.000|lr=6.99e-04
Validation result: loss=0.4586, acc=0.88, f1=0.7077
Validation F1 did not improve from 0.7254.
TRAIN_EPOCH|epoch=38/100|steps=312|total=-0.1134|cls=0.1671|qdom=2.9785|qcls=4.4128|div=-8.9980|sda=1.3263|rho=1.000|grl=1.000|lr=6.84e-04
Validation result: loss=0.3783, acc=0.89, f1=0.7047
Validation F1 did not improve from 0.7254.
TRAIN_EPOCH|epoch=39/100|steps=312|total=-0.2509|cls=0.1657|qdom=2.9349|qcls=4.3217|div=-8.9964|sda=1.3232|rho=1.000|grl=1.000|lr=6.69e-04
Validation result: loss=0.4655, acc=0.87, f1=0.6571
Validation F1 did not improve from 0.7254.
TRAIN_EPOCH|epoch=40/100|steps=312|total=-0.4234|cls=0.1599|qdom=2.8406|qcls=4.2538|div=-9.0044|sda=1.3268|rho=1.000|grl=1.000|lr=6.55e-04
Validation result: loss=0.3943, acc=0.89, f1=0.7017
Validation F1 did not improve from 0.7254.
TRAIN_EPOCH|epoch=41/100|steps=312|total=-0.4889|cls=0.1608|qdom=2.8343|qcls=4.1988|div=-9.0133|sda=1.3305|rho=1.000|grl=1.000|lr=6.39e-04
Validation result: loss=0.4151, acc=0.88, f1=0.7267
Validation F1 improved from 0.7254 to 0.7267!
Saving best model to outputs/structure_da_full_3seeds_v1/DK1_to_FR1_seed3/fold_0/model.pt
TRAIN_EPOCH|epoch=42/100|steps=312|total=-0.1019|cls=0.1621|qdom=2.9134|qcls=4.5094|div=-9.0200|sda=1.3332|rho=1.000|grl=1.000|lr=6.24e-04
Validation result: loss=0.4070, acc=0.89, f1=0.7371
Validation F1 improved from 0.7267 to 0.7371!
Saving best model to outputs/structure_da_full_3seeds_v1/DK1_to_FR1_seed3/fold_0/model.pt
TRAIN_EPOCH|epoch=43/100|steps=312|total=-0.4802|cls=0.1529|qdom=2.8304|qcls=4.2429|div=-9.0326|sda=1.3262|rho=1.000|grl=1.000|lr=6.09e-04
Validation result: loss=0.3768, acc=0.90, f1=0.7070
Validation F1 did not improve from 0.7371.
TRAIN_EPOCH|epoch=44/100|steps=312|total=-0.4708|cls=0.1472|qdom=2.8496|qcls=4.2632|div=-9.0516|sda=1.3208|rho=1.000|grl=1.000|lr=5.94e-04
Validation result: loss=0.4145, acc=0.90, f1=0.6924
Validation F1 did not improve from 0.7371.
TRAIN_EPOCH|epoch=45/100|steps=312|total=-0.3945|cls=0.1442|qdom=2.8318|qcls=4.3386|div=-9.0251|sda=1.3160|rho=1.000|grl=1.000|lr=5.78e-04
Validation result: loss=0.3657, acc=0.91, f1=0.7330
Validation F1 did not improve from 0.7371.
TRAIN_EPOCH|epoch=46/100|steps=312|total=-0.2546|cls=0.1372|qdom=2.8938|qcls=4.3886|div=-8.9911|sda=1.3168|rho=1.000|grl=1.000|lr=5.63e-04
Validation result: loss=0.3804, acc=0.90, f1=0.7107
Validation F1 did not improve from 0.7371.
TRAIN_EPOCH|epoch=47/100|steps=312|total=-0.0398|cls=0.1417|qdom=3.0250|qcls=4.4678|div=-8.9952|sda=1.3208|rho=1.000|grl=1.000|lr=5.47e-04
Validation result: loss=0.3578, acc=0.91, f1=0.7137
Validation F1 did not improve from 0.7371.
TRAIN_EPOCH|epoch=48/100|steps=312|total=-0.1030|cls=0.1423|qdom=2.9632|qcls=4.4687|div=-9.0105|sda=1.3333|rho=1.000|grl=1.000|lr=5.31e-04
Validation result: loss=0.3637, acc=0.90, f1=0.7022
Validation F1 did not improve from 0.7371.
TRAIN_EPOCH|epoch=49/100|steps=312|total=-0.1714|cls=0.1331|qdom=2.9362|qcls=4.4678|div=-9.0410|sda=1.3325|rho=1.000|grl=1.000|lr=5.16e-04
Validation result: loss=0.3823, acc=0.90, f1=0.7070
Validation F1 did not improve from 0.7371.
TRAIN_EPOCH|epoch=50/100|steps=312|total=-0.3852|cls=0.1361|qdom=2.8473|qcls=4.3254|div=-9.0221|sda=1.3281|rho=1.000|grl=1.000|lr=5.00e-04
Validation result: loss=0.3980, acc=0.90, f1=0.6557
Validation F1 did not improve from 0.7371.
TRAIN_EPOCH|epoch=51/100|steps=312|total=-0.1804|cls=0.1300|qdom=2.9130|qcls=4.4820|div=-9.0419|sda=1.3365|rho=1.000|grl=1.000|lr=4.84e-04
Validation result: loss=0.3483, acc=0.91, f1=0.6970
Validation F1 did not improve from 0.7371.
TRAIN_EPOCH|epoch=52/100|steps=312|total=-0.0037|cls=0.1309|qdom=2.9559|qcls=4.6020|div=-9.0183|sda=1.3258|rho=1.000|grl=1.000|lr=4.69e-04
Validation result: loss=0.3386, acc=0.91, f1=0.7486
Validation F1 improved from 0.7371 to 0.7486!
Saving best model to outputs/structure_da_full_3seeds_v1/DK1_to_FR1_seed3/fold_0/model.pt
TRAIN_EPOCH|epoch=53/100|steps=312|total=-0.1238|cls=0.1268|qdom=2.9243|qcls=4.5266|div=-9.0110|sda=1.3095|rho=1.000|grl=1.000|lr=4.53e-04
Validation result: loss=0.4357, acc=0.89, f1=0.6447
Validation F1 did not improve from 0.7486.
TRAIN_EPOCH|epoch=54/100|steps=312|total=-0.1923|cls=0.1224|qdom=2.9203|qcls=4.4660|div=-9.0115|sda=1.3105|rho=1.000|grl=1.000|lr=4.37e-04
Validation result: loss=0.3694, acc=0.90, f1=0.7298
Validation F1 did not improve from 0.7486.
TRAIN_EPOCH|epoch=55/100|steps=312|total=-0.0847|cls=0.1167|qdom=2.9299|qcls=4.5766|div=-9.0250|sda=1.3173|rho=1.000|grl=1.000|lr=4.22e-04
Validation result: loss=0.3665, acc=0.91, f1=0.7178
Validation F1 did not improve from 0.7486.
TRAIN_EPOCH|epoch=56/100|steps=312|total=-0.0497|cls=0.1172|qdom=2.9333|qcls=4.6119|div=-9.0332|sda=1.3211|rho=1.000|grl=1.000|lr=4.06e-04
Validation result: loss=0.3777, acc=0.91, f1=0.7320
Validation F1 did not improve from 0.7486.
TRAIN_EPOCH|epoch=57/100|steps=312|total=-0.2347|cls=0.1122|qdom=2.8979|qcls=4.4651|div=-9.0320|sda=1.3221|rho=1.000|grl=1.000|lr=3.91e-04
Validation result: loss=0.4100, acc=0.90, f1=0.7176
Validation F1 did not improve from 0.7486.
TRAIN_EPOCH|epoch=58/100|steps=312|total=-0.1058|cls=0.1109|qdom=2.8921|qcls=4.5980|div=-9.0281|sda=1.3214|rho=1.000|grl=1.000|lr=3.76e-04
Validation result: loss=0.4634, acc=0.88, f1=0.7167
Validation F1 did not improve from 0.7486.
TRAIN_EPOCH|epoch=59/100|steps=312|total=0.2004|cls=0.1109|qdom=2.9765|qcls=4.8231|div=-9.0359|sda=1.3257|rho=1.000|grl=1.000|lr=3.61e-04
Validation result: loss=0.4170, acc=0.89, f1=0.6935
Validation F1 did not improve from 0.7486.
TRAIN_EPOCH|epoch=60/100|steps=312|total=-0.0047|cls=0.1084|qdom=2.9600|qcls=4.6229|div=-9.0122|sda=1.3163|rho=1.000|grl=1.000|lr=3.45e-04
Validation result: loss=0.4228, acc=0.90, f1=0.6872
Validation F1 did not improve from 0.7486.
TRAIN_EPOCH|epoch=61/100|steps=312|total=-0.0828|cls=0.1037|qdom=2.8792|qcls=4.6333|div=-9.0150|sda=1.3160|rho=1.000|grl=1.000|lr=3.31e-04
Validation result: loss=0.3944, acc=0.90, f1=0.7207
Validation F1 did not improve from 0.7486.
TRAIN_EPOCH|epoch=62/100|steps=312|total=-0.1495|cls=0.0993|qdom=2.9152|qcls=4.5238|div=-8.9977|sda=1.3098|rho=1.000|grl=1.000|lr=3.16e-04
Validation result: loss=0.4492, acc=0.88, f1=0.7146
Validation F1 did not improve from 0.7486.
TRAIN_EPOCH|epoch=63/100|steps=312|total=-0.1968|cls=0.1011|qdom=2.9102|qcls=4.5292|div=-9.0435|sda=1.3062|rho=1.000|grl=1.000|lr=3.01e-04
Validation result: loss=0.4732, acc=0.88, f1=0.7026
Validation F1 did not improve from 0.7486.
TRAIN_EPOCH|epoch=64/100|steps=312|total=-0.0870|cls=0.0980|qdom=2.9284|qcls=4.5757|div=-8.9962|sda=1.3071|rho=1.000|grl=1.000|lr=2.87e-04
Validation result: loss=0.4201, acc=0.89, f1=0.7354
Validation F1 did not improve from 0.7486.
TRAIN_EPOCH|epoch=65/100|steps=312|total=0.0359|cls=0.0995|qdom=2.9888|qcls=4.6645|div=-9.0238|sda=1.3069|rho=1.000|grl=1.000|lr=2.73e-04
Validation result: loss=0.4358, acc=0.89, f1=0.7194
Validation F1 did not improve from 0.7486.
TRAIN_EPOCH|epoch=66/100|steps=312|total=-0.1932|cls=0.0934|qdom=2.9231|qcls=4.5141|div=-9.0229|sda=1.2990|rho=1.000|grl=1.000|lr=2.59e-04
Validation result: loss=0.4059, acc=0.90, f1=0.7518
Validation F1 improved from 0.7486 to 0.7518!
Saving best model to outputs/structure_da_full_3seeds_v1/DK1_to_FR1_seed3/fold_0/model.pt
TRAIN_EPOCH|epoch=67/100|steps=312|total=-0.0695|cls=0.0918|qdom=2.9943|qcls=4.5778|div=-9.0289|sda=1.2956|rho=1.000|grl=1.000|lr=2.45e-04
Validation result: loss=0.4311, acc=0.89, f1=0.7325
Validation F1 did not improve from 0.7518.
TRAIN_EPOCH|epoch=68/100|steps=312|total=-0.1684|cls=0.0881|qdom=2.9588|qcls=4.5081|div=-9.0205|sda=1.2971|rho=1.000|grl=1.000|lr=2.32e-04
Validation result: loss=0.4246, acc=0.90, f1=0.7251
Validation F1 did not improve from 0.7518.
TRAIN_EPOCH|epoch=69/100|steps=312|total=-0.2486|cls=0.0865|qdom=2.9191|qcls=4.4822|div=-9.0211|sda=1.2848|rho=1.000|grl=1.000|lr=2.19e-04
Validation result: loss=0.4456, acc=0.89, f1=0.7069
Validation F1 did not improve from 0.7518.
TRAIN_EPOCH|epoch=70/100|steps=312|total=-0.0947|cls=0.0868|qdom=2.9465|qcls=4.5991|div=-9.0194|sda=1.2925|rho=1.000|grl=1.000|lr=2.06e-04
Validation result: loss=0.4403, acc=0.89, f1=0.7048
Validation F1 did not improve from 0.7518.
TRAIN_EPOCH|epoch=71/100|steps=312|total=-0.1312|cls=0.0837|qdom=2.9183|qcls=4.6032|div=-9.0307|sda=1.2944|rho=1.000|grl=1.000|lr=1.94e-04
Validation result: loss=0.4633, acc=0.88, f1=0.6969
Validation F1 did not improve from 0.7518.
TRAIN_EPOCH|epoch=72/100|steps=312|total=-0.2129|cls=0.0814|qdom=2.9523|qcls=4.5269|div=-9.0629|sda=1.2894|rho=1.000|grl=1.000|lr=1.81e-04
Validation result: loss=0.4708, acc=0.88, f1=0.7065
Validation F1 did not improve from 0.7518.
TRAIN_EPOCH|epoch=73/100|steps=312|total=-0.2360|cls=0.0791|qdom=2.9324|qcls=4.5133|div=-9.0430|sda=1.2822|rho=1.000|grl=1.000|lr=1.69e-04
Validation result: loss=0.4953, acc=0.87, f1=0.7162
Validation F1 did not improve from 0.7518.
TRAIN_EPOCH|epoch=74/100|steps=312|total=-0.2838|cls=0.0800|qdom=2.8844|qcls=4.5222|div=-9.0521|sda=1.2816|rho=1.000|grl=1.000|lr=1.58e-04
Validation result: loss=0.5008, acc=0.87, f1=0.7071
Validation F1 did not improve from 0.7518.
TRAIN_EPOCH|epoch=75/100|steps=312|total=-0.1888|cls=0.0790|qdom=2.9412|qcls=4.5538|div=-9.0466|sda=1.2839|rho=1.000|grl=1.000|lr=1.46e-04
Validation result: loss=0.5169, acc=0.86, f1=0.6918
Validation F1 did not improve from 0.7518.
TRAIN_EPOCH|epoch=76/100|steps=312|total=-0.2027|cls=0.0768|qdom=2.9532|qcls=4.5232|div=-9.0402|sda=1.2843|rho=1.000|grl=1.000|lr=1.36e-04
Validation result: loss=0.5585, acc=0.85, f1=0.6524
Validation F1 did not improve from 0.7518.
TRAIN_EPOCH|epoch=77/100|steps=312|total=-0.1745|cls=0.0761|qdom=2.9425|qcls=4.5718|div=-9.0528|sda=1.2878|rho=1.000|grl=1.000|lr=1.25e-04
Validation result: loss=0.5241, acc=0.87, f1=0.7118
Validation F1 did not improve from 0.7518.
TRAIN_EPOCH|epoch=78/100|steps=312|total=-0.2258|cls=0.0739|qdom=2.9067|qcls=4.5642|div=-9.0585|sda=1.2879|rho=1.000|grl=1.000|lr=1.15e-04
Validation result: loss=0.5367, acc=0.86, f1=0.6748
Validation F1 did not improve from 0.7518.
TRAIN_EPOCH|epoch=79/100|steps=312|total=-0.1728|cls=0.0736|qdom=2.9355|qcls=4.5864|div=-9.0525|sda=1.2842|rho=1.000|grl=1.000|lr=1.05e-04
Validation result: loss=0.4971, acc=0.87, f1=0.7128
Validation F1 did not improve from 0.7518.
TRAIN_EPOCH|epoch=80/100|steps=312|total=-0.0675|cls=0.0723|qdom=3.0102|qcls=4.5971|div=-9.0181|sda=1.2710|rho=1.000|grl=1.000|lr=9.55e-05
Validation result: loss=0.5434, acc=0.86, f1=0.6977
Validation F1 did not improve from 0.7518.
TRAIN_EPOCH|epoch=81/100|steps=312|total=-0.1152|cls=0.0709|qdom=2.9907|qcls=4.5756|div=-9.0195|sda=1.2671|rho=1.000|grl=1.000|lr=8.65e-05
Validation result: loss=0.5447, acc=0.86, f1=0.7059
Validation F1 did not improve from 0.7518.
TRAIN_EPOCH|epoch=82/100|steps=312|total=-0.1523|cls=0.0696|qdom=2.9594|qcls=4.5780|div=-9.0343|sda=1.2749|rho=1.000|grl=1.000|lr=7.78e-05
Validation result: loss=0.5805, acc=0.85, f1=0.6763
Validation F1 did not improve from 0.7518.
TRAIN_EPOCH|epoch=83/100|steps=312|total=-0.2548|cls=0.0662|qdom=2.9607|qcls=4.4780|div=-9.0270|sda=1.2674|rho=1.000|grl=1.000|lr=6.96e-05
Validation result: loss=0.5248, acc=0.87, f1=0.6948
Validation F1 did not improve from 0.7518.
TRAIN_EPOCH|epoch=84/100|steps=312|total=-0.2785|cls=0.0679|qdom=2.9629|qcls=4.4674|div=-9.0438|sda=1.2671|rho=1.000|grl=1.000|lr=6.18e-05
Validation result: loss=0.5167, acc=0.87, f1=0.7105
Validation F1 did not improve from 0.7518.
TRAIN_EPOCH|epoch=85/100|steps=312|total=-0.2948|cls=0.0664|qdom=2.9695|qcls=4.4773|div=-9.0671|sda=1.2591|rho=1.000|grl=1.000|lr=5.45e-05
Validation result: loss=0.5142, acc=0.88, f1=0.7080
Validation F1 did not improve from 0.7518.
TRAIN_EPOCH|epoch=86/100|steps=312|total=-0.2469|cls=0.0667|qdom=2.9816|qcls=4.4542|div=-9.0075|sda=1.2581|rho=1.000|grl=1.000|lr=4.76e-05
Validation result: loss=0.5375, acc=0.87, f1=0.6969
Validation F1 did not improve from 0.7518.
TRAIN_EPOCH|epoch=87/100|steps=312|total=-0.2305|cls=0.0692|qdom=2.9763|qcls=4.4810|div=-9.0164|sda=1.2595|rho=1.000|grl=1.000|lr=4.11e-05
Validation result: loss=0.5764, acc=0.86, f1=0.6842
Validation F1 did not improve from 0.7518.
TRAIN_EPOCH|epoch=88/100|steps=312|total=-0.2724|cls=0.0660|qdom=2.9452|qcls=4.4805|div=-9.0225|sda=1.2584|rho=1.000|grl=1.000|lr=3.51e-05
Validation result: loss=0.5202, acc=0.88, f1=0.7073
Validation F1 did not improve from 0.7518.
TRAIN_EPOCH|epoch=89/100|steps=312|total=-0.2412|cls=0.0659|qdom=2.9568|qcls=4.5140|div=-9.0392|sda=1.2613|rho=1.000|grl=1.000|lr=2.96e-05
Validation result: loss=0.5762, acc=0.86, f1=0.6924
Validation F1 did not improve from 0.7518.
TRAIN_EPOCH|epoch=90/100|steps=312|total=-0.1912|cls=0.0637|qdom=2.9554|qcls=4.5343|div=-9.0057|sda=1.2611|rho=1.000|grl=1.000|lr=2.45e-05
Validation result: loss=0.5092, acc=0.88, f1=0.7080
Validation F1 did not improve from 0.7518.
TRAIN_EPOCH|epoch=91/100|steps=312|total=-0.2285|cls=0.0636|qdom=2.9385|qcls=4.5278|div=-9.0160|sda=1.2575|rho=1.000|grl=1.000|lr=1.99e-05
Validation result: loss=0.5126, acc=0.88, f1=0.7116
Validation F1 did not improve from 0.7518.
TRAIN_EPOCH|epoch=92/100|steps=312|total=-0.1841|cls=0.0633|qdom=2.9478|qcls=4.5455|div=-8.9990|sda=1.2584|rho=1.000|grl=1.000|lr=1.57e-05
Validation result: loss=0.5589, acc=0.86, f1=0.6968
Validation F1 did not improve from 0.7518.
TRAIN_EPOCH|epoch=93/100|steps=312|total=-0.1928|cls=0.0618|qdom=2.9516|qcls=4.5515|div=-9.0192|sda=1.2615|rho=1.000|grl=1.000|lr=1.20e-05
Validation result: loss=0.5548, acc=0.87, f1=0.6944
Validation F1 did not improve from 0.7518.
TRAIN_EPOCH|epoch=94/100|steps=312|total=-0.2242|cls=0.0622|qdom=2.9523|qcls=4.5563|div=-9.0589|sda=1.2638|rho=1.000|grl=1.000|lr=8.86e-06
Validation result: loss=0.5476, acc=0.87, f1=0.7005
Validation F1 did not improve from 0.7518.
TRAIN_EPOCH|epoch=95/100|steps=312|total=-0.1491|cls=0.0657|qdom=2.9515|qcls=4.5509|div=-8.9773|sda=1.2601|rho=1.000|grl=1.000|lr=6.16e-06
Validation result: loss=0.5279, acc=0.87, f1=0.7164
Validation F1 did not improve from 0.7518.
TRAIN_EPOCH|epoch=96/100|steps=312|total=-0.2306|cls=0.0624|qdom=2.9453|qcls=4.5340|div=-9.0314|sda=1.2591|rho=1.000|grl=1.000|lr=3.94e-06
Validation result: loss=0.5305, acc=0.87, f1=0.7005
Validation F1 did not improve from 0.7518.
TRAIN_EPOCH|epoch=97/100|steps=312|total=-0.2427|cls=0.0627|qdom=2.9414|qcls=4.5331|div=-9.0389|sda=1.2590|rho=1.000|grl=1.000|lr=2.22e-06
Validation result: loss=0.5576, acc=0.87, f1=0.7003
Validation F1 did not improve from 0.7518.
TRAIN_EPOCH|epoch=98/100|steps=312|total=-0.2222|cls=0.0630|qdom=2.9441|qcls=4.5342|div=-9.0228|sda=1.2593|rho=1.000|grl=1.000|lr=9.87e-07
Validation result: loss=0.4946, acc=0.88, f1=0.7207
Validation F1 did not improve from 0.7518.
TRAIN_EPOCH|epoch=99/100|steps=312|total=-0.2223|cls=0.0636|qdom=2.9438|qcls=4.5449|div=-9.0325|sda=1.2579|rho=1.000|grl=1.000|lr=2.47e-07
Validation result: loss=0.5492, acc=0.87, f1=0.6913
Validation F1 did not improve from 0.7518.
TRAIN_EPOCH|epoch=100/100|steps=312|total=-0.2360|cls=0.0631|qdom=2.9355|qcls=4.5520|div=-9.0458|sda=1.2592|rho=1.000|grl=1.000|lr=0.00e+00
Validation result: loss=0.5699, acc=0.87, f1=0.6876
Validation F1 did not improve from 0.7518.
Restoring best model weights for testing...
Test result for DK1_to_FR1_seed3: accuracy=0.4999, f1=0.2532
                  precision    recall  f1-score   support

            corn       0.79      0.62      0.69      1329
      horsebeans       0.01      0.01      0.01       135
          meadow       0.69      0.78      0.73      3002
   spring_barley       0.01      0.08      0.01        48
      spring_oat       0.00      0.00      0.00         9
     spring_peas       0.09      0.08      0.08        62
    spring_wheat       0.00      0.00      0.00        13
   winter_barley       0.15      0.50      0.23       859
 winter_rapeseed       0.73      0.89      0.80       512
      winter_rye       0.00      0.25      0.01         8
winter_triticale       0.00      0.00      0.00       162
    winter_wheat       0.94      0.31      0.47      5286

        accuracy                           0.50     11425
       macro avg       0.28      0.29      0.25     11425
    weighted avg       0.75      0.50      0.54     11425

corn [823 141   5 180 107  10  40   0   1   5   1  16]
horsebeans [10  2 41 10  2  1  0 21 16 23  3  6]
meadow [  27    2 2336  373    7   36    1   79   59   23   27   32]
spring_barley [ 2  0 13  4  0  1  0 16  4  4  1  3]
spring_oat [1 0 4 2 0 0 0 0 0 0 1 1]
spring_peas [ 6  0  7 12  0  5  0  2 30  0  0  0]
spring_wheat [2 0 5 0 0 0 0 5 0 1 0 0]
winter_barley [ 17   0 183  75   0   1   0 433  35  70  17  28]
winter_rapeseed [  4   0  17  13   0   1   0  12 456   4   2   3]
winter_rye [0 0 0 1 0 0 0 5 0 2 0 0]
winter_triticale [ 4  0 21  1  0  0  0 72  3 41  0 20]
winter_wheat [ 150    1  770   55    6    3    0 2290   19  323   19 1650]
Overall result across 1 folds:
|                  | precision   | recall   | f1-score   | support     |
|:-----------------|:------------|:---------|:-----------|:------------|
| corn             | 78.7±0.0    | 61.9±0.0 | 69.3±0.0   | 1329.0±0.0  |
| horsebeans       | 1.4±0.0     | 1.5±0.0  | 1.4±0.0    | 135.0±0.0   |
| meadow           | 68.7±0.0    | 77.8±0.0 | 73.0±0.0   | 3002.0±0.0  |
| spring_barley    | 0.6±0.0     | 8.3±0.0  | 1.0±0.0    | 48.0±0.0    |
| spring_oat       | 0.0±0.0     | 0.0±0.0  | 0.0±0.0    | 9.0±0.0     |
| spring_peas      | 8.6±0.0     | 8.1±0.0  | 8.3±0.0    | 62.0±0.0    |
| spring_wheat     | 0.0±0.0     | 0.0±0.0  | 0.0±0.0    | 13.0±0.0    |
| winter_barley    | 14.8±0.0    | 50.4±0.0 | 22.8±0.0   | 859.0±0.0   |
| winter_rapeseed  | 73.2±0.0    | 89.1±0.0 | 80.4±0.0   | 512.0±0.0   |
| winter_rye       | 0.4±0.0     | 25.0±0.0 | 0.8±0.0    | 8.0±0.0     |
| winter_triticale | 0.0±0.0     | 0.0±0.0  | 0.0±0.0    | 162.0±0.0   |
| winter_wheat     | 93.8±0.0    | 31.2±0.0 | 46.8±0.0   | 5286.0±0.0  |
|                  |             |          |            |             |
| accuracy         |             |          |            | 50.0±0.0    |
| macro avg        | 28.3±0.0    | 29.4±0.0 | 25.3±0.0   | 11425.0±0.0 |
accuracy: 50.0±0.0
loss: 0.0±0.0
macro_f1: 25.3±0.0
weighted_f1: 54.3±0.0
kappa: 38.8±0.0
TASK_DONE|gpu=0|source=DK1|target=FR1|seed=3
DATE_END|2026-07-27T12:36:30+08:00
