TASK_START|gpu=2|source=FR1|target=FR2|seed=2|run=FR1_to_FR2_seed2
DATE_START|2026-07-27T07:04:40+08:00
GIT_HEAD|fc59a2e8f2510dfcbc38396b330ad7d7ebdda17a
Namespace(data_root='/data/user/dataset/timematch_data', num_blocks=100, source='france/31TCJ/2017', target='france/30TXT/2017', num_folds=1, val_ratio=0.1, test_ratio=0.2, sample_pixels_val=True, output_dir='outputs/structure_da_full_3seeds_v1/FR1_to_FR2_seed2', experiment_name='FR1_to_FR2_seed2', num_workers=8, seed=2, device='cuda', log_step=10, eval=False, overall=False, combine_spring_and_winter=False, closed_set=True, progress_bar='auto', epochs=100, batch_size=128, lr=0.001, weight_decay=0.0001, num_pixels=64, input_dim=10, with_extra=False, tensorboard_log_dir='runs/structure_da_full_3seeds_v1/FR1_to_FR2_seed2', steps_per_epoch=None, quality_warmup_steps=None, grl_warmup_steps=None, grl_gamma=10.0, lambda_qdom=1.0, lambda_qcls=1.0, lambda_div=1.0, lambda_sda=1.0, time_scale=365.0, tau_fast_init=0.05, tau_slow_init=0.2, tau_min=0.0001, delta_tau_min=0.0001, quality_hidden_cap=128, quality_eta=0.1, sda_hidden_dim=128, model='structure_da')
CLOSED_SET_PROTOCOL|source=france/31TCJ/2017|target=france/30TXT/2017|num_classes=12|classes=corn,horsebeans,meadow,spring_barley,spring_peas,sunflowers,winter_barley,winter_oat,winter_peas,winter_rapeseed,winter_triticale,winter_wheat
Starting fold 0...
CLOSED_SET_COUNTS|source_total=74156|target_total=106107|source_train=51910|source_val=7415|source_test=14831|target_train=74276|target_val=10610|target_test=21221
evaluation dataset: france/31TCJ/2017
val target data: 7415 (58 batches)
test taget data: 14831 (1605 batches)
evaluation dataset: france/30TXT/2017
val target data: 10610 (83 batches)
test taget data: 21221 (1347 batches)
StructureDAModel(
  (spatial_encoder): PixelSetEncoder(
    (mlp1): Sequential(
      (0): LinearLayer(
        (linear): Linear(in_features=10, out_features=32, bias=False)
        (norm): BatchNorm1d(32, eps=1e-05, momentum=0.1, affine=True, track_running_stats=True)
        (activation): ReLU()
      )
      (1): LinearLayer(
        (linear): Linear(in_features=32, out_features=64, bias=False)
        (norm): BatchNorm1d(64, eps=1e-05, momentum=0.1, affine=True, track_running_stats=True)
        (activation): ReLU()
      )
    )
    (mlp2): Sequential(
      (0): LinearLayer(
        (linear): Linear(in_features=128, out_features=128, bias=False)
        (norm): BatchNorm1d(128, eps=1e-05, momentum=0.1, affine=True, track_running_stats=True)
        (activation): ReLU()
      )
    )
  )
  (component_classifier): ComponentStructureClassifier(
    (decomposition): SymmetricTimeKernelDecomposition()
    (temporal_operator): TemporalRelationOperator()
    (channel_operator): ChannelRelationOperator()
    (trend_temporal_quality): StructuralQualityPerception(
      (transferability): TransferabilityScorer(
        (normalization): LayerNorm((512,), eps=1e-05, elementwise_affine=True)
        (hidden): Linear(in_features=512, out_features=128, bias=True)
        (activation): ReLU()
        (domain_head): Linear(in_features=128, out_features=2, bias=True)
      )
      (discriminability): DiscriminabilityScorer(
        (normalization): LayerNorm((512,), eps=1e-05, elementwise_affine=True)
        (class_head): Linear(in_features=512, out_features=12, bias=True)
      )
    )
    (dynamics_temporal_quality): StructuralQualityPerception(
      (transferability): TransferabilityScorer(
        (normalization): LayerNorm((512,), eps=1e-05, elementwise_affine=True)
        (hidden): Linear(in_features=512, out_features=128, bias=True)
        (activation): ReLU()
        (domain_head): Linear(in_features=128, out_features=2, bias=True)
      )
      (discriminability): DiscriminabilityScorer(
        (normalization): LayerNorm((512,), eps=1e-05, elementwise_affine=True)
        (class_head): Linear(in_features=512, out_features=12, bias=True)
      )
    )
    (dynamics_channel_quality): StructuralQualityPerception(
      (transferability): TransferabilityScorer(
        (normalization): LayerNorm((8128,), eps=1e-05, elementwise_affine=True)
        (hidden): Linear(in_features=8128, out_features=128, bias=True)
        (activation): ReLU()
        (domain_head): Linear(in_features=128, out_features=2, bias=True)
      )
      (discriminability): DiscriminabilityScorer(
        (normalization): LayerNorm((8128,), eps=1e-05, elementwise_affine=True)
        (class_head): Linear(in_features=8128, out_features=12, bias=True)
      )
    )
    (content_norm): LayerNorm((128,), eps=1e-05, elementwise_affine=False)
    (temporal_norm): LayerNorm((256,), eps=1e-05, elementwise_affine=False)
    (channel_norm): LayerNorm((128,), eps=1e-05, elementwise_affine=False)
    (shared_ltae): LTAE(
      (inconv): LinearLayer(
        (linear): Linear(in_features=512, out_features=256, bias=False)
        (norm): BatchNorm1d(256, eps=1e-05, momentum=0.1, affine=True, track_running_stats=True)
        (activation): ReLU()
      )
      (positional_enc): Embedding(565, 256)
      (attention_heads): MultiHeadAttention(
        (key): Linear(in_features=256, out_features=128, bias=True)
        (dropout): Dropout(p=0.1, inplace=False)
        (softmax): Softmax(dim=-1)
      )
      (mlp): Sequential(
        (0): LinearLayer(
          (linear): Linear(in_features=256, out_features=128, bias=False)
          (norm): BatchNorm1d(128, eps=1e-05, momentum=0.1, affine=True, track_running_stats=True)
          (activation): ReLU()
        )
      )
      (dropout): Dropout(p=0.2, inplace=False)
    )
    (trend_component_quality): ComponentQualityPerception(
      (transferability): TransferabilityScorer(
        (normalization): LayerNorm((128,), eps=1e-05, elementwise_affine=True)
        (hidden): Linear(in_features=128, out_features=128, bias=True)
        (activation): ReLU()
        (domain_head): Linear(in_features=128, out_features=2, bias=True)
      )
      (discriminability): DiscriminabilityScorer(
        (normalization): LayerNorm((128,), eps=1e-05, elementwise_affine=True)
        (class_head): Linear(in_features=128, out_features=12, bias=True)
      )
      (diversity): DiversityScorer(
        (normalization): LayerNorm((128,), eps=1e-05, elementwise_affine=True)
        (diversity_head): Linear(in_features=128, out_features=1, bias=True)
        (activation): Sigmoid()
      )
    )
    (dynamics_component_quality): ComponentQualityPerception(
      (transferability): TransferabilityScorer(
        (normalization): LayerNorm((128,), eps=1e-05, elementwise_affine=True)
        (hidden): Linear(in_features=128, out_features=128, bias=True)
        (activation): ReLU()
        (domain_head): Linear(in_features=128, out_features=2, bias=True)
      )
      (discriminability): DiscriminabilityScorer(
        (normalization): LayerNorm((128,), eps=1e-05, elementwise_affine=True)
        (class_head): Linear(in_features=128, out_features=12, bias=True)
      )
      (diversity): DiversityScorer(
        (normalization): LayerNorm((128,), eps=1e-05, elementwise_affine=True)
        (diversity_head): Linear(in_features=128, out_features=1, bias=True)
        (activation): Sigmoid()
      )
    )
    (residual_component_quality): ComponentQualityPerception(
      (transferability): TransferabilityScorer(
        (normalization): LayerNorm((128,), eps=1e-05, elementwise_affine=True)
        (hidden): Linear(in_features=128, out_features=128, bias=True)
        (activation): ReLU()
        (domain_head): Linear(in_features=128, out_features=2, bias=True)
      )
      (discriminability): DiscriminabilityScorer(
        (normalization): LayerNorm((128,), eps=1e-05, elementwise_affine=True)
        (class_head): Linear(in_features=128, out_features=12, bias=True)
      )
      (diversity): DiversityScorer(
        (normalization): LayerNorm((128,), eps=1e-05, elementwise_affine=True)
        (diversity_head): Linear(in_features=128, out_features=1, bias=True)
        (activation): Sigmoid()
      )
    )
    (component_embedding_norm): LayerNorm((128,), eps=1e-05, elementwise_affine=False)
    (classifier): Sequential(
      (0): LinearLayer(
        (linear): Linear(in_features=384, out_features=64, bias=False)
        (norm): BatchNorm1d(64, eps=1e-05, momentum=0.1, affine=True, track_running_stats=True)
        (activation): ReLU()
      )
      (1): LinearLayer(
        (linear): Linear(in_features=64, out_features=32, bias=False)
        (norm): BatchNorm1d(32, eps=1e-05, momentum=0.1, affine=True, track_running_stats=True)
        (activation): ReLU()
      )
      (2): Linear(in_features=32, out_features=12, bias=True)
    )
  )
  (joint_builder): JointStructuralSpaceBuilder(
    (trend_temporal_norm): LayerNorm((512,), eps=1e-05, elementwise_affine=False)
    (dynamics_temporal_norm): LayerNorm((512,), eps=1e-05, elementwise_affine=False)
    (dynamics_channel_norm): LayerNorm((8128,), eps=1e-05, elementwise_affine=False)
  )
  (adversarial_adapter): StructuralAdversarialAdapter(
    (discriminator): SDADiscriminator(
      (hidden): Linear(in_features=9152, out_features=128, bias=True)
      (activation): ReLU()
      (output): Linear(in_features=128, out_features=1, bias=True)
    )
  )
)
Number of trainable parameters: 2792486
TRAIN_EPOCH|epoch=1/100|steps=580|total=4.1402|cls=0.4231|qdom=4.2027|qcls=4.6073|div=-6.1554|sda=1.0624|rho=0.998|grl=1.000|lr=1.00e-03
Validation result: loss=0.3759, acc=0.90, f1=0.5144
Validation F1 improved from -inf to 0.5144!
Saving best model to outputs/structure_da_full_3seeds_v1/FR1_to_FR2_seed2/fold_0/model.pt
TRAIN_EPOCH|epoch=2/100|steps=580|total=0.1323|cls=0.2406|qdom=3.4622|qcls=3.8983|div=-8.4334|sda=0.9645|rho=1.000|grl=1.000|lr=9.99e-04
Validation result: loss=0.2775, acc=0.93, f1=0.5945
Validation F1 improved from 0.5144 to 0.5945!
Saving best model to outputs/structure_da_full_3seeds_v1/FR1_to_FR2_seed2/fold_0/model.pt
TRAIN_EPOCH|epoch=3/100|steps=580|total=-0.7873|cls=0.2061|qdom=3.1230|qcls=3.4106|div=-8.5825|sda=1.0556|rho=1.000|grl=1.000|lr=9.98e-04
Validation result: loss=0.2685, acc=0.93, f1=0.5920
Validation F1 did not improve from 0.5945.
TRAIN_EPOCH|epoch=4/100|steps=580|total=-0.2540|cls=0.1992|qdom=3.3017|qcls=3.7764|div=-8.5601|sda=1.0289|rho=1.000|grl=1.000|lr=9.96e-04
Validation result: loss=0.2870, acc=0.92, f1=0.5738
Validation F1 did not improve from 0.5945.
TRAIN_EPOCH|epoch=5/100|steps=580|total=0.4112|cls=0.1972|qdom=3.5351|qcls=4.1741|div=-8.6003|sda=1.1051|rho=1.000|grl=1.000|lr=9.94e-04
Validation result: loss=0.2461, acc=0.93, f1=0.6176
Validation F1 improved from 0.5945 to 0.6176!
Saving best model to outputs/structure_da_full_3seeds_v1/FR1_to_FR2_seed2/fold_0/model.pt
TRAIN_EPOCH|epoch=6/100|steps=580|total=0.4827|cls=0.1889|qdom=3.3304|qcls=4.3645|div=-8.5516|sda=1.1507|rho=1.000|grl=1.000|lr=9.91e-04
Validation result: loss=0.2343, acc=0.93, f1=0.6272
Validation F1 improved from 0.6176 to 0.6272!
Saving best model to outputs/structure_da_full_3seeds_v1/FR1_to_FR2_seed2/fold_0/model.pt
TRAIN_EPOCH|epoch=7/100|steps=580|total=0.6262|cls=0.1812|qdom=3.4311|qcls=4.3777|div=-8.5909|sda=1.2271|rho=1.000|grl=1.000|lr=9.88e-04
Validation result: loss=0.2067, acc=0.94, f1=0.6139
Validation F1 did not improve from 0.6272.
TRAIN_EPOCH|epoch=8/100|steps=580|total=1.1959|cls=0.1872|qdom=3.6606|qcls=4.6903|div=-8.5772|sda=1.2350|rho=1.000|grl=1.000|lr=9.84e-04
Validation result: loss=0.3339, acc=0.91, f1=0.5623
Validation F1 did not improve from 0.6272.
TRAIN_EPOCH|epoch=9/100|steps=580|total=0.6401|cls=0.1737|qdom=3.4932|qcls=4.3076|div=-8.5960|sda=1.2617|rho=1.000|grl=1.000|lr=9.80e-04
Validation result: loss=0.2051, acc=0.95, f1=0.6222
Validation F1 did not improve from 0.6272.
TRAIN_EPOCH|epoch=10/100|steps=580|total=0.5570|cls=0.1744|qdom=3.4418|qcls=4.3045|div=-8.6223|sda=1.2586|rho=1.000|grl=1.000|lr=9.76e-04
Validation result: loss=0.2558, acc=0.93, f1=0.6450
Validation F1 improved from 0.6272 to 0.6450!
Saving best model to outputs/structure_da_full_3seeds_v1/FR1_to_FR2_seed2/fold_0/model.pt
TRAIN_EPOCH|epoch=11/100|steps=580|total=0.9989|cls=0.1743|qdom=3.6955|qcls=4.4225|div=-8.5785|sda=1.2851|rho=1.000|grl=1.000|lr=9.70e-04
Validation result: loss=0.2317, acc=0.94, f1=0.6499
Validation F1 improved from 0.6450 to 0.6499!
Saving best model to outputs/structure_da_full_3seeds_v1/FR1_to_FR2_seed2/fold_0/model.pt
TRAIN_EPOCH|epoch=12/100|steps=580|total=0.3831|cls=0.1684|qdom=3.4330|qcls=4.1415|div=-8.6300|sda=1.2702|rho=1.000|grl=1.000|lr=9.65e-04
Validation result: loss=0.2706, acc=0.93, f1=0.6441
Validation F1 did not improve from 0.6499.
TRAIN_EPOCH|epoch=13/100|steps=580|total=0.3401|cls=0.1632|qdom=3.4211|qcls=4.0661|div=-8.6063|sda=1.2959|rho=1.000|grl=1.000|lr=9.59e-04
Validation result: loss=0.3012, acc=0.92, f1=0.6322
Validation F1 did not improve from 0.6499.
TRAIN_EPOCH|epoch=14/100|steps=580|total=-0.1699|cls=0.1536|qdom=3.2089|qcls=3.7598|div=-8.6008|sda=1.3087|rho=1.000|grl=1.000|lr=9.52e-04
Validation result: loss=0.2428, acc=0.94, f1=0.6399
Validation F1 did not improve from 0.6499.
TRAIN_EPOCH|epoch=15/100|steps=580|total=-0.0081|cls=0.1523|qdom=3.2761|qcls=3.8762|div=-8.6202|sda=1.3075|rho=1.000|grl=1.000|lr=9.46e-04
Validation result: loss=0.2077, acc=0.95, f1=0.6887
Validation F1 improved from 0.6499 to 0.6887!
Saving best model to outputs/structure_da_full_3seeds_v1/FR1_to_FR2_seed2/fold_0/model.pt
TRAIN_EPOCH|epoch=16/100|steps=580|total=-0.3144|cls=0.1494|qdom=3.1197|qcls=3.7366|div=-8.6030|sda=1.2828|rho=1.000|grl=1.000|lr=9.38e-04
Validation result: loss=0.2276, acc=0.94, f1=0.6480
Validation F1 did not improve from 0.6887.
TRAIN_EPOCH|epoch=17/100|steps=580|total=-0.3584|cls=0.1442|qdom=3.0310|qcls=3.7646|div=-8.5998|sda=1.3017|rho=1.000|grl=1.000|lr=9.30e-04
Validation result: loss=0.2499, acc=0.93, f1=0.6724
Validation F1 did not improve from 0.6887.
TRAIN_EPOCH|epoch=18/100|steps=580|total=-0.6564|cls=0.1353|qdom=3.1304|qcls=3.3986|div=-8.6139|sda=1.2932|rho=1.000|grl=1.000|lr=9.22e-04
Validation result: loss=0.2312, acc=0.94, f1=0.6408
Validation F1 did not improve from 0.6887.
TRAIN_EPOCH|epoch=19/100|steps=580|total=0.2777|cls=0.1403|qdom=3.2415|qcls=4.1841|div=-8.6051|sda=1.3171|rho=1.000|grl=1.000|lr=9.14e-04
Validation result: loss=0.2568, acc=0.93, f1=0.6520
Validation F1 did not improve from 0.6887.
TRAIN_EPOCH|epoch=20/100|steps=580|total=0.1062|cls=0.1330|qdom=3.1829|qcls=4.0858|div=-8.6323|sda=1.3368|rho=1.000|grl=1.000|lr=9.05e-04
Validation result: loss=0.2239, acc=0.94, f1=0.6897
Validation F1 improved from 0.6887 to 0.6897!
Saving best model to outputs/structure_da_full_3seeds_v1/FR1_to_FR2_seed2/fold_0/model.pt
TRAIN_EPOCH|epoch=21/100|steps=580|total=-0.6036|cls=0.1284|qdom=3.1299|qcls=3.4816|div=-8.6456|sda=1.3023|rho=1.000|grl=1.000|lr=8.95e-04
Validation result: loss=0.2303, acc=0.94, f1=0.6570
Validation F1 did not improve from 0.6897.
TRAIN_EPOCH|epoch=22/100|steps=580|total=-0.4974|cls=0.1334|qdom=3.1555|qcls=3.5303|div=-8.6070|sda=1.2905|rho=1.000|grl=1.000|lr=8.85e-04
Validation result: loss=0.2628, acc=0.93, f1=0.6517
Validation F1 did not improve from 0.6897.
TRAIN_EPOCH|epoch=23/100|steps=580|total=-0.3742|cls=0.1314|qdom=3.1828|qcls=3.6259|div=-8.6277|sda=1.3133|rho=1.000|grl=1.000|lr=8.75e-04
Validation result: loss=0.2726, acc=0.93, f1=0.6212
Validation F1 did not improve from 0.6897.
TRAIN_EPOCH|epoch=24/100|steps=580|total=-0.3731|cls=0.1322|qdom=3.2058|qcls=3.6099|div=-8.6107|sda=1.2898|rho=1.000|grl=1.000|lr=8.64e-04
Validation result: loss=0.2669, acc=0.93, f1=0.6888
Validation F1 did not improve from 0.6897.
TRAIN_EPOCH|epoch=25/100|steps=580|total=-0.2583|cls=0.1314|qdom=3.3101|qcls=3.6188|div=-8.6182|sda=1.2996|rho=1.000|grl=1.000|lr=8.54e-04
Validation result: loss=0.2385, acc=0.94, f1=0.6878
Validation F1 did not improve from 0.6897.
TRAIN_EPOCH|epoch=26/100|steps=580|total=-0.8513|cls=0.1264|qdom=3.0575|qcls=3.3170|div=-8.6392|sda=1.2870|rho=1.000|grl=1.000|lr=8.42e-04
Validation result: loss=0.2684, acc=0.93, f1=0.6429
Validation F1 did not improve from 0.6897.
TRAIN_EPOCH|epoch=27/100|steps=580|total=-0.7027|cls=0.1276|qdom=3.0374|qcls=3.4480|div=-8.6059|sda=1.2902|rho=1.000|grl=1.000|lr=8.31e-04
Validation result: loss=0.2445, acc=0.94, f1=0.6452
Validation F1 did not improve from 0.6897.
TRAIN_EPOCH|epoch=28/100|steps=580|total=-0.4688|cls=0.1221|qdom=3.1621|qcls=3.5503|div=-8.6115|sda=1.3083|rho=1.000|grl=1.000|lr=8.19e-04
Validation result: loss=0.3090, acc=0.92, f1=0.6466
Validation F1 did not improve from 0.6897.
TRAIN_EPOCH|epoch=29/100|steps=580|total=-0.9872|cls=0.1151|qdom=2.8702|qcls=3.3485|div=-8.6197|sda=1.2987|rho=1.000|grl=1.000|lr=8.06e-04
Validation result: loss=0.2191, acc=0.94, f1=0.6751
Validation F1 did not improve from 0.6897.
TRAIN_EPOCH|epoch=30/100|steps=580|total=-0.6241|cls=0.1182|qdom=3.1357|qcls=3.4283|div=-8.6139|sda=1.3077|rho=1.000|grl=1.000|lr=7.94e-04
Validation result: loss=0.2119, acc=0.95, f1=0.6936
Validation F1 improved from 0.6897 to 0.6936!
Saving best model to outputs/structure_da_full_3seeds_v1/FR1_to_FR2_seed2/fold_0/model.pt
TRAIN_EPOCH|epoch=31/100|steps=580|total=-1.0819|cls=0.1173|qdom=3.0065|qcls=3.1293|div=-8.6080|sda=1.2730|rho=1.000|grl=1.000|lr=7.81e-04
Validation result: loss=0.2560, acc=0.93, f1=0.6633
Validation F1 did not improve from 0.6936.
TRAIN_EPOCH|epoch=32/100|steps=580|total=-0.6863|cls=0.1174|qdom=3.1629|qcls=3.3478|div=-8.6365|sda=1.3221|rho=1.000|grl=1.000|lr=7.68e-04
Validation result: loss=0.2480, acc=0.94, f1=0.6881
Validation F1 did not improve from 0.6936.
TRAIN_EPOCH|epoch=33/100|steps=580|total=-1.0240|cls=0.1154|qdom=3.1017|qcls=3.0993|div=-8.6488|sda=1.3084|rho=1.000|grl=1.000|lr=7.55e-04
Validation result: loss=0.3199, acc=0.91, f1=0.6547
Validation F1 did not improve from 0.6936.
TRAIN_EPOCH|epoch=34/100|steps=580|total=-1.2105|cls=0.1114|qdom=2.9759|qcls=3.0616|div=-8.6405|sda=1.2812|rho=1.000|grl=1.000|lr=7.41e-04
Validation result: loss=0.2710, acc=0.93, f1=0.6521
Validation F1 did not improve from 0.6936.
TRAIN_EPOCH|epoch=35/100|steps=580|total=-1.1340|cls=0.1094|qdom=3.0308|qcls=3.0871|div=-8.6266|sda=1.2653|rho=1.000|grl=1.000|lr=7.27e-04
Validation result: loss=0.2214, acc=0.94, f1=0.6623
Validation F1 did not improve from 0.6936.
TRAIN_EPOCH|epoch=36/100|steps=580|total=-0.4883|cls=0.1145|qdom=3.2559|qcls=3.4976|div=-8.6545|sda=1.2982|rho=1.000|grl=1.000|lr=7.13e-04
Validation result: loss=0.3219, acc=0.91, f1=0.6486
Validation F1 did not improve from 0.6936.
TRAIN_EPOCH|epoch=37/100|steps=580|total=-0.4236|cls=0.1087|qdom=3.2879|qcls=3.5073|div=-8.6266|sda=1.2991|rho=1.000|grl=1.000|lr=6.99e-04
Validation result: loss=0.2805, acc=0.93, f1=0.6323
Validation F1 did not improve from 0.6936.
TRAIN_EPOCH|epoch=38/100|steps=580|total=0.1182|cls=0.1051|qdom=3.4718|qcls=3.8427|div=-8.6175|sda=1.3162|rho=1.000|grl=1.000|lr=6.84e-04
Validation result: loss=0.2675, acc=0.94, f1=0.6412
Validation F1 did not improve from 0.6936.
TRAIN_EPOCH|epoch=39/100|steps=580|total=-0.6427|cls=0.1031|qdom=3.1270|qcls=3.4664|div=-8.6230|sda=1.2838|rho=1.000|grl=1.000|lr=6.69e-04
Validation result: loss=0.3403, acc=0.91, f1=0.6382
Validation F1 did not improve from 0.6936.
TRAIN_EPOCH|epoch=40/100|steps=580|total=-0.3499|cls=0.1038|qdom=3.1627|qcls=3.6653|div=-8.6055|sda=1.3239|rho=1.000|grl=1.000|lr=6.55e-04
Validation result: loss=0.3245, acc=0.92, f1=0.6646
Validation F1 did not improve from 0.6936.
TRAIN_EPOCH|epoch=41/100|steps=580|total=-0.7828|cls=0.0968|qdom=3.0391|qcls=3.3929|div=-8.6178|sda=1.3062|rho=1.000|grl=1.000|lr=6.39e-04
Validation result: loss=0.2703, acc=0.93, f1=0.6484
Validation F1 did not improve from 0.6936.
TRAIN_EPOCH|epoch=42/100|steps=580|total=-0.9521|cls=0.0938|qdom=3.0070|qcls=3.2771|div=-8.6284|sda=1.2983|rho=1.000|grl=1.000|lr=6.24e-04
Validation result: loss=0.3083, acc=0.92, f1=0.6373
Validation F1 did not improve from 0.6936.
TRAIN_EPOCH|epoch=43/100|steps=580|total=-1.1139|cls=0.0995|qdom=2.9860|qcls=3.1794|div=-8.6448|sda=1.2660|rho=1.000|grl=1.000|lr=6.09e-04
Validation result: loss=0.3044, acc=0.93, f1=0.6409
Validation F1 did not improve from 0.6936.
TRAIN_EPOCH|epoch=44/100|steps=580|total=-0.9339|cls=0.0913|qdom=3.0380|qcls=3.2338|div=-8.5869|sda=1.2899|rho=1.000|grl=1.000|lr=5.94e-04
Validation result: loss=0.2639, acc=0.93, f1=0.6946
Validation F1 improved from 0.6936 to 0.6946!
Saving best model to outputs/structure_da_full_3seeds_v1/FR1_to_FR2_seed2/fold_0/model.pt
TRAIN_EPOCH|epoch=45/100|steps=580|total=-0.4620|cls=0.0984|qdom=3.0248|qcls=3.7482|div=-8.6487|sda=1.3153|rho=1.000|grl=1.000|lr=5.78e-04
Validation result: loss=0.2888, acc=0.93, f1=0.6392
Validation F1 did not improve from 0.6946.
TRAIN_EPOCH|epoch=46/100|steps=580|total=-0.8110|cls=0.0913|qdom=2.8916|qcls=3.5147|div=-8.6224|sda=1.3138|rho=1.000|grl=1.000|lr=5.63e-04
Validation result: loss=0.2849, acc=0.93, f1=0.6506
Validation F1 did not improve from 0.6946.
TRAIN_EPOCH|epoch=47/100|steps=580|total=-0.9646|cls=0.0894|qdom=2.8990|qcls=3.3512|div=-8.6203|sda=1.3161|rho=1.000|grl=1.000|lr=5.47e-04
Validation result: loss=0.2862, acc=0.93, f1=0.6558
Validation F1 did not improve from 0.6946.
TRAIN_EPOCH|epoch=48/100|steps=580|total=-0.8033|cls=0.0892|qdom=3.0397|qcls=3.3586|div=-8.6065|sda=1.3157|rho=1.000|grl=1.000|lr=5.31e-04
Validation result: loss=0.3297, acc=0.92, f1=0.6582
Validation F1 did not improve from 0.6946.
TRAIN_EPOCH|epoch=49/100|steps=580|total=-0.7899|cls=0.0875|qdom=3.0398|qcls=3.3749|div=-8.6171|sda=1.3251|rho=1.000|grl=1.000|lr=5.16e-04
Validation result: loss=0.2961, acc=0.93, f1=0.6452
Validation F1 did not improve from 0.6946.
TRAIN_EPOCH|epoch=50/100|steps=580|total=-0.7442|cls=0.0883|qdom=3.0170|qcls=3.4528|div=-8.6322|sda=1.3299|rho=1.000|grl=1.000|lr=5.00e-04
Validation result: loss=0.3027, acc=0.93, f1=0.6829
Validation F1 did not improve from 0.6946.
TRAIN_EPOCH|epoch=51/100|steps=580|total=-0.4791|cls=0.0845|qdom=3.1483|qcls=3.6173|div=-8.6450|sda=1.3158|rho=1.000|grl=1.000|lr=4.84e-04
Validation result: loss=0.2813, acc=0.93, f1=0.6674
Validation F1 did not improve from 0.6946.
TRAIN_EPOCH|epoch=52/100|steps=580|total=-0.8619|cls=0.0827|qdom=2.9351|qcls=3.4002|div=-8.6132|sda=1.3332|rho=1.000|grl=1.000|lr=4.69e-04
Validation result: loss=0.2763, acc=0.93, f1=0.6572
Validation F1 did not improve from 0.6946.
TRAIN_EPOCH|epoch=53/100|steps=580|total=-1.0191|cls=0.0795|qdom=2.9391|qcls=3.2728|div=-8.6249|sda=1.3144|rho=1.000|grl=1.000|lr=4.53e-04
Validation result: loss=0.3352, acc=0.92, f1=0.6209
Validation F1 did not improve from 0.6946.
TRAIN_EPOCH|epoch=54/100|steps=580|total=-1.0819|cls=0.0747|qdom=2.9111|qcls=3.2872|div=-8.6405|sda=1.2856|rho=1.000|grl=1.000|lr=4.37e-04
Validation result: loss=0.3076, acc=0.93, f1=0.6626
Validation F1 did not improve from 0.6946.
TRAIN_EPOCH|epoch=55/100|steps=580|total=-0.7651|cls=0.0759|qdom=3.0510|qcls=3.4153|div=-8.6118|sda=1.3045|rho=1.000|grl=1.000|lr=4.22e-04
Validation result: loss=0.3105, acc=0.93, f1=0.6471
Validation F1 did not improve from 0.6946.
TRAIN_EPOCH|epoch=56/100|steps=580|total=-1.1214|cls=0.0752|qdom=2.9798|qcls=3.1858|div=-8.6378|sda=1.2755|rho=1.000|grl=1.000|lr=4.06e-04
Validation result: loss=0.2998, acc=0.93, f1=0.6547
Validation F1 did not improve from 0.6946.
TRAIN_EPOCH|epoch=57/100|steps=580|total=-1.1393|cls=0.0696|qdom=2.9781|qcls=3.1574|div=-8.6147|sda=1.2702|rho=1.000|grl=1.000|lr=3.91e-04
Validation result: loss=0.3162, acc=0.93, f1=0.6598
Validation F1 did not improve from 0.6946.
TRAIN_EPOCH|epoch=58/100|steps=580|total=-1.0011|cls=0.0767|qdom=2.9848|qcls=3.2911|div=-8.6336|sda=1.2800|rho=1.000|grl=1.000|lr=3.76e-04
Validation result: loss=0.3065, acc=0.93, f1=0.6794
Validation F1 did not improve from 0.6946.
TRAIN_EPOCH|epoch=59/100|steps=580|total=-1.3251|cls=0.0778|qdom=2.8185|qcls=3.0850|div=-8.5915|sda=1.2851|rho=1.000|grl=1.000|lr=3.61e-04
Validation result: loss=0.3176, acc=0.93, f1=0.6805
Validation F1 did not improve from 0.6946.
TRAIN_EPOCH|epoch=60/100|steps=580|total=-1.2438|cls=0.0701|qdom=2.8556|qcls=3.1453|div=-8.6077|sda=1.2930|rho=1.000|grl=1.000|lr=3.45e-04
Validation result: loss=0.2987, acc=0.93, f1=0.6730
Validation F1 did not improve from 0.6946.
TRAIN_EPOCH|epoch=61/100|steps=580|total=-1.2945|cls=0.0674|qdom=2.8755|qcls=3.0784|div=-8.5893|sda=1.2734|rho=1.000|grl=1.000|lr=3.31e-04
Validation result: loss=0.3248, acc=0.92, f1=0.6670
Validation F1 did not improve from 0.6946.
TRAIN_EPOCH|epoch=62/100|steps=580|total=-1.2036|cls=0.0700|qdom=2.9783|qcls=3.1055|div=-8.6175|sda=1.2602|rho=1.000|grl=1.000|lr=3.16e-04
Validation result: loss=0.3181, acc=0.93, f1=0.6565
Validation F1 did not improve from 0.6946.
TRAIN_EPOCH|epoch=63/100|steps=580|total=-1.6291|cls=0.0631|qdom=2.7291|qcls=2.9964|div=-8.6415|sda=1.2239|rho=1.000|grl=1.000|lr=3.01e-04
Validation result: loss=0.2714, acc=0.94, f1=0.6775
Validation F1 did not improve from 0.6946.
TRAIN_EPOCH|epoch=64/100|steps=580|total=-1.5098|cls=0.0615|qdom=2.7855|qcls=3.0230|div=-8.6049|sda=1.2251|rho=1.000|grl=1.000|lr=2.87e-04
Validation result: loss=0.3530, acc=0.92, f1=0.6822
Validation F1 did not improve from 0.6946.
TRAIN_EPOCH|epoch=65/100|steps=580|total=-1.4606|cls=0.0604|qdom=2.8230|qcls=3.0409|div=-8.6066|sda=1.2216|rho=1.000|grl=1.000|lr=2.73e-04
Validation result: loss=0.3833, acc=0.92, f1=0.6485
Validation F1 did not improve from 0.6946.
TRAIN_EPOCH|epoch=66/100|steps=580|total=-1.4543|cls=0.0633|qdom=2.8387|qcls=3.0358|div=-8.6253|sda=1.2333|rho=1.000|grl=1.000|lr=2.59e-04
Validation result: loss=0.3497, acc=0.92, f1=0.6711
Validation F1 did not improve from 0.6946.
TRAIN_EPOCH|epoch=67/100|steps=580|total=-1.2915|cls=0.0599|qdom=2.9172|qcls=3.1069|div=-8.6264|sda=1.2508|rho=1.000|grl=1.000|lr=2.45e-04
Validation result: loss=0.3090, acc=0.93, f1=0.6858
Validation F1 did not improve from 0.6946.
TRAIN_EPOCH|epoch=68/100|steps=580|total=-1.3961|cls=0.0541|qdom=2.8224|qcls=3.1147|div=-8.6272|sda=1.2399|rho=1.000|grl=1.000|lr=2.32e-04
Validation result: loss=0.3649, acc=0.92, f1=0.6843
Validation F1 did not improve from 0.6946.
TRAIN_EPOCH|epoch=69/100|steps=580|total=-1.1276|cls=0.0566|qdom=2.9263|qcls=3.2588|div=-8.6202|sda=1.2509|rho=1.000|grl=1.000|lr=2.19e-04
Validation result: loss=0.3328, acc=0.93, f1=0.6634
Validation F1 did not improve from 0.6946.
TRAIN_EPOCH|epoch=70/100|steps=580|total=-1.3670|cls=0.0559|qdom=2.9040|qcls=3.0447|div=-8.5956|sda=1.2241|rho=1.000|grl=1.000|lr=2.06e-04
Validation result: loss=0.3311, acc=0.92, f1=0.6851
Validation F1 did not improve from 0.6946.
TRAIN_EPOCH|epoch=71/100|steps=580|total=-1.3159|cls=0.0538|qdom=2.9415|qcls=3.0490|div=-8.6037|sda=1.2436|rho=1.000|grl=1.000|lr=1.94e-04
Validation result: loss=0.3713, acc=0.92, f1=0.6621
Validation F1 did not improve from 0.6946.
TRAIN_EPOCH|epoch=72/100|steps=580|total=-1.4292|cls=0.0516|qdom=2.8577|qcls=3.0434|div=-8.5981|sda=1.2163|rho=1.000|grl=1.000|lr=1.81e-04
Validation result: loss=0.3612, acc=0.92, f1=0.6789
Validation F1 did not improve from 0.6946.
TRAIN_EPOCH|epoch=73/100|steps=580|total=-1.3059|cls=0.0515|qdom=2.9224|qcls=3.1273|div=-8.6293|sda=1.2222|rho=1.000|grl=1.000|lr=1.69e-04
Validation result: loss=0.3597, acc=0.92, f1=0.6788
Validation F1 did not improve from 0.6946.
TRAIN_EPOCH|epoch=74/100|steps=580|total=-1.2304|cls=0.0502|qdom=2.9786|qcls=3.1430|div=-8.6331|sda=1.2310|rho=1.000|grl=1.000|lr=1.58e-04
Validation result: loss=0.3202, acc=0.93, f1=0.6808
Validation F1 did not improve from 0.6946.
TRAIN_EPOCH|epoch=75/100|steps=580|total=-1.2926|cls=0.0487|qdom=2.9817|qcls=3.0798|div=-8.6347|sda=1.2318|rho=1.000|grl=1.000|lr=1.46e-04
Validation result: loss=0.3594, acc=0.92, f1=0.6624
Validation F1 did not improve from 0.6946.
TRAIN_EPOCH|epoch=76/100|steps=580|total=-1.2173|cls=0.0478|qdom=2.9514|qcls=3.1893|div=-8.6344|sda=1.2285|rho=1.000|grl=1.000|lr=1.36e-04
Validation result: loss=0.3756, acc=0.92, f1=0.6586
Validation F1 did not improve from 0.6946.
TRAIN_EPOCH|epoch=77/100|steps=580|total=-1.1912|cls=0.0502|qdom=3.0000|qcls=3.1604|div=-8.6259|sda=1.2240|rho=1.000|grl=1.000|lr=1.25e-04
Validation result: loss=0.3202, acc=0.93, f1=0.6904
Validation F1 did not improve from 0.6946.
TRAIN_EPOCH|epoch=78/100|steps=580|total=-1.4140|cls=0.0470|qdom=2.9159|qcls=3.0390|div=-8.6269|sda=1.2110|rho=1.000|grl=1.000|lr=1.15e-04
Validation result: loss=0.3661, acc=0.92, f1=0.6484
Validation F1 did not improve from 0.6946.
TRAIN_EPOCH|epoch=79/100|steps=580|total=-1.4391|cls=0.0466|qdom=2.9484|qcls=2.9965|div=-8.6324|sda=1.2018|rho=1.000|grl=1.000|lr=1.05e-04
Validation result: loss=0.3415, acc=0.92, f1=0.6777
Validation F1 did not improve from 0.6946.
TRAIN_EPOCH|epoch=80/100|steps=580|total=-1.4556|cls=0.0464|qdom=2.9515|qcls=2.9732|div=-8.6407|sda=1.2140|rho=1.000|grl=1.000|lr=9.55e-05
Validation result: loss=0.3379, acc=0.93, f1=0.6850
Validation F1 did not improve from 0.6946.
TRAIN_EPOCH|epoch=81/100|steps=580|total=-1.3575|cls=0.0440|qdom=2.9869|qcls=3.0029|div=-8.6068|sda=1.2155|rho=1.000|grl=1.000|lr=8.65e-05
Validation result: loss=0.3629, acc=0.92, f1=0.6869
Validation F1 did not improve from 0.6946.
TRAIN_EPOCH|epoch=82/100|steps=580|total=-1.2528|cls=0.0424|qdom=3.0002|qcls=3.1111|div=-8.6188|sda=1.2123|rho=1.000|grl=1.000|lr=7.78e-05
Validation result: loss=0.3495, acc=0.92, f1=0.6855
Validation F1 did not improve from 0.6946.
TRAIN_EPOCH|epoch=83/100|steps=580|total=-1.3909|cls=0.0430|qdom=2.9460|qcls=3.0488|div=-8.6394|sda=1.2106|rho=1.000|grl=1.000|lr=6.96e-05
Validation result: loss=0.3730, acc=0.92, f1=0.6663
Validation F1 did not improve from 0.6946.
TRAIN_EPOCH|epoch=84/100|steps=580|total=-1.5338|cls=0.0418|qdom=2.8789|qcls=2.9576|div=-8.6124|sda=1.2003|rho=1.000|grl=1.000|lr=6.18e-05
Validation result: loss=0.4298, acc=0.91, f1=0.6462
Validation F1 did not improve from 0.6946.
TRAIN_EPOCH|epoch=85/100|steps=580|total=-1.3414|cls=0.0427|qdom=2.9569|qcls=3.0650|div=-8.6105|sda=1.2046|rho=1.000|grl=1.000|lr=5.45e-05
Validation result: loss=0.3763, acc=0.92, f1=0.6535
Validation F1 did not improve from 0.6946.
TRAIN_EPOCH|epoch=86/100|steps=580|total=-1.4668|cls=0.0403|qdom=2.9048|qcls=3.0160|div=-8.6368|sda=1.2089|rho=1.000|grl=1.000|lr=4.76e-05
Validation result: loss=0.3873, acc=0.92, f1=0.6555
Validation F1 did not improve from 0.6946.
TRAIN_EPOCH|epoch=87/100|steps=580|total=-1.5372|cls=0.0422|qdom=2.8541|qcls=2.9643|div=-8.5951|sda=1.1973|rho=1.000|grl=1.000|lr=4.11e-05
Validation result: loss=0.3780, acc=0.92, f1=0.6656
Validation F1 did not improve from 0.6946.
TRAIN_EPOCH|epoch=88/100|steps=580|total=-1.5115|cls=0.0400|qdom=2.9062|qcls=2.9513|div=-8.6122|sda=1.2031|rho=1.000|grl=1.000|lr=3.51e-05
Validation result: loss=0.3582, acc=0.93, f1=0.6792
Validation F1 did not improve from 0.6946.
TRAIN_EPOCH|epoch=89/100|steps=580|total=-1.4906|cls=0.0406|qdom=2.9521|qcls=2.9266|div=-8.6107|sda=1.2008|rho=1.000|grl=1.000|lr=2.96e-05
Validation result: loss=0.3422, acc=0.93, f1=0.6676
Validation F1 did not improve from 0.6946.
TRAIN_EPOCH|epoch=90/100|steps=580|total=-1.5270|cls=0.0401|qdom=2.9307|qcls=2.9164|div=-8.6092|sda=1.1950|rho=1.000|grl=1.000|lr=2.45e-05
Validation result: loss=0.3614, acc=0.92, f1=0.6698
Validation F1 did not improve from 0.6946.
TRAIN_EPOCH|epoch=91/100|steps=580|total=-1.5045|cls=0.0408|qdom=2.9074|qcls=2.9558|div=-8.6007|sda=1.1922|rho=1.000|grl=1.000|lr=1.99e-05
Validation result: loss=0.3875, acc=0.92, f1=0.6643
Validation F1 did not improve from 0.6946.
TRAIN_EPOCH|epoch=92/100|steps=580|total=-1.3945|cls=0.0404|qdom=2.9427|qcls=3.0277|div=-8.6097|sda=1.2044|rho=1.000|grl=1.000|lr=1.57e-05
Validation result: loss=0.3763, acc=0.92, f1=0.6654
Validation F1 did not improve from 0.6946.
TRAIN_EPOCH|epoch=93/100|steps=580|total=-1.3305|cls=0.0407|qdom=2.9614|qcls=3.0831|div=-8.6320|sda=1.2162|rho=1.000|grl=1.000|lr=1.20e-05
Validation result: loss=0.3787, acc=0.92, f1=0.6704
Validation F1 did not improve from 0.6946.
TRAIN_EPOCH|epoch=94/100|steps=580|total=-1.3426|cls=0.0405|qdom=2.9513|qcls=3.0501|div=-8.6015|sda=1.2169|rho=1.000|grl=1.000|lr=8.86e-06
Validation result: loss=0.3611, acc=0.92, f1=0.6716
Validation F1 did not improve from 0.6946.
TRAIN_EPOCH|epoch=95/100|steps=580|total=-1.3482|cls=0.0393|qdom=2.9519|qcls=3.0495|div=-8.6007|sda=1.2118|rho=1.000|grl=1.000|lr=6.16e-06
Validation result: loss=0.3785, acc=0.92, f1=0.6619
Validation F1 did not improve from 0.6946.
TRAIN_EPOCH|epoch=96/100|steps=580|total=-1.3864|cls=0.0398|qdom=2.9301|qcls=3.0490|div=-8.6150|sda=1.2098|rho=1.000|grl=1.000|lr=3.94e-06
Validation result: loss=0.3767, acc=0.92, f1=0.6579
Validation F1 did not improve from 0.6946.
TRAIN_EPOCH|epoch=97/100|steps=580|total=-1.3490|cls=0.0408|qdom=2.9396|qcls=3.0626|div=-8.6044|sda=1.2125|rho=1.000|grl=1.000|lr=2.22e-06
Validation result: loss=0.3471, acc=0.93, f1=0.6729
Validation F1 did not improve from 0.6946.
TRAIN_EPOCH|epoch=98/100|steps=580|total=-1.3307|cls=0.0394|qdom=2.9565|qcls=3.0825|div=-8.6267|sda=1.2176|rho=1.000|grl=1.000|lr=9.87e-07
Validation result: loss=0.3925, acc=0.92, f1=0.6544
Validation F1 did not improve from 0.6946.
TRAIN_EPOCH|epoch=99/100|steps=580|total=-1.3246|cls=0.0411|qdom=2.9499|qcls=3.0861|div=-8.6181|sda=1.2163|rho=1.000|grl=1.000|lr=2.47e-07
Validation result: loss=0.3951, acc=0.91, f1=0.6549
Validation F1 did not improve from 0.6946.
TRAIN_EPOCH|epoch=100/100|steps=580|total=-1.3711|cls=0.0391|qdom=2.9556|qcls=3.0886|div=-8.6709|sda=1.2164|rho=1.000|grl=1.000|lr=0.00e+00
Validation result: loss=0.3800, acc=0.92, f1=0.6514
Validation F1 did not improve from 0.6946.
Restoring best model weights for testing...
Test result for FR1_to_FR2_seed2: accuracy=0.7123, f1=0.4028
                  precision    recall  f1-score   support

            corn       0.89      0.92      0.91      3867
      horsebeans       0.29      0.44      0.35        88
          meadow       0.98      0.60      0.74     10470
   spring_barley       1.00      0.03      0.05        76
     spring_peas       0.12      0.31      0.17        55
      sunflowers       0.68      0.46      0.55       256
   winter_barley       0.37      0.82      0.51       857
      winter_oat       0.00      0.00      0.00        86
     winter_peas       0.04      0.58      0.07        12
 winter_rapeseed       0.90      0.77      0.83       749
winter_triticale       0.11      0.00      0.01       516
    winter_wheat       0.50      0.92      0.65      4189

        accuracy                           0.71     21221
       macro avg       0.49      0.49      0.40     21221
    weighted avg       0.81      0.71      0.72     21221

corn [3573    0   44    0    0   14   33    0    5    4    3  191]
horsebeans [ 1 39 12  0  4  1  1  0  9  8  0 13]
meadow [ 394   92 6240    0  114   31  569    0  140   36   13 2841]
spring_barley [ 3  0  3  2  0  5 17  0  0  1  0 45]
spring_peas [ 0  1  1  0 17  4  2  0  6  4  0 20]
sunflowers [ 19   0  23   0   0 117   2   0   0   0   0  95]
winter_barley [  1   0   2   0   1   0 704   0   2   3   0 144]
winter_oat [ 2  0  2  0  0  0 33  0  3  0  0 46]
winter_peas [0 0 0 0 2 0 1 0 7 1 0 1]
winter_rapeseed [  1   0   5   0   3   0  52   0  22 577   0  89]
winter_triticale [  3   1   4   0   1   0 176   0   1   3   2 325]
winter_wheat [  14    0    3    0    1    1  327    0    3    1    1 3838]
Overall result across 1 folds:
|                  | precision   | recall   | f1-score   | support     |
|:-----------------|:------------|:---------|:-----------|:------------|
| corn             | 89.1±0.0    | 92.4±0.0 | 90.7±0.0   | 3867.0±0.0  |
| horsebeans       | 29.3±0.0    | 44.3±0.0 | 35.3±0.0   | 88.0±0.0    |
| meadow           | 98.4±0.0    | 59.6±0.0 | 74.2±0.0   | 10470.0±0.0 |
| spring_barley    | 100.0±0.0   | 2.6±0.0  | 5.1±0.0    | 76.0±0.0    |
| spring_peas      | 11.9±0.0    | 30.9±0.0 | 17.2±0.0   | 55.0±0.0    |
| sunflowers       | 67.6±0.0    | 45.7±0.0 | 54.5±0.0   | 256.0±0.0   |
| winter_barley    | 36.7±0.0    | 82.1±0.0 | 50.8±0.0   | 857.0±0.0   |
| winter_oat       | 0.0±0.0     | 0.0±0.0  | 0.0±0.0    | 86.0±0.0    |
| winter_peas      | 3.5±0.0     | 58.3±0.0 | 6.7±0.0    | 12.0±0.0    |
| winter_rapeseed  | 90.4±0.0    | 77.0±0.0 | 83.2±0.0   | 749.0±0.0   |
| winter_triticale | 10.5±0.0    | 0.4±0.0  | 0.7±0.0    | 516.0±0.0   |
| winter_wheat     | 50.2±0.0    | 91.6±0.0 | 64.8±0.0   | 4189.0±0.0  |
|                  |             |          |            |             |
| accuracy         |             |          |            | 71.2±0.0    |
| macro avg        | 49.0±0.0    | 48.8±0.0 | 40.3±0.0   | 21221.0±0.0 |
accuracy: 71.2±0.0
loss: 0.0±0.0
macro_f1: 40.3±0.0
weighted_f1: 71.8±0.0
kappa: 61.2±0.0
TASK_DONE|gpu=2|source=FR1|target=FR2|seed=2
DATE_END|2026-07-27T09:01:58+08:00
