TASK_START|gpu=1|source=FR2|target=AT1|seed=2|run=FR2_to_AT1_seed2
DATE_START|2026-07-27T11:43:34+08:00
GIT_HEAD|fc59a2e8f2510dfcbc38396b330ad7d7ebdda17a
Namespace(data_root='/data/user/dataset/timematch_data', num_blocks=100, source='france/30TXT/2017', target='austria/33UVP/2017', num_folds=1, val_ratio=0.1, test_ratio=0.2, sample_pixels_val=True, output_dir='outputs/structure_da_full_3seeds_v1/FR2_to_AT1_seed2', experiment_name='FR2_to_AT1_seed2', num_workers=8, seed=2, device='cuda', log_step=10, eval=False, overall=False, combine_spring_and_winter=False, closed_set=True, progress_bar='auto', epochs=100, batch_size=128, lr=0.001, weight_decay=0.0001, num_pixels=64, input_dim=10, with_extra=False, tensorboard_log_dir='runs/structure_da_full_3seeds_v1/FR2_to_AT1_seed2', steps_per_epoch=None, quality_warmup_steps=None, grl_warmup_steps=None, grl_gamma=10.0, lambda_qdom=1.0, lambda_qcls=1.0, lambda_div=1.0, lambda_sda=1.0, time_scale=365.0, tau_fast_init=0.05, tau_slow_init=0.2, tau_min=0.0001, delta_tau_min=0.0001, quality_hidden_cap=128, quality_eta=0.1, sda_hidden_dim=128, model='structure_da')
CLOSED_SET_PROTOCOL|source=france/30TXT/2017|target=austria/33UVP/2017|num_classes=11|classes=corn,horsebeans,meadow,spring_barley,spring_peas,sunflowers,winter_barley,winter_oat,winter_rapeseed,winter_triticale,winter_wheat
Starting fold 0...
CLOSED_SET_COUNTS|source_total=106028|target_total=42731|source_train=74221|source_val=10602|source_test=21205|target_train=29912|target_val=4273|target_test=8546
evaluation dataset: france/30TXT/2017
val target data: 10602 (83 batches)
test taget data: 21205 (1372 batches)
evaluation dataset: austria/33UVP/2017
val target data: 4273 (34 batches)
test taget data: 8546 (692 batches)
StructureDAModel(
  (spatial_encoder): PixelSetEncoder(
    (mlp1): Sequential(
      (0): LinearLayer(
        (linear): Linear(in_features=10, out_features=32, bias=False)
        (norm): BatchNorm1d(32, eps=1e-05, momentum=0.1, affine=True, track_running_stats=True)
        (activation): ReLU()
      )
      (1): LinearLayer(
        (linear): Linear(in_features=32, out_features=64, bias=False)
        (norm): BatchNorm1d(64, eps=1e-05, momentum=0.1, affine=True, track_running_stats=True)
        (activation): ReLU()
      )
    )
    (mlp2): Sequential(
      (0): LinearLayer(
        (linear): Linear(in_features=128, out_features=128, bias=False)
        (norm): BatchNorm1d(128, eps=1e-05, momentum=0.1, affine=True, track_running_stats=True)
        (activation): ReLU()
      )
    )
  )
  (component_classifier): ComponentStructureClassifier(
    (decomposition): SymmetricTimeKernelDecomposition()
    (temporal_operator): TemporalRelationOperator()
    (channel_operator): ChannelRelationOperator()
    (trend_temporal_quality): StructuralQualityPerception(
      (transferability): TransferabilityScorer(
        (normalization): LayerNorm((512,), eps=1e-05, elementwise_affine=True)
        (hidden): Linear(in_features=512, out_features=128, bias=True)
        (activation): ReLU()
        (domain_head): Linear(in_features=128, out_features=2, bias=True)
      )
      (discriminability): DiscriminabilityScorer(
        (normalization): LayerNorm((512,), eps=1e-05, elementwise_affine=True)
        (class_head): Linear(in_features=512, out_features=11, bias=True)
      )
    )
    (dynamics_temporal_quality): StructuralQualityPerception(
      (transferability): TransferabilityScorer(
        (normalization): LayerNorm((512,), eps=1e-05, elementwise_affine=True)
        (hidden): Linear(in_features=512, out_features=128, bias=True)
        (activation): ReLU()
        (domain_head): Linear(in_features=128, out_features=2, bias=True)
      )
      (discriminability): DiscriminabilityScorer(
        (normalization): LayerNorm((512,), eps=1e-05, elementwise_affine=True)
        (class_head): Linear(in_features=512, out_features=11, bias=True)
      )
    )
    (dynamics_channel_quality): StructuralQualityPerception(
      (transferability): TransferabilityScorer(
        (normalization): LayerNorm((8128,), eps=1e-05, elementwise_affine=True)
        (hidden): Linear(in_features=8128, out_features=128, bias=True)
        (activation): ReLU()
        (domain_head): Linear(in_features=128, out_features=2, bias=True)
      )
      (discriminability): DiscriminabilityScorer(
        (normalization): LayerNorm((8128,), eps=1e-05, elementwise_affine=True)
        (class_head): Linear(in_features=8128, out_features=11, bias=True)
      )
    )
    (content_norm): LayerNorm((128,), eps=1e-05, elementwise_affine=False)
    (temporal_norm): LayerNorm((256,), eps=1e-05, elementwise_affine=False)
    (channel_norm): LayerNorm((128,), eps=1e-05, elementwise_affine=False)
    (shared_ltae): LTAE(
      (inconv): LinearLayer(
        (linear): Linear(in_features=512, out_features=256, bias=False)
        (norm): BatchNorm1d(256, eps=1e-05, momentum=0.1, affine=True, track_running_stats=True)
        (activation): ReLU()
      )
      (positional_enc): Embedding(565, 256)
      (attention_heads): MultiHeadAttention(
        (key): Linear(in_features=256, out_features=128, bias=True)
        (dropout): Dropout(p=0.1, inplace=False)
        (softmax): Softmax(dim=-1)
      )
      (mlp): Sequential(
        (0): LinearLayer(
          (linear): Linear(in_features=256, out_features=128, bias=False)
          (norm): BatchNorm1d(128, eps=1e-05, momentum=0.1, affine=True, track_running_stats=True)
          (activation): ReLU()
        )
      )
      (dropout): Dropout(p=0.2, inplace=False)
    )
    (trend_component_quality): ComponentQualityPerception(
      (transferability): TransferabilityScorer(
        (normalization): LayerNorm((128,), eps=1e-05, elementwise_affine=True)
        (hidden): Linear(in_features=128, out_features=128, bias=True)
        (activation): ReLU()
        (domain_head): Linear(in_features=128, out_features=2, bias=True)
      )
      (discriminability): DiscriminabilityScorer(
        (normalization): LayerNorm((128,), eps=1e-05, elementwise_affine=True)
        (class_head): Linear(in_features=128, out_features=11, bias=True)
      )
      (diversity): DiversityScorer(
        (normalization): LayerNorm((128,), eps=1e-05, elementwise_affine=True)
        (diversity_head): Linear(in_features=128, out_features=1, bias=True)
        (activation): Sigmoid()
      )
    )
    (dynamics_component_quality): ComponentQualityPerception(
      (transferability): TransferabilityScorer(
        (normalization): LayerNorm((128,), eps=1e-05, elementwise_affine=True)
        (hidden): Linear(in_features=128, out_features=128, bias=True)
        (activation): ReLU()
        (domain_head): Linear(in_features=128, out_features=2, bias=True)
      )
      (discriminability): DiscriminabilityScorer(
        (normalization): LayerNorm((128,), eps=1e-05, elementwise_affine=True)
        (class_head): Linear(in_features=128, out_features=11, bias=True)
      )
      (diversity): DiversityScorer(
        (normalization): LayerNorm((128,), eps=1e-05, elementwise_affine=True)
        (diversity_head): Linear(in_features=128, out_features=1, bias=True)
        (activation): Sigmoid()
      )
    )
    (residual_component_quality): ComponentQualityPerception(
      (transferability): TransferabilityScorer(
        (normalization): LayerNorm((128,), eps=1e-05, elementwise_affine=True)
        (hidden): Linear(in_features=128, out_features=128, bias=True)
        (activation): ReLU()
        (domain_head): Linear(in_features=128, out_features=2, bias=True)
      )
      (discriminability): DiscriminabilityScorer(
        (normalization): LayerNorm((128,), eps=1e-05, elementwise_affine=True)
        (class_head): Linear(in_features=128, out_features=11, bias=True)
      )
      (diversity): DiversityScorer(
        (normalization): LayerNorm((128,), eps=1e-05, elementwise_affine=True)
        (diversity_head): Linear(in_features=128, out_features=1, bias=True)
        (activation): Sigmoid()
      )
    )
    (component_embedding_norm): LayerNorm((128,), eps=1e-05, elementwise_affine=False)
    (classifier): Sequential(
      (0): LinearLayer(
        (linear): Linear(in_features=384, out_features=64, bias=False)
        (norm): BatchNorm1d(64, eps=1e-05, momentum=0.1, affine=True, track_running_stats=True)
        (activation): ReLU()
      )
      (1): LinearLayer(
        (linear): Linear(in_features=64, out_features=32, bias=False)
        (norm): BatchNorm1d(32, eps=1e-05, momentum=0.1, affine=True, track_running_stats=True)
        (activation): ReLU()
      )
      (2): Linear(in_features=32, out_features=11, bias=True)
    )
  )
  (joint_builder): JointStructuralSpaceBuilder(
    (trend_temporal_norm): LayerNorm((512,), eps=1e-05, elementwise_affine=False)
    (dynamics_temporal_norm): LayerNorm((512,), eps=1e-05, elementwise_affine=False)
    (dynamics_channel_norm): LayerNorm((8128,), eps=1e-05, elementwise_affine=False)
  )
  (adversarial_adapter): StructuralAdversarialAdapter(
    (discriminator): SDADiscriminator(
      (hidden): Linear(in_features=9152, out_features=128, bias=True)
      (activation): ReLU()
      (output): Linear(in_features=128, out_features=1, bias=True)
    )
  )
)
Number of trainable parameters: 2782911
TRAIN_EPOCH|epoch=1/100|steps=579|total=5.7050|cls=0.3937|qdom=4.7034|qcls=5.1431|div=-5.3931|sda=0.8579|rho=0.998|grl=1.000|lr=1.00e-03
Validation result: loss=0.3644, acc=0.90, f1=0.4696
Validation F1 improved from -inf to 0.4696!
Saving best model to outputs/structure_da_full_3seeds_v1/FR2_to_AT1_seed2/fold_0/model.pt
TRAIN_EPOCH|epoch=2/100|steps=579|total=1.2988|cls=0.1977|qdom=4.0047|qcls=3.9211|div=-7.8998|sda=1.0751|rho=1.000|grl=1.000|lr=9.99e-04
Validation result: loss=0.3038, acc=0.92, f1=0.6010
Validation F1 improved from 0.4696 to 0.6010!
Saving best model to outputs/structure_da_full_3seeds_v1/FR2_to_AT1_seed2/fold_0/model.pt
TRAIN_EPOCH|epoch=3/100|steps=579|total=1.3376|cls=0.1778|qdom=4.1818|qcls=3.7762|div=-7.9384|sda=1.1402|rho=1.000|grl=1.000|lr=9.98e-04
Validation result: loss=0.1921, acc=0.94, f1=0.6428
Validation F1 improved from 0.6010 to 0.6428!
Saving best model to outputs/structure_da_full_3seeds_v1/FR2_to_AT1_seed2/fold_0/model.pt
TRAIN_EPOCH|epoch=4/100|steps=579|total=1.9184|cls=0.1513|qdom=4.4417|qcls=4.0741|div=-8.0218|sda=1.2732|rho=1.000|grl=1.000|lr=9.96e-04
Validation result: loss=0.1757, acc=0.95, f1=0.6692
Validation F1 improved from 0.6428 to 0.6692!
Saving best model to outputs/structure_da_full_3seeds_v1/FR2_to_AT1_seed2/fold_0/model.pt
TRAIN_EPOCH|epoch=5/100|steps=579|total=1.7543|cls=0.1445|qdom=4.4268|qcls=3.9608|div=-8.0269|sda=1.2490|rho=1.000|grl=1.000|lr=9.94e-04
Validation result: loss=0.1564, acc=0.95, f1=0.7214
Validation F1 improved from 0.6692 to 0.7214!
Saving best model to outputs/structure_da_full_3seeds_v1/FR2_to_AT1_seed2/fold_0/model.pt
TRAIN_EPOCH|epoch=6/100|steps=579|total=1.8186|cls=0.1408|qdom=4.3383|qcls=4.0515|div=-8.0136|sda=1.3017|rho=1.000|grl=1.000|lr=9.91e-04
Validation result: loss=0.1859, acc=0.94, f1=0.7149
Validation F1 did not improve from 0.7214.
TRAIN_EPOCH|epoch=7/100|steps=579|total=2.1428|cls=0.1363|qdom=4.5172|qcls=4.2496|div=-8.0246|sda=1.2643|rho=1.000|grl=1.000|lr=9.88e-04
Validation result: loss=0.1833, acc=0.94, f1=0.7290
Validation F1 improved from 0.7214 to 0.7290!
Saving best model to outputs/structure_da_full_3seeds_v1/FR2_to_AT1_seed2/fold_0/model.pt
TRAIN_EPOCH|epoch=8/100|steps=579|total=1.6919|cls=0.1372|qdom=4.4348|qcls=3.8340|div=-8.0379|sda=1.3238|rho=1.000|grl=1.000|lr=9.84e-04
Validation result: loss=0.1581, acc=0.95, f1=0.7253
Validation F1 did not improve from 0.7290.
TRAIN_EPOCH|epoch=9/100|steps=579|total=0.8718|cls=0.1214|qdom=3.8586|qcls=3.6215|div=-8.0487|sda=1.3189|rho=1.000|grl=1.000|lr=9.80e-04
Validation result: loss=0.2704, acc=0.89, f1=0.7273
Validation F1 did not improve from 0.7290.
TRAIN_EPOCH|epoch=10/100|steps=579|total=1.3615|cls=0.1206|qdom=4.3333|qcls=3.6298|div=-8.0053|sda=1.2831|rho=1.000|grl=1.000|lr=9.76e-04
Validation result: loss=0.1431, acc=0.95, f1=0.7762
Validation F1 improved from 0.7290 to 0.7762!
Saving best model to outputs/structure_da_full_3seeds_v1/FR2_to_AT1_seed2/fold_0/model.pt
TRAIN_EPOCH|epoch=11/100|steps=579|total=1.2401|cls=0.1204|qdom=4.1705|qcls=3.7067|div=-8.0522|sda=1.2947|rho=1.000|grl=1.000|lr=9.70e-04
Validation result: loss=0.1613, acc=0.95, f1=0.7505
Validation F1 did not improve from 0.7762.
TRAIN_EPOCH|epoch=12/100|steps=579|total=0.7749|cls=0.1161|qdom=4.0911|qcls=3.3515|div=-8.0653|sda=1.2815|rho=1.000|grl=1.000|lr=9.65e-04
Validation result: loss=0.1553, acc=0.95, f1=0.7580
Validation F1 did not improve from 0.7762.
TRAIN_EPOCH|epoch=13/100|steps=579|total=1.1515|cls=0.1087|qdom=4.3287|qcls=3.4268|div=-8.0289|sda=1.3162|rho=1.000|grl=1.000|lr=9.59e-04
Validation result: loss=0.0968, acc=0.97, f1=0.8136
Validation F1 improved from 0.7762 to 0.8136!
Saving best model to outputs/structure_da_full_3seeds_v1/FR2_to_AT1_seed2/fold_0/model.pt
TRAIN_EPOCH|epoch=14/100|steps=579|total=0.7155|cls=0.0971|qdom=4.1345|qcls=3.2135|div=-8.0651|sda=1.3354|rho=1.000|grl=1.000|lr=9.52e-04
Validation result: loss=0.0968, acc=0.97, f1=0.8401
Validation F1 improved from 0.8136 to 0.8401!
Saving best model to outputs/structure_da_full_3seeds_v1/FR2_to_AT1_seed2/fold_0/model.pt
TRAIN_EPOCH|epoch=15/100|steps=579|total=1.1192|cls=0.0952|qdom=4.3346|qcls=3.3873|div=-8.0404|sda=1.3426|rho=1.000|grl=1.000|lr=9.46e-04
Validation result: loss=0.1031, acc=0.97, f1=0.8293
Validation F1 did not improve from 0.8401.
TRAIN_EPOCH|epoch=16/100|steps=579|total=0.6491|cls=0.0899|qdom=4.2329|qcls=3.0309|div=-8.0648|sda=1.3602|rho=1.000|grl=1.000|lr=9.38e-04
Validation result: loss=0.1270, acc=0.97, f1=0.8098
Validation F1 did not improve from 0.8401.
TRAIN_EPOCH|epoch=17/100|steps=579|total=0.7378|cls=0.0859|qdom=4.3551|qcls=2.9641|div=-8.0252|sda=1.3578|rho=1.000|grl=1.000|lr=9.30e-04
Validation result: loss=0.1542, acc=0.95, f1=0.8026
Validation F1 did not improve from 0.8401.
TRAIN_EPOCH|epoch=18/100|steps=579|total=0.9806|cls=0.0936|qdom=4.2912|qcls=3.2877|div=-8.0438|sda=1.3519|rho=1.000|grl=1.000|lr=9.22e-04
Validation result: loss=0.0981, acc=0.97, f1=0.8554
Validation F1 improved from 0.8401 to 0.8554!
Saving best model to outputs/structure_da_full_3seeds_v1/FR2_to_AT1_seed2/fold_0/model.pt
TRAIN_EPOCH|epoch=19/100|steps=579|total=0.7993|cls=0.0959|qdom=4.2056|qcls=3.1871|div=-8.0350|sda=1.3458|rho=1.000|grl=1.000|lr=9.14e-04
Validation result: loss=0.1149, acc=0.97, f1=0.8681
Validation F1 improved from 0.8554 to 0.8681!
Saving best model to outputs/structure_da_full_3seeds_v1/FR2_to_AT1_seed2/fold_0/model.pt
TRAIN_EPOCH|epoch=20/100|steps=579|total=0.2610|cls=0.0854|qdom=3.9707|qcls=2.9037|div=-8.0555|sda=1.3567|rho=1.000|grl=1.000|lr=9.05e-04
Validation result: loss=0.1409, acc=0.96, f1=0.8285
Validation F1 did not improve from 0.8681.
TRAIN_EPOCH|epoch=21/100|steps=579|total=0.0482|cls=0.0834|qdom=3.8671|qcls=2.8184|div=-8.0781|sda=1.3574|rho=1.000|grl=1.000|lr=8.95e-04
Validation result: loss=0.1021, acc=0.97, f1=0.8430
Validation F1 did not improve from 0.8681.
TRAIN_EPOCH|epoch=22/100|steps=579|total=-0.1034|cls=0.0782|qdom=3.6887|qcls=2.8128|div=-8.0446|sda=1.3614|rho=1.000|grl=1.000|lr=8.85e-04
Validation result: loss=0.0782, acc=0.98, f1=0.8899
Validation F1 improved from 0.8681 to 0.8899!
Saving best model to outputs/structure_da_full_3seeds_v1/FR2_to_AT1_seed2/fold_0/model.pt
TRAIN_EPOCH|epoch=23/100|steps=579|total=-0.2197|cls=0.0756|qdom=3.7084|qcls=2.6471|div=-8.0220|sda=1.3712|rho=1.000|grl=1.000|lr=8.75e-04
Validation result: loss=0.1276, acc=0.96, f1=0.8180
Validation F1 did not improve from 0.8899.
TRAIN_EPOCH|epoch=24/100|steps=579|total=-0.2047|cls=0.0735|qdom=3.7643|qcls=2.6435|div=-8.0568|sda=1.3709|rho=1.000|grl=1.000|lr=8.64e-04
Validation result: loss=0.0989, acc=0.97, f1=0.8463
Validation F1 did not improve from 0.8899.
TRAIN_EPOCH|epoch=25/100|steps=579|total=-0.1087|cls=0.0713|qdom=3.8263|qcls=2.6873|div=-8.0608|sda=1.3670|rho=1.000|grl=1.000|lr=8.54e-04
Validation result: loss=0.0806, acc=0.98, f1=0.8839
Validation F1 did not improve from 0.8899.
TRAIN_EPOCH|epoch=26/100|steps=579|total=-0.1922|cls=0.0693|qdom=3.7748|qcls=2.6302|div=-8.0332|sda=1.3667|rho=1.000|grl=1.000|lr=8.42e-04
Validation result: loss=0.0833, acc=0.98, f1=0.8706
Validation F1 did not improve from 0.8899.
TRAIN_EPOCH|epoch=27/100|steps=579|total=-0.4041|cls=0.0685|qdom=3.6523|qcls=2.5653|div=-8.0567|sda=1.3665|rho=1.000|grl=1.000|lr=8.31e-04
Validation result: loss=0.0999, acc=0.97, f1=0.8416
Validation F1 did not improve from 0.8899.
TRAIN_EPOCH|epoch=28/100|steps=579|total=-0.3847|cls=0.0680|qdom=3.6155|qcls=2.6033|div=-8.0380|sda=1.3665|rho=1.000|grl=1.000|lr=8.19e-04
Validation result: loss=0.0932, acc=0.97, f1=0.8645
Validation F1 did not improve from 0.8899.
TRAIN_EPOCH|epoch=29/100|steps=579|total=-0.0980|cls=0.0670|qdom=3.7588|qcls=2.7600|div=-8.0554|sda=1.3716|rho=1.000|grl=1.000|lr=8.06e-04
Validation result: loss=0.0814, acc=0.98, f1=0.8956
Validation F1 improved from 0.8899 to 0.8956!
Saving best model to outputs/structure_da_full_3seeds_v1/FR2_to_AT1_seed2/fold_0/model.pt
TRAIN_EPOCH|epoch=30/100|steps=579|total=-0.3791|cls=0.0646|qdom=3.7255|qcls=2.5215|div=-8.0584|sda=1.3677|rho=1.000|grl=1.000|lr=7.94e-04
Validation result: loss=0.0822, acc=0.98, f1=0.8761
Validation F1 did not improve from 0.8956.
TRAIN_EPOCH|epoch=31/100|steps=579|total=0.0126|cls=0.0700|qdom=3.7814|qcls=2.8530|div=-8.0462|sda=1.3545|rho=1.000|grl=1.000|lr=7.81e-04
Validation result: loss=0.0948, acc=0.97, f1=0.8637
Validation F1 did not improve from 0.8956.
TRAIN_EPOCH|epoch=32/100|steps=579|total=-0.0837|cls=0.0693|qdom=3.8359|qcls=2.7125|div=-8.0635|sda=1.3621|rho=1.000|grl=1.000|lr=7.68e-04
Validation result: loss=0.0959, acc=0.97, f1=0.8545
Validation F1 did not improve from 0.8956.
TRAIN_EPOCH|epoch=33/100|steps=579|total=-0.5087|cls=0.0658|qdom=3.6093|qcls=2.5067|div=-8.0508|sda=1.3602|rho=1.000|grl=1.000|lr=7.55e-04
Validation result: loss=0.0754, acc=0.98, f1=0.9087
Validation F1 improved from 0.8956 to 0.9087!
Saving best model to outputs/structure_da_full_3seeds_v1/FR2_to_AT1_seed2/fold_0/model.pt
TRAIN_EPOCH|epoch=34/100|steps=579|total=-0.0361|cls=0.0683|qdom=3.6688|qcls=2.8888|div=-8.0255|sda=1.3635|rho=1.000|grl=1.000|lr=7.41e-04
Validation result: loss=0.0830, acc=0.98, f1=0.8885
Validation F1 did not improve from 0.9087.
TRAIN_EPOCH|epoch=35/100|steps=579|total=-0.4160|cls=0.0636|qdom=3.7138|qcls=2.5241|div=-8.0754|sda=1.3579|rho=1.000|grl=1.000|lr=7.27e-04
Validation result: loss=0.0918, acc=0.98, f1=0.8832
Validation F1 did not improve from 0.9087.
TRAIN_EPOCH|epoch=36/100|steps=579|total=-0.4242|cls=0.0637|qdom=3.5926|qcls=2.6243|div=-8.0634|sda=1.3586|rho=1.000|grl=1.000|lr=7.13e-04
Validation result: loss=0.0944, acc=0.97, f1=0.8556
Validation F1 did not improve from 0.9087.
TRAIN_EPOCH|epoch=37/100|steps=579|total=-0.4010|cls=0.0658|qdom=3.5345|qcls=2.6939|div=-8.0652|sda=1.3700|rho=1.000|grl=1.000|lr=6.99e-04
Validation result: loss=0.0858, acc=0.98, f1=0.8711
Validation F1 did not improve from 0.9087.
TRAIN_EPOCH|epoch=38/100|steps=579|total=-0.5090|cls=0.0631|qdom=3.4966|qcls=2.6380|div=-8.0673|sda=1.3606|rho=1.000|grl=1.000|lr=6.84e-04
Validation result: loss=0.0890, acc=0.98, f1=0.8753
Validation F1 did not improve from 0.9087.
TRAIN_EPOCH|epoch=39/100|steps=579|total=-0.2291|cls=0.0616|qdom=3.6786|qcls=2.7238|div=-8.0591|sda=1.3659|rho=1.000|grl=1.000|lr=6.69e-04
Validation result: loss=0.0924, acc=0.98, f1=0.8845
Validation F1 did not improve from 0.9087.
TRAIN_EPOCH|epoch=40/100|steps=579|total=-0.4138|cls=0.0587|qdom=3.6441|qcls=2.5862|div=-8.0679|sda=1.3651|rho=1.000|grl=1.000|lr=6.55e-04
Validation result: loss=0.0823, acc=0.98, f1=0.8984
Validation F1 did not improve from 0.9087.
TRAIN_EPOCH|epoch=41/100|steps=579|total=-0.6171|cls=0.0580|qdom=3.5082|qcls=2.5178|div=-8.0587|sda=1.3577|rho=1.000|grl=1.000|lr=6.39e-04
Validation result: loss=0.0942, acc=0.98, f1=0.8780
Validation F1 did not improve from 0.9087.
TRAIN_EPOCH|epoch=42/100|steps=579|total=-0.7840|cls=0.0566|qdom=3.3728|qcls=2.4734|div=-8.0518|sda=1.3649|rho=1.000|grl=1.000|lr=6.24e-04
Validation result: loss=0.1121, acc=0.97, f1=0.8302
Validation F1 did not improve from 0.9087.
TRAIN_EPOCH|epoch=43/100|steps=579|total=-0.9297|cls=0.0554|qdom=3.2650|qcls=2.4526|div=-8.0565|sda=1.3538|rho=1.000|grl=1.000|lr=6.09e-04
Validation result: loss=0.0917, acc=0.98, f1=0.8764
Validation F1 did not improve from 0.9087.
TRAIN_EPOCH|epoch=44/100|steps=579|total=-0.8037|cls=0.0552|qdom=3.3718|qcls=2.4872|div=-8.0756|sda=1.3577|rho=1.000|grl=1.000|lr=5.94e-04
Validation result: loss=0.0872, acc=0.98, f1=0.8878
Validation F1 did not improve from 0.9087.
TRAIN_EPOCH|epoch=45/100|steps=579|total=-0.7082|cls=0.0534|qdom=3.3733|qcls=2.5486|div=-8.0450|sda=1.3615|rho=1.000|grl=1.000|lr=5.78e-04
Validation result: loss=0.0954, acc=0.98, f1=0.8933
Validation F1 did not improve from 0.9087.
TRAIN_EPOCH|epoch=46/100|steps=579|total=-0.7508|cls=0.0511|qdom=3.3851|qcls=2.5132|div=-8.0616|sda=1.3613|rho=1.000|grl=1.000|lr=5.63e-04
Validation result: loss=0.1024, acc=0.97, f1=0.8648
Validation F1 did not improve from 0.9087.
TRAIN_EPOCH|epoch=47/100|steps=579|total=-0.7102|cls=0.0507|qdom=3.3684|qcls=2.5690|div=-8.0516|sda=1.3533|rho=1.000|grl=1.000|lr=5.47e-04
Validation result: loss=0.0941, acc=0.98, f1=0.8690
Validation F1 did not improve from 0.9087.
TRAIN_EPOCH|epoch=48/100|steps=579|total=-0.8321|cls=0.0513|qdom=3.2838|qcls=2.5373|div=-8.0509|sda=1.3464|rho=1.000|grl=1.000|lr=5.31e-04
Validation result: loss=0.1065, acc=0.97, f1=0.8504
Validation F1 did not improve from 0.9087.
TRAIN_EPOCH|epoch=49/100|steps=579|total=-0.7604|cls=0.0482|qdom=3.3520|qcls=2.5575|div=-8.0523|sda=1.3342|rho=1.000|grl=1.000|lr=5.16e-04
Validation result: loss=0.0891, acc=0.98, f1=0.8821
Validation F1 did not improve from 0.9087.
TRAIN_EPOCH|epoch=50/100|steps=579|total=-0.8610|cls=0.0478|qdom=3.3117|qcls=2.4830|div=-8.0453|sda=1.3418|rho=1.000|grl=1.000|lr=5.00e-04
Validation result: loss=0.0974, acc=0.97, f1=0.8767
Validation F1 did not improve from 0.9087.
TRAIN_EPOCH|epoch=51/100|steps=579|total=-0.8004|cls=0.0473|qdom=3.3208|qcls=2.5220|div=-8.0348|sda=1.3442|rho=1.000|grl=1.000|lr=4.84e-04
Validation result: loss=0.0879, acc=0.98, f1=0.8775
Validation F1 did not improve from 0.9087.
TRAIN_EPOCH|epoch=52/100|steps=579|total=-0.8200|cls=0.0474|qdom=3.2767|qcls=2.5752|div=-8.0627|sda=1.3434|rho=1.000|grl=1.000|lr=4.69e-04
Validation result: loss=0.1033, acc=0.97, f1=0.8680
Validation F1 did not improve from 0.9087.
TRAIN_EPOCH|epoch=53/100|steps=579|total=-0.9003|cls=0.0469|qdom=3.2677|qcls=2.5166|div=-8.0766|sda=1.3451|rho=1.000|grl=1.000|lr=4.53e-04
Validation result: loss=0.0928, acc=0.98, f1=0.8747
Validation F1 did not improve from 0.9087.
TRAIN_EPOCH|epoch=54/100|steps=579|total=-0.9650|cls=0.0453|qdom=3.1675|qcls=2.5305|div=-8.0704|sda=1.3621|rho=1.000|grl=1.000|lr=4.37e-04
Validation result: loss=0.0962, acc=0.97, f1=0.8825
Validation F1 did not improve from 0.9087.
TRAIN_EPOCH|epoch=55/100|steps=579|total=-1.0630|cls=0.0419|qdom=3.1859|qcls=2.4212|div=-8.0580|sda=1.3460|rho=1.000|grl=1.000|lr=4.22e-04
Validation result: loss=0.0896, acc=0.98, f1=0.9114
Validation F1 improved from 0.9087 to 0.9114!
Saving best model to outputs/structure_da_full_3seeds_v1/FR2_to_AT1_seed2/fold_0/model.pt
TRAIN_EPOCH|epoch=56/100|steps=579|total=-1.0252|cls=0.0408|qdom=3.1871|qcls=2.4699|div=-8.0639|sda=1.3409|rho=1.000|grl=1.000|lr=4.06e-04
Validation result: loss=0.1083, acc=0.97, f1=0.8571
Validation F1 did not improve from 0.9114.
TRAIN_EPOCH|epoch=57/100|steps=579|total=-1.2767|cls=0.0404|qdom=2.9940|qcls=2.3823|div=-8.0379|sda=1.3444|rho=1.000|grl=1.000|lr=3.91e-04
Validation result: loss=0.0871, acc=0.98, f1=0.8951
Validation F1 did not improve from 0.9114.
TRAIN_EPOCH|epoch=58/100|steps=579|total=-1.4306|cls=0.0377|qdom=2.8899|qcls=2.3674|div=-8.0615|sda=1.3359|rho=1.000|grl=1.000|lr=3.76e-04
Validation result: loss=0.0966, acc=0.98, f1=0.8760
Validation F1 did not improve from 0.9114.
TRAIN_EPOCH|epoch=59/100|steps=579|total=-1.1767|cls=0.0377|qdom=3.0964|qcls=2.4129|div=-8.0503|sda=1.3265|rho=1.000|grl=1.000|lr=3.61e-04
Validation result: loss=0.1017, acc=0.97, f1=0.8505
Validation F1 did not improve from 0.9114.
TRAIN_EPOCH|epoch=60/100|steps=579|total=-1.2249|cls=0.0371|qdom=3.0264|qcls=2.4649|div=-8.0813|sda=1.3280|rho=1.000|grl=1.000|lr=3.45e-04
Validation result: loss=0.0894, acc=0.98, f1=0.8836
Validation F1 did not improve from 0.9114.
TRAIN_EPOCH|epoch=61/100|steps=579|total=-1.1406|cls=0.0385|qdom=3.0751|qcls=2.4693|div=-8.0569|sda=1.3335|rho=1.000|grl=1.000|lr=3.31e-04
Validation result: loss=0.1064, acc=0.97, f1=0.8392
Validation F1 did not improve from 0.9114.
TRAIN_EPOCH|epoch=62/100|steps=579|total=-1.0251|cls=0.0366|qdom=3.1035|qcls=2.5530|div=-8.0604|sda=1.3422|rho=1.000|grl=1.000|lr=3.16e-04
Validation result: loss=0.1043, acc=0.97, f1=0.8448
Validation F1 did not improve from 0.9114.
TRAIN_EPOCH|epoch=63/100|steps=579|total=-0.9131|cls=0.0355|qdom=3.2141|qcls=2.5518|div=-8.0514|sda=1.3368|rho=1.000|grl=1.000|lr=3.01e-04
Validation result: loss=0.0891, acc=0.98, f1=0.8581
Validation F1 did not improve from 0.9114.
TRAIN_EPOCH|epoch=64/100|steps=579|total=-1.0965|cls=0.0350|qdom=3.1282|qcls=2.4810|div=-8.0795|sda=1.3389|rho=1.000|grl=1.000|lr=2.87e-04
Validation result: loss=0.0971, acc=0.98, f1=0.8517
Validation F1 did not improve from 0.9114.
TRAIN_EPOCH|epoch=65/100|steps=579|total=-0.9269|cls=0.0350|qdom=3.2066|qcls=2.5513|div=-8.0558|sda=1.3359|rho=1.000|grl=1.000|lr=2.73e-04
Validation result: loss=0.1192, acc=0.97, f1=0.8129
Validation F1 did not improve from 0.9114.
TRAIN_EPOCH|epoch=66/100|steps=579|total=-1.0695|cls=0.0338|qdom=3.1186|qcls=2.4935|div=-8.0406|sda=1.3252|rho=1.000|grl=1.000|lr=2.59e-04
Validation result: loss=0.1092, acc=0.97, f1=0.8321
Validation F1 did not improve from 0.9114.
TRAIN_EPOCH|epoch=67/100|steps=579|total=-1.1766|cls=0.0341|qdom=3.0054|qcls=2.5243|div=-8.0511|sda=1.3107|rho=1.000|grl=1.000|lr=2.45e-04
Validation result: loss=0.0981, acc=0.98, f1=0.8303
Validation F1 did not improve from 0.9114.
TRAIN_EPOCH|epoch=68/100|steps=579|total=-1.1067|cls=0.0334|qdom=3.1357|qcls=2.4688|div=-8.0593|sda=1.3147|rho=1.000|grl=1.000|lr=2.32e-04
Validation result: loss=0.1085, acc=0.97, f1=0.8407
Validation F1 did not improve from 0.9114.
TRAIN_EPOCH|epoch=69/100|steps=579|total=-1.1298|cls=0.0322|qdom=3.0672|qcls=2.4922|div=-8.0373|sda=1.3159|rho=1.000|grl=1.000|lr=2.19e-04
Validation result: loss=0.1021, acc=0.97, f1=0.8607
Validation F1 did not improve from 0.9114.
TRAIN_EPOCH|epoch=70/100|steps=579|total=-1.1730|cls=0.0299|qdom=3.0797|qcls=2.4702|div=-8.0563|sda=1.3035|rho=1.000|grl=1.000|lr=2.06e-04
Validation result: loss=0.1083, acc=0.97, f1=0.8528
Validation F1 did not improve from 0.9114.
TRAIN_EPOCH|epoch=71/100|steps=579|total=-1.1567|cls=0.0286|qdom=3.0779|qcls=2.5100|div=-8.0896|sda=1.3164|rho=1.000|grl=1.000|lr=1.94e-04
Validation result: loss=0.1186, acc=0.97, f1=0.8472
Validation F1 did not improve from 0.9114.
TRAIN_EPOCH|epoch=72/100|steps=579|total=-0.9746|cls=0.0290|qdom=3.1633|qcls=2.5599|div=-8.0564|sda=1.3296|rho=1.000|grl=1.000|lr=1.81e-04
Validation result: loss=0.1000, acc=0.98, f1=0.8814
Validation F1 did not improve from 0.9114.
TRAIN_EPOCH|epoch=73/100|steps=579|total=-0.9732|cls=0.0282|qdom=3.1993|qcls=2.5382|div=-8.0398|sda=1.3010|rho=1.000|grl=1.000|lr=1.69e-04
Validation result: loss=0.1060, acc=0.97, f1=0.8766
Validation F1 did not improve from 0.9114.
TRAIN_EPOCH|epoch=74/100|steps=579|total=-1.1066|cls=0.0274|qdom=3.1846|qcls=2.4528|div=-8.0706|sda=1.2991|rho=1.000|grl=1.000|lr=1.58e-04
Validation result: loss=0.1065, acc=0.97, f1=0.8661
Validation F1 did not improve from 0.9114.
TRAIN_EPOCH|epoch=75/100|steps=579|total=-1.1774|cls=0.0256|qdom=3.0974|qcls=2.4379|div=-8.0376|sda=1.2993|rho=1.000|grl=1.000|lr=1.46e-04
Validation result: loss=0.1098, acc=0.97, f1=0.8577
Validation F1 did not improve from 0.9114.
TRAIN_EPOCH|epoch=76/100|steps=579|total=-1.1489|cls=0.0245|qdom=3.1478|qcls=2.4588|div=-8.0624|sda=1.2823|rho=1.000|grl=1.000|lr=1.36e-04
Validation result: loss=0.1191, acc=0.97, f1=0.8589
Validation F1 did not improve from 0.9114.
TRAIN_EPOCH|epoch=77/100|steps=579|total=-1.1426|cls=0.0242|qdom=3.1532|qcls=2.4636|div=-8.0719|sda=1.2883|rho=1.000|grl=1.000|lr=1.25e-04
Validation result: loss=0.1095, acc=0.98, f1=0.8653
Validation F1 did not improve from 0.9114.
TRAIN_EPOCH|epoch=78/100|steps=579|total=-1.0437|cls=0.0241|qdom=3.1884|qcls=2.4957|div=-8.0534|sda=1.3015|rho=1.000|grl=1.000|lr=1.15e-04
Validation result: loss=0.1119, acc=0.97, f1=0.8718
Validation F1 did not improve from 0.9114.
TRAIN_EPOCH|epoch=79/100|steps=579|total=-1.0250|cls=0.0243|qdom=3.2029|qcls=2.5347|div=-8.0759|sda=1.2890|rho=1.000|grl=1.000|lr=1.05e-04
Validation result: loss=0.1154, acc=0.97, f1=0.8558
Validation F1 did not improve from 0.9114.
TRAIN_EPOCH|epoch=80/100|steps=579|total=-1.0059|cls=0.0229|qdom=3.2441|qcls=2.5287|div=-8.0847|sda=1.2831|rho=1.000|grl=1.000|lr=9.55e-05
Validation result: loss=0.1125, acc=0.98, f1=0.8809
Validation F1 did not improve from 0.9114.
TRAIN_EPOCH|epoch=81/100|steps=579|total=-0.9456|cls=0.0222|qdom=3.2608|qcls=2.5600|div=-8.0619|sda=1.2733|rho=1.000|grl=1.000|lr=8.65e-05
Validation result: loss=0.1085, acc=0.98, f1=0.8522
Validation F1 did not improve from 0.9114.
TRAIN_EPOCH|epoch=82/100|steps=579|total=-0.8950|cls=0.0224|qdom=3.2570|qcls=2.6153|div=-8.0711|sda=1.2814|rho=1.000|grl=1.000|lr=7.78e-05
Validation result: loss=0.1139, acc=0.98, f1=0.8534
Validation F1 did not improve from 0.9114.
TRAIN_EPOCH|epoch=83/100|steps=579|total=-0.8274|cls=0.0219|qdom=3.2796|qcls=2.6381|div=-8.0513|sda=1.2843|rho=1.000|grl=1.000|lr=6.96e-05
Validation result: loss=0.1136, acc=0.97, f1=0.8578
Validation F1 did not improve from 0.9114.
TRAIN_EPOCH|epoch=84/100|steps=579|total=-0.8506|cls=0.0212|qdom=3.2995|qcls=2.6155|div=-8.0767|sda=1.2899|rho=1.000|grl=1.000|lr=6.18e-05
Validation result: loss=0.1150, acc=0.97, f1=0.8606
Validation F1 did not improve from 0.9114.
TRAIN_EPOCH|epoch=85/100|steps=579|total=-0.7093|cls=0.0221|qdom=3.3447|qcls=2.6985|div=-8.0691|sda=1.2945|rho=1.000|grl=1.000|lr=5.45e-05
Validation result: loss=0.1192, acc=0.97, f1=0.8673
Validation F1 did not improve from 0.9114.
TRAIN_EPOCH|epoch=86/100|steps=579|total=-0.7345|cls=0.0217|qdom=3.3270|qcls=2.6801|div=-8.0508|sda=1.2874|rho=1.000|grl=1.000|lr=4.76e-05
Validation result: loss=0.1106, acc=0.98, f1=0.8722
Validation F1 did not improve from 0.9114.
TRAIN_EPOCH|epoch=87/100|steps=579|total=-0.8915|cls=0.0200|qdom=3.2541|qcls=2.6147|div=-8.0619|sda=1.2816|rho=1.000|grl=1.000|lr=4.11e-05
Validation result: loss=0.1130, acc=0.97, f1=0.8687
Validation F1 did not improve from 0.9114.
TRAIN_EPOCH|epoch=88/100|steps=579|total=-0.8773|cls=0.0201|qdom=3.2223|qcls=2.6359|div=-8.0412|sda=1.2857|rho=1.000|grl=1.000|lr=3.51e-05
Validation result: loss=0.1128, acc=0.98, f1=0.8651
Validation F1 did not improve from 0.9114.
TRAIN_EPOCH|epoch=89/100|steps=579|total=-0.7502|cls=0.0200|qdom=3.2955|qcls=2.7001|div=-8.0636|sda=1.2978|rho=1.000|grl=1.000|lr=2.96e-05
Validation result: loss=0.1128, acc=0.98, f1=0.8668
Validation F1 did not improve from 0.9114.
TRAIN_EPOCH|epoch=90/100|steps=579|total=-0.8068|cls=0.0206|qdom=3.2770|qcls=2.6567|div=-8.0558|sda=1.2947|rho=1.000|grl=1.000|lr=2.45e-05
Validation result: loss=0.1211, acc=0.97, f1=0.8615
Validation F1 did not improve from 0.9114.
TRAIN_EPOCH|epoch=91/100|steps=579|total=-0.7824|cls=0.0198|qdom=3.2923|qcls=2.6903|div=-8.0811|sda=1.2963|rho=1.000|grl=1.000|lr=1.99e-05
Validation result: loss=0.1200, acc=0.97, f1=0.8513
Validation F1 did not improve from 0.9114.
TRAIN_EPOCH|epoch=92/100|steps=579|total=-0.7783|cls=0.0197|qdom=3.2990|qcls=2.6822|div=-8.0738|sda=1.2947|rho=1.000|grl=1.000|lr=1.57e-05
Validation result: loss=0.1214, acc=0.97, f1=0.8648
Validation F1 did not improve from 0.9114.
TRAIN_EPOCH|epoch=93/100|steps=579|total=-0.7507|cls=0.0195|qdom=3.2967|qcls=2.6968|div=-8.0541|sda=1.2905|rho=1.000|grl=1.000|lr=1.20e-05
Validation result: loss=0.1186, acc=0.97, f1=0.8641
Validation F1 did not improve from 0.9114.
